10049 image 0 state 0 difference 0.006134 seconds 14.89
10049 image 0 state 1 difference 0.000206 seconds 23.07
10049 image 1 state 0 difference 0.008898 seconds 31.18
10049 image 1 state 1 difference 0.000429 seconds 39.36
10049 image 2 state 0 difference 0.001105 seconds 47.66
10049 image 2 state 1 difference 0.00137 seconds 56.06
10049 image 3 state 0 difference 0.004524 seconds 64.43
10049 image 3 state 1 difference 0.001725 seconds 73.03
10049 image 4 state 0 difference 0.001438 seconds 81.34
10049 image 4 state 1 difference 0.001538 seconds 89.77
10049 image 5 state 0 difference 0.004915 seconds 98.24
10049 image 5 state 1 difference 0.00859 seconds 106.53
10049 image 6 state 0 difference 0.001 seconds 115.0
10049 image 6 state 1 difference 0.001798 seconds 123.36
10049 image 7 state 0 difference 0.000612 seconds 131.78
10049 image 7 state 1 difference 0.000914 seconds 140.13
10049 image 8 state 0 difference 0.000686 seconds 148.53
10049 image 8 state 1 difference 0.00149 seconds 156.93
10049 image 9 state 0 difference 0.04558 seconds 165.44
10049 image 9 state 1 difference 0.034174 seconds 173.94
10049 image 10 state 0 difference 0.035401 seconds 182.27
10049 image 10 state 1 difference 0.004063 seconds 190.57
10049 image 11 state 0 difference 0.003363 seconds 199.0
10049 image 11 state 1 difference 0.015567 seconds 207.44
10049 image 12 state 0 difference 0.00314 seconds 215.73
10049 image 12 state 1 difference 0.051809 seconds 223.96
10049 image 13 state 0 difference 0.008926 seconds 232.36
10049 image 13 state 1 difference 0.000618 seconds 240.69
10049 image 14 state 0 difference 0.001899 seconds 249.1
10049 image 14 state 1 difference 0.000944 seconds 257.48
10049 image 15 state 0 difference 0.000822 seconds 265.86
10049 image 15 state 1 difference 0.000251 seconds 274.25
10049 image 16 state 0 difference 0.053978 seconds 282.76
10049 image 16 state 1 difference 0.006154 seconds 291.24
10049 image 17 state 0 difference 0.003797 seconds 299.74
10049 image 17 state 1 difference 0.004161 seconds 308.25
10049 image 18 state 0 difference 0.007484 seconds 316.75
10049 image 18 state 1 difference 0.00219 seconds 325.27
10049 image 19 state 0 difference 0.000144 seconds 333.76
10049 image 19 state 1 difference 0.001882 seconds 342.27
10049 image 20 state 0 difference 0.000583 seconds 350.68
10049 image 20 state 1 difference 0.012962 seconds 359.08
10049 image 21 state 0 difference 0.004794 seconds 367.56
10049 image 21 state 1 difference 0.003564 seconds 376.05
10049 image 22 state 0 difference 0.004834 seconds 384.46
10049 image 22 state 1 difference 0.000187 seconds 392.81
10049 image 23 state 0 difference 0.002872 seconds 401.18
10049 image 23 state 1 difference 0.000647 seconds 409.5
10049 image 24 state 0 difference 0.006005 seconds 417.87
10049 image 24 state 1 difference 0.00419 seconds 426.22
10049 image 25 state 0 difference 0.057787 seconds 434.5
10049 image 25 state 1 difference 0.003361 seconds 442.86
10049 image 26 state 0 difference 0.001119 seconds 451.24
10049 image 26 state 1 difference 4.8e-05 seconds 459.61
10049 image 27 state 0 difference 0.000804 seconds 467.96
10049 image 27 state 1 difference 0.003129 seconds 476.37
10049 image 28 state 0 difference 0.004588 seconds 484.62
10049 image 28 state 1 difference 0.002135 seconds 492.98
10049 image 29 state 0 difference 1.8e-05 seconds 501.28
10049 image 29 state 1 difference 0.001344 seconds 509.56
10049 image 30 state 0 difference 0.000642 seconds 517.92
10049 image 30 state 1 difference 0.000491 seconds 526.35
10049 image 31 state 0 difference 0.005097 seconds 534.8
10049 image 31 state 1 difference 0.000417 seconds 543.2
10049 image 32 state 0 difference 0.006794 seconds 551.62
10049 image 32 state 1 difference 0.001391 seconds 560.03
10049 image 33 state 0 difference 0.000821 seconds 568.44
10049 image 33 state 1 difference 0.004042 seconds 576.87
10049 image 34 state 0 difference 0.071384 seconds 585.33
10049 image 34 state 1 difference 0.058617 seconds 593.78
10049 image 35 state 0 difference 0.003427 seconds 602.16
10049 image 35 state 1 difference 0.007393 seconds 610.52
10049 image 36 state 0 difference 0.004045 seconds 618.94
10049 image 36 state 1 difference 0.001855 seconds 627.25
10049 image 37 state 0 difference 0.001111 seconds 635.75
10049 image 37 state 1 difference 0.003287 seconds 644.22
10049 image 38 state 0 difference 0.000289 seconds 652.72
10049 image 38 state 1 difference 0.001433 seconds 661.21
10049 image 39 state 0 difference 0.00349 seconds 669.7
10049 image 39 state 1 difference 0.003743 seconds 678.17
10049 image 40 state 0 difference 0.000508 seconds 686.76
10049 image 40 state 1 difference 0.006456 seconds 695.34
10049 image 41 state 0 difference 0.0072 seconds 703.84
10049 image 41 state 1 difference 0.005446 seconds 712.38
10049 image 42 state 0 difference 0.005599 seconds 720.86
10049 image 42 state 1 difference 0.013658 seconds 729.35
10049 image 43 state 0 difference 0.021106 seconds 737.81
10049 image 43 state 1 difference 0.000425 seconds 746.19
10049 image 44 state 0 difference 0.004357 seconds 754.7
10049 image 44 state 1 difference 1.9e-05 seconds 763.18
10049 image 45 state 0 difference 0.045176 seconds 771.69
10049 image 45 state 1 difference 0.031864 seconds 780.13
10049 image 46 state 0 difference 0.003635 seconds 788.62
10049 image 46 state 1 difference 0.001648 seconds 797.13
10049 image 47 state 0 difference 0.002869 seconds 805.6
10049 image 47 state 1 difference 0.002379 seconds 814.12
10049 image 48 state 0 difference 0.070229 seconds 822.51
10049 image 48 state 1 difference 0.004248 seconds 830.98
10049 image 49 state 0 difference 0.001543 seconds 839.52
10049 image 49 state 1 difference 0.010223 seconds 848.05
10049 image 50 state 0 difference 0.093766 seconds 856.55
10049 image 50 state 1 difference 0.057134 seconds 865.04
10049 image 51 state 0 difference 0.02635 seconds 873.54
10049 image 51 state 1 difference 0.012403 seconds 882.04
10049 image 52 state 0 difference 0.003908 seconds 890.59
10049 image 52 state 1 difference 0.008574 seconds 898.96
10049 image 53 state 0 difference 0.001395 seconds 907.29
10049 image 53 state 1 difference 0.002206 seconds 915.66
10049 image 54 state 0 difference 0.009727 seconds 924.04
10049 image 54 state 1 difference 0.000708 seconds 932.56
10049 image 55 state 0 difference 0.003183 seconds 940.94
10049 image 55 state 1 difference 0.00065 seconds 949.31
10049 image 56 state 0 difference 0.017083 seconds 957.73
10049 image 56 state 1 difference 0.018532 seconds 966.16
10049 image 57 state 0 difference 0.061932 seconds 974.65
10049 image 57 state 1 difference 0.022637 seconds 983.08
10049 image 58 state 0 difference 0.002066 seconds 991.5
10049 image 58 state 1 difference 0.002497 seconds 999.88
10049 image 59 state 0 difference 0.000875 seconds 1008.26
10049 image 59 state 1 difference 0.00346 seconds 1016.67
10049 image 60 state 0 difference 0.001006 seconds 1025.05
10049 image 60 state 1 difference 0.005497 seconds 1033.54
10049 image 61 state 0 difference 6e-06 seconds 1041.84
10049 image 61 state 1 difference 0.008935 seconds 1050.2
10049 image 62 state 0 difference 0.001121 seconds 1058.46
10049 image 62 state 1 difference 0.007251 seconds 1066.8
10049 image 63 state 0 difference 0.014091 seconds 1074.99
10049 image 63 state 1 difference 0.00451 seconds 1083.24
COMPLETE 10049 1083.2384934580186 {'fraction_ratio_difference_at_most_001': 0.8046875, 'median_ess': [[2690.425270085176, 2675.7809706838752], [2603.865842801334, 2729.7149520180874]], 'passed': False}
