10076 image 0 state 0 difference 0.014965 seconds 14.79
10076 image 0 state 1 difference 0.008388 seconds 23.06
10076 image 1 state 0 difference 0.007865 seconds 31.3
10076 image 1 state 1 difference 0.051462 seconds 39.67
10076 image 2 state 0 difference 0.002425 seconds 48.1
10076 image 2 state 1 difference 0.000129 seconds 56.5
10076 image 3 state 0 difference 0.00665 seconds 64.86
10076 image 3 state 1 difference 4.9e-05 seconds 73.22
10076 image 4 state 0 difference 0.013682 seconds 81.72
10076 image 4 state 1 difference 0.00646 seconds 90.15
10076 image 5 state 0 difference 0.004017 seconds 98.47
10076 image 5 state 1 difference 0.025232 seconds 106.88
10076 image 6 state 0 difference 0.006216 seconds 115.42
10076 image 6 state 1 difference 0.025293 seconds 123.95
10076 image 7 state 0 difference 0.024316 seconds 132.35
10076 image 7 state 1 difference 0.00913 seconds 140.71
10076 image 8 state 0 difference 0.000385 seconds 149.02
10076 image 8 state 1 difference 0.00149 seconds 157.49
10076 image 9 state 0 difference 0.024649 seconds 165.79
10076 image 9 state 1 difference 0.03317 seconds 174.14
10076 image 10 state 0 difference 0.016564 seconds 182.46
10076 image 10 state 1 difference 0.019898 seconds 190.79
10076 image 11 state 0 difference 0.009826 seconds 199.2
10076 image 11 state 1 difference 0.011003 seconds 207.62
10076 image 12 state 0 difference 0.0006 seconds 215.99
10076 image 12 state 1 difference 0.00038 seconds 224.35
10076 image 13 state 0 difference 0.013289 seconds 232.7
10076 image 13 state 1 difference 0.000765 seconds 241.03
10076 image 14 state 0 difference 0.001409 seconds 249.55
10076 image 14 state 1 difference 0.04702 seconds 257.9
10076 image 15 state 0 difference 0.01523 seconds 266.5
10076 image 15 state 1 difference 0.010284 seconds 274.81
10076 image 16 state 0 difference 0.03364 seconds 283.15
10076 image 16 state 1 difference 0.005897 seconds 291.49
10076 image 17 state 0 difference 0.022437 seconds 299.79
10076 image 17 state 1 difference 0.002831 seconds 308.15
10076 image 18 state 0 difference 0.020511 seconds 316.44
10076 image 18 state 1 difference 0.042472 seconds 324.73
10076 image 19 state 0 difference 0.008246 seconds 333.05
10076 image 19 state 1 difference 0.022337 seconds 341.46
10076 image 20 state 0 difference 0.015683 seconds 349.84
10076 image 20 state 1 difference 0.008304 seconds 358.2
10076 image 21 state 0 difference 0.011694 seconds 366.54
10076 image 21 state 1 difference 0.013115 seconds 374.86
10076 image 22 state 0 difference 0.028268 seconds 383.23
10076 image 22 state 1 difference 0.0292 seconds 391.7
10076 image 23 state 0 difference 0.005956 seconds 400.24
10076 image 23 state 1 difference 0.002521 seconds 408.76
10076 image 24 state 0 difference 0.011207 seconds 417.24
10076 image 24 state 1 difference 0.006208 seconds 425.72
10076 image 25 state 0 difference 0.006519 seconds 434.21
10076 image 25 state 1 difference 0.00752 seconds 442.76
10076 image 26 state 0 difference 0.028033 seconds 451.2
10076 image 26 state 1 difference 0.021417 seconds 459.65
10076 image 27 state 0 difference 0.007229 seconds 468.11
10076 image 27 state 1 difference 0.001228 seconds 476.57
10076 image 28 state 0 difference 0.003989 seconds 485.05
10076 image 28 state 1 difference 0.055003 seconds 493.6
10076 image 29 state 0 difference 0.001737 seconds 502.07
10076 image 29 state 1 difference 0.006304 seconds 510.56
10076 image 30 state 0 difference 0.009716 seconds 519.0
10076 image 30 state 1 difference 0.00864 seconds 527.52
10076 image 31 state 0 difference 0.004863 seconds 536.1
10076 image 31 state 1 difference 0.005269 seconds 544.67
10076 image 32 state 0 difference 0.028402 seconds 552.99
10076 image 32 state 1 difference 0.002002 seconds 561.36
10076 image 33 state 0 difference 0.02918 seconds 569.79
10076 image 33 state 1 difference 0.008525 seconds 578.31
10076 image 34 state 0 difference 0.000639 seconds 586.7
10076 image 34 state 1 difference 0.001158 seconds 595.12
10076 image 35 state 0 difference 0.004503 seconds 603.52
10076 image 35 state 1 difference 0.012089 seconds 611.99
10076 image 36 state 0 difference 0.007974 seconds 620.44
10076 image 36 state 1 difference 0.009774 seconds 628.82
10076 image 37 state 0 difference 0.005142 seconds 637.21
10076 image 37 state 1 difference 0.005374 seconds 645.6
10076 image 38 state 0 difference 0.002446 seconds 653.99
10076 image 38 state 1 difference 0.006306 seconds 662.33
10076 image 39 state 0 difference 0.007024 seconds 670.69
10076 image 39 state 1 difference 0.009737 seconds 679.07
10076 image 40 state 0 difference 0.015611 seconds 687.46
10076 image 40 state 1 difference 0.011575 seconds 695.87
10076 image 41 state 0 difference 0.000266 seconds 704.19
10076 image 41 state 1 difference 0.000273 seconds 712.56
10076 image 42 state 0 difference 0.006609 seconds 720.83
10076 image 42 state 1 difference 0.040834 seconds 729.11
10076 image 43 state 0 difference 0.001816 seconds 737.46
10076 image 43 state 1 difference 0.004759 seconds 745.76
10076 image 44 state 0 difference 0.050165 seconds 754.1
10076 image 44 state 1 difference 0.00794 seconds 762.41
10076 image 45 state 0 difference 0.004894 seconds 770.79
10076 image 45 state 1 difference 0.000209 seconds 779.1
10076 image 46 state 0 difference 0.007099 seconds 787.37
10076 image 46 state 1 difference 0.002994 seconds 795.71
10076 image 47 state 0 difference 0.020581 seconds 804.05
10076 image 47 state 1 difference 0.00366 seconds 812.41
10076 image 48 state 0 difference 0.010707 seconds 820.83
10076 image 48 state 1 difference 0.002306 seconds 829.22
10076 image 49 state 0 difference 0.002171 seconds 837.64
10076 image 49 state 1 difference 0.016506 seconds 846.06
10076 image 50 state 0 difference 0.000676 seconds 854.41
10076 image 50 state 1 difference 0.011665 seconds 862.74
10076 image 51 state 0 difference 0.003291 seconds 871.09
10076 image 51 state 1 difference 0.015476 seconds 879.49
10076 image 52 state 0 difference 0.002478 seconds 887.86
10076 image 52 state 1 difference 0.024916 seconds 896.27
10076 image 53 state 0 difference 0.073842 seconds 904.66
10076 image 53 state 1 difference 0.002911 seconds 913.06
10076 image 54 state 0 difference 0.000809 seconds 921.47
10076 image 54 state 1 difference 0.010743 seconds 929.83
10076 image 55 state 0 difference 0.000592 seconds 938.19
10076 image 55 state 1 difference 0.001826 seconds 946.53
10076 image 56 state 0 difference 0.000346 seconds 955.03
10076 image 56 state 1 difference 0.000572 seconds 963.5
10076 image 57 state 0 difference 0.009783 seconds 971.9
10076 image 57 state 1 difference 0.050171 seconds 980.32
10076 image 58 state 0 difference 0.001704 seconds 988.95
10076 image 58 state 1 difference 0.050087 seconds 997.44
10076 image 59 state 0 difference 0.015224 seconds 1005.8
10076 image 59 state 1 difference 0.020818 seconds 1014.19
10076 image 60 state 0 difference 0.008089 seconds 1022.54
10076 image 60 state 1 difference 0.009764 seconds 1030.96
10076 image 61 state 0 difference 0.007699 seconds 1039.29
10076 image 61 state 1 difference 0.004874 seconds 1047.73
10076 image 62 state 0 difference 0.00315 seconds 1055.92
10076 image 62 state 1 difference 0.007201 seconds 1064.06
10076 image 63 state 0 difference 0.011364 seconds 1072.31
10076 image 63 state 1 difference 0.000567 seconds 1080.53
COMPLETE 10076 1080.5287856659852 {'fraction_ratio_difference_at_most_001': 0.6171875, 'median_ess': [[226.6148841355401, 191.59958617729603], [246.3779363019789, 243.00288457581019]], 'passed': False}
