10028 image 0 state 0 difference 0.000223 seconds 13.95
10028 image 0 state 1 difference 0.000122 seconds 21.59
10028 image 1 state 0 difference 0.000181 seconds 29.18
10028 image 1 state 1 difference 8e-05 seconds 37.13
10028 image 2 state 0 difference 2.4e-05 seconds 45.04
10028 image 2 state 1 difference 9.4e-05 seconds 53.22
10028 image 3 state 0 difference 7.4e-05 seconds 61.35
10028 image 3 state 1 difference 8.2e-05 seconds 69.58
10028 image 4 state 0 difference 0.000883 seconds 77.75
10028 image 4 state 1 difference 0.001696 seconds 86.01
10028 image 5 state 0 difference 0.000457 seconds 94.57
10028 image 5 state 1 difference 0.002233 seconds 102.9
10028 image 6 state 0 difference 1.6e-05 seconds 111.3
10028 image 6 state 1 difference 1.1e-05 seconds 119.67
10028 image 7 state 0 difference 0.000572 seconds 127.98
10028 image 7 state 1 difference 0.000346 seconds 136.34
10028 image 8 state 0 difference 0.000157 seconds 144.6
10028 image 8 state 1 difference 5.8e-05 seconds 152.88
10028 image 9 state 0 difference 0.001231 seconds 161.32
10028 image 9 state 1 difference 0.000128 seconds 169.6
10028 image 10 state 0 difference 0.000343 seconds 178.03
10028 image 10 state 1 difference 0.000255 seconds 186.43
10028 image 11 state 0 difference 0.000195 seconds 194.97
10028 image 11 state 1 difference 0.000419 seconds 203.31
10028 image 12 state 0 difference 0.000776 seconds 211.7
10028 image 12 state 1 difference 0.00035 seconds 220.07
10028 image 13 state 0 difference 0.000171 seconds 228.47
10028 image 13 state 1 difference 0.00094 seconds 236.85
10028 image 14 state 0 difference 0.000199 seconds 245.2
10028 image 14 state 1 difference 0.000332 seconds 253.68
10028 image 15 state 0 difference 0.001354 seconds 262.16
10028 image 15 state 1 difference 0.00081 seconds 270.6
10028 image 16 state 0 difference 0.000641 seconds 279.0
10028 image 16 state 1 difference 0.000228 seconds 287.33
10028 image 17 state 0 difference 0.00022 seconds 295.82
10028 image 17 state 1 difference 0.000195 seconds 304.26
10028 image 18 state 0 difference 0.000318 seconds 312.74
10028 image 18 state 1 difference 0.000436 seconds 321.14
10028 image 19 state 0 difference 0.000348 seconds 329.48
10028 image 19 state 1 difference 0.000119 seconds 337.85
10028 image 20 state 0 difference 0.001107 seconds 346.14
10028 image 20 state 1 difference 0.001511 seconds 354.43
10028 image 21 state 0 difference 0.000302 seconds 362.81
10028 image 21 state 1 difference 0.000406 seconds 371.16
10028 image 22 state 0 difference 0.001164 seconds 379.49
10028 image 22 state 1 difference 0.000533 seconds 387.81
10028 image 23 state 0 difference 0.000627 seconds 396.15
10028 image 23 state 1 difference 6.4e-05 seconds 404.46
10028 image 24 state 0 difference 0.000976 seconds 413.07
10028 image 24 state 1 difference 0.000175 seconds 421.42
10028 image 25 state 0 difference 8e-06 seconds 429.8
10028 image 25 state 1 difference 0.000255 seconds 438.19
10028 image 26 state 0 difference 0.000917 seconds 446.59
10028 image 26 state 1 difference 0.000184 seconds 454.94
10028 image 27 state 0 difference 0.000131 seconds 463.28
10028 image 27 state 1 difference 0.000509 seconds 471.65
10028 image 28 state 0 difference 4.2e-05 seconds 479.97
10028 image 28 state 1 difference 0.000287 seconds 488.29
10028 image 29 state 0 difference 0.000279 seconds 496.7
10028 image 29 state 1 difference 1.1e-05 seconds 505.02
10028 image 30 state 0 difference 0.00034 seconds 513.3
10028 image 30 state 1 difference 0.000154 seconds 521.64
10028 image 31 state 0 difference 0.000803 seconds 529.95
10028 image 31 state 1 difference 0.000238 seconds 538.27
10028 image 32 state 0 difference 0.000314 seconds 546.64
10028 image 32 state 1 difference 0.000882 seconds 555.11
10028 image 33 state 0 difference 0.000814 seconds 563.54
10028 image 33 state 1 difference 0.000238 seconds 572.0
10028 image 34 state 0 difference 0.000143 seconds 580.44
10028 image 34 state 1 difference 0.000117 seconds 588.91
10028 image 35 state 0 difference 0.000208 seconds 597.32
10028 image 35 state 1 difference 0.000295 seconds 605.59
10028 image 36 state 0 difference 0.000656 seconds 614.16
10028 image 36 state 1 difference 0.000219 seconds 622.52
10028 image 37 state 0 difference 0.001539 seconds 630.96
10028 image 37 state 1 difference 0.000649 seconds 639.37
10028 image 38 state 0 difference 0.000278 seconds 647.82
10028 image 38 state 1 difference 1e-05 seconds 656.23
10028 image 39 state 0 difference 0.001413 seconds 664.51
10028 image 39 state 1 difference 0.000204 seconds 672.78
10028 image 40 state 0 difference 0.000227 seconds 681.15
10028 image 40 state 1 difference 0.000466 seconds 689.53
10028 image 41 state 0 difference 0.000504 seconds 697.86
10028 image 41 state 1 difference 0.000454 seconds 706.23
10028 image 42 state 0 difference 0.001579 seconds 714.62
10028 image 42 state 1 difference 0.000231 seconds 723.01
10028 image 43 state 0 difference 0.000684 seconds 731.36
10028 image 43 state 1 difference 3.5e-05 seconds 739.74
10028 image 44 state 0 difference 0.0014 seconds 748.15
10028 image 44 state 1 difference 0.001136 seconds 756.53
10028 image 45 state 0 difference 0.000544 seconds 764.93
10028 image 45 state 1 difference 0.000306 seconds 773.28
10028 image 46 state 0 difference 0.000239 seconds 781.56
10028 image 46 state 1 difference 0.000143 seconds 789.86
10028 image 47 state 0 difference 0.000295 seconds 798.29
10028 image 47 state 1 difference 0.000278 seconds 806.66
10028 image 48 state 0 difference 0.000544 seconds 815.03
10028 image 48 state 1 difference 0.000217 seconds 823.48
10028 image 49 state 0 difference 0.00013 seconds 831.8
10028 image 49 state 1 difference 0.00102 seconds 840.17
10028 image 50 state 0 difference 0.000247 seconds 848.59
10028 image 50 state 1 difference 7.8e-05 seconds 857.03
10028 image 51 state 0 difference 0.000381 seconds 865.27
10028 image 51 state 1 difference 0.000504 seconds 873.52
10028 image 52 state 0 difference 7.4e-05 seconds 881.86
10028 image 52 state 1 difference 0.000396 seconds 890.18
10028 image 53 state 0 difference 4.6e-05 seconds 898.58
10028 image 53 state 1 difference 0.000515 seconds 906.98
10028 image 54 state 0 difference 0.003534 seconds 915.38
10028 image 54 state 1 difference 0.002767 seconds 923.95
10028 image 55 state 0 difference 0.000504 seconds 932.33
10028 image 55 state 1 difference 3.8e-05 seconds 940.78
10028 image 56 state 0 difference 0.000368 seconds 949.25
10028 image 56 state 1 difference 0.000233 seconds 957.67
10028 image 57 state 0 difference 7.3e-05 seconds 966.08
10028 image 57 state 1 difference 0.000272 seconds 974.48
10028 image 58 state 0 difference 0.000191 seconds 983.01
10028 image 58 state 1 difference 8.7e-05 seconds 991.4
10028 image 59 state 0 difference 0.000117 seconds 999.84
10028 image 59 state 1 difference 0.000118 seconds 1008.17
10028 image 60 state 0 difference 0.000262 seconds 1016.65
10028 image 60 state 1 difference 0.000103 seconds 1025.03
10028 image 61 state 0 difference 0.000321 seconds 1033.56
10028 image 61 state 1 difference 0.000943 seconds 1041.96
10028 image 62 state 0 difference 8e-05 seconds 1050.47
10028 image 62 state 1 difference 1.1e-05 seconds 1058.97
10028 image 63 state 0 difference 0.001263 seconds 1067.42
10028 image 63 state 1 difference 0.001536 seconds 1075.94
COMPLETE 10028 1075.9435495829675 {'fraction_ratio_difference_at_most_001': 1.0, 'median_ess': [[4523.490048228797, 4530.373396420167], [4530.373549481534, 4520.996210475257]], 'passed': True}
