10028 stage 0 completed 8192 seconds 7.16
10028 stage 0 completed 16384 seconds 12.59
10028 stage 0 completed 24576 seconds 18.06
10028 stage 0 completed 32768 seconds 23.5
10028 stage 0 completed 40960 seconds 28.96
10028 stage 0 completed 49152 seconds 34.48
10028 stage 0 completed 57344 seconds 39.98
10028 stage 0 completed 65536 seconds 45.44
10028 stage 0 completed 73728 seconds 50.93
10028 stage 0 completed 81920 seconds 56.42
10028 stage 0 completed 90112 seconds 61.9
10028 stage 0 completed 98304 seconds 67.43
10028 stage 0 completed 106496 seconds 72.93
10028 stage 0 completed 114688 seconds 78.53
10028 stage 0 completed 122880 seconds 84.04
10028 stage 0 completed 131072 seconds 89.62
10028 stage 1 completed 8192 seconds 96.5
10028 stage 1 completed 16384 seconds 102.09
10028 stage 1 completed 24576 seconds 107.65
10028 stage 1 completed 32768 seconds 113.22
10028 stage 1 completed 40960 seconds 118.83
10028 stage 1 completed 49152 seconds 124.41
10028 stage 1 completed 57344 seconds 130.04
10028 stage 1 completed 65536 seconds 135.64
10028 stage 1 completed 73728 seconds 141.26
10028 stage 1 completed 81920 seconds 146.89
10028 stage 1 completed 90112 seconds 152.52
10028 stage 1 completed 98304 seconds 158.16
10028 stage 1 completed 106496 seconds 163.84
10028 stage 1 completed 114688 seconds 169.5
10028 stage 1 completed 122880 seconds 175.16
10028 stage 1 completed 131072 seconds 180.86
10028 power_fixed calibrated removed bound 0.4184124660998219 heldout true frequency 0.46189117431640625
10028 power_range09_11 calibrated removed bound 0.48380698526554033 heldout true frequency 0.478790283203125
10028 power_bispectrum_fixed calibrated removed bound 0.4219727550014594 heldout true frequency 0.466796875
10028 power_bispectrum_range09_11 calibrated removed bound 0.477136523906914 heldout true frequency 0.47357940673828125
10049 stage 0 completed 8192 seconds 188.95
10049 stage 0 completed 16384 seconds 194.6
10049 stage 0 completed 24576 seconds 200.38
10049 stage 0 completed 32768 seconds 206.07
10049 stage 0 completed 40960 seconds 211.82
10049 stage 0 completed 49152 seconds 217.52
10049 stage 0 completed 57344 seconds 223.25
10049 stage 0 completed 65536 seconds 228.95
10049 stage 0 completed 73728 seconds 234.69
10049 stage 0 completed 81920 seconds 240.44
10049 stage 0 completed 90112 seconds 246.17
10049 stage 0 completed 98304 seconds 251.93
10049 stage 0 completed 106496 seconds 257.67
10049 stage 0 completed 114688 seconds 263.39
10049 stage 0 completed 122880 seconds 269.15
10049 stage 0 completed 131072 seconds 274.85
10049 stage 1 completed 8192 seconds 282.03
10049 stage 1 completed 16384 seconds 287.76
10049 stage 1 completed 24576 seconds 293.49
10049 stage 1 completed 32768 seconds 299.28
10049 stage 1 completed 40960 seconds 305.02
10049 stage 1 completed 49152 seconds 310.78
10049 stage 1 completed 57344 seconds 316.53
10049 stage 1 completed 65536 seconds 322.28
10049 stage 1 completed 73728 seconds 328.05
10049 stage 1 completed 81920 seconds 333.77
10049 stage 1 completed 90112 seconds 339.52
10049 stage 1 completed 98304 seconds 345.21
10049 stage 1 completed 106496 seconds 350.94
10049 stage 1 completed 114688 seconds 356.61
10049 stage 1 completed 122880 seconds 362.27
10049 stage 1 completed 131072 seconds 367.95
10049 power_fixed calibrated removed bound 0.4304905608947971 heldout true frequency 0.46147918701171875
10049 power_range09_11 calibrated removed bound 0.42841279274092053 heldout true frequency 0.43924713134765625
10049 power_bispectrum_fixed calibrated removed bound 0.42631203063838163 heldout true frequency 0.45940399169921875
10049 power_bispectrum_range09_11 calibrated removed bound 0.4428639343921376 heldout true frequency 0.45581817626953125
COMPLETE 12 368.84617483301554
