10049 frozen score power_raw {"design_removal": 0.25, "remove_scale": false, "original_direction_norm": 0.10019165197358187, "zero_direction": false, "training_null_mean": -1.1778821790130796, "training_design_alternative_mean": -1.0776905270394979, "threshold": -1.1277863530262886, "power_scale_mean": -1.1778821790130796, "bispectrum_scale_mean": 0.0}
10049 frozen score power_scale_orthogonal {"design_removal": 0.25, "remove_scale": true, "original_direction_norm": 0.04622989949902729, "zero_direction": false, "training_null_mean": 4.163336342344337e-16, "training_design_alternative_mean": 0.04622989949902771, "threshold": 0.023114949749514065, "power_scale_mean": 4.163336342344337e-16, "bispectrum_scale_mean": 0.0}
10049 frozen score power_bispectrum_raw {"design_removal": 0.25, "remove_scale": false, "original_direction_norm": 0.10733177539285398, "zero_direction": false, "training_null_mean": -1.1656806609120207, "training_design_alternative_mean": -1.058348885519167, "threshold": -1.1120147732155938, "power_scale_mean": -1.0995249162106004, "bispectrum_scale_mean": -0.0661557447014205}
10049 frozen score power_bispectrum_scale_orthogonal {"design_removal": 0.25, "remove_scale": true, "original_direction_norm": 0.04890540991148261, "zero_direction": false, "training_null_mean": 4.0245584642661925e-16, "training_design_alternative_mean": 0.04890540991148301, "threshold": 0.024452704955741707, "power_scale_mean": 4.85722573273506e-16, "bispectrum_scale_mean": -3.0791341698588326e-17}
10049 stage 1 views 2048 seconds 22.36
10049 stage 1 views 4096 seconds 39.26
10049 stage 1 views 6144 seconds 56.83
10049 stage 1 views 8192 seconds 74.46
10049 stage 1 views 10240 seconds 92.27
10049 stage 1 views 12288 seconds 110.11
10049 stage 1 views 14336 seconds 127.92
10049 stage 1 views 16384 seconds 146.13
10049 stage 1 views 18432 seconds 163.82
10049 stage 1 views 20480 seconds 181.68
10049 stage 1 views 22528 seconds 199.47
10049 stage 1 views 24576 seconds 217.15
10049 stage 1 views 26624 seconds 235.1
10049 stage 1 views 28672 seconds 253.11
10049 stage 1 views 30720 seconds 270.87
10049 stage 1 views 32768 seconds 288.86
10049 stage 2 views 16384 seconds 304.31
10049 stage 2 views 32768 seconds 318.3
10049 stage 2 views 49152 seconds 332.31
10049 stage 2 views 65536 seconds 346.18
10049 stage 2 views 81920 seconds 360.03
10049 stage 2 views 98304 seconds 373.92
10049 stage 2 views 114688 seconds 387.9
10049 stage 2 views 131072 seconds 401.91
COMPLETE 10049 404.7004419579753
