10028 frozen score power_raw {"design_removal": 0.25, "remove_scale": false, "original_direction_norm": 0.14730064760413364, "zero_direction": false, "training_null_mean": -6.7384821644688415, "training_design_alternative_mean": -6.591181516864708, "threshold": -6.664831840666775, "power_scale_mean": -6.7384821644688415, "bispectrum_scale_mean": 0.0}
10028 frozen score power_scale_orthogonal {"design_removal": 0.25, "remove_scale": true, "original_direction_norm": 0.0560545620428104, "zero_direction": false, "training_null_mean": 1.1796119636642288e-15, "training_design_alternative_mean": 0.0560545620428117, "threshold": 0.02802728102140644, "power_scale_mean": 1.1796119636642288e-15, "bispectrum_scale_mean": 0.0}
10028 frozen score power_bispectrum_raw {"design_removal": 0.25, "remove_scale": false, "original_direction_norm": 0.26889929935254175, "zero_direction": false, "training_null_mean": -9.208420808323371, "training_design_alternative_mean": -8.939521508970829, "threshold": -9.073971158647101, "power_scale_mean": -3.6912806730442007, "bispectrum_scale_mean": -5.517140135279169}
10028 frozen score power_bispectrum_scale_orthogonal {"design_removal": 0.25, "remove_scale": true, "original_direction_norm": 0.07920785489667072, "zero_direction": false, "training_null_mean": 2.886579864025407e-15, "training_design_alternative_mean": 0.07920785489667359, "threshold": 0.03960392744833824, "power_scale_mean": 6.938893903907228e-16, "bispectrum_scale_mean": 2.0261570199409107e-15}
10028 stage 1 views 2048 seconds 22.2
10028 stage 1 views 4096 seconds 39.19
10028 stage 1 views 6144 seconds 56.87
10028 stage 1 views 8192 seconds 74.75
10028 stage 1 views 10240 seconds 92.85
10028 stage 1 views 12288 seconds 110.98
10028 stage 1 views 14336 seconds 129.1
10028 stage 1 views 16384 seconds 147.29
10028 stage 1 views 18432 seconds 165.2
10028 stage 1 views 20480 seconds 183.3
10028 stage 1 views 22528 seconds 201.01
10028 stage 1 views 24576 seconds 218.77
10028 stage 1 views 26624 seconds 236.68
10028 stage 1 views 28672 seconds 254.51
10028 stage 1 views 30720 seconds 272.43
10028 stage 1 views 32768 seconds 290.32
10028 stage 2 views 16384 seconds 305.9
10028 stage 2 views 32768 seconds 320.15
10028 stage 2 views 49152 seconds 334.6
10028 stage 2 views 65536 seconds 348.92
10028 stage 2 views 81920 seconds 363.22
10028 stage 2 views 98304 seconds 377.44
10028 stage 2 views 114688 seconds 391.75
10028 stage 2 views 131072 seconds 405.89
COMPLETE 10028 408.62704712501727
