10076 frozen score power_raw {"design_removal": 0.25, "remove_scale": false, "original_direction_norm": 0.01887203346060472, "zero_direction": false, "training_null_mean": -0.516729844811059, "training_design_alternative_mean": -0.4978578113504542, "threshold": -0.5072938280807566, "power_scale_mean": -0.516729844811059, "bispectrum_scale_mean": 0.0}
10076 frozen score power_scale_orthogonal {"design_removal": 0.25, "remove_scale": true, "original_direction_norm": 0.01179038982152654, "zero_direction": false, "training_null_mean": -3.642919299551295e-17, "training_design_alternative_mean": 0.011790389821526536, "threshold": 0.00589519491076325, "power_scale_mean": -3.642919299551295e-17, "bispectrum_scale_mean": 0.0}
10076 frozen score power_bispectrum_raw {"design_removal": 0.25, "remove_scale": false, "original_direction_norm": 0.02027896693895292, "zero_direction": false, "training_null_mean": -0.5216981055086612, "training_design_alternative_mean": -0.5014191385697083, "threshold": -0.5115586220391848, "power_scale_mean": -0.48087966959676437, "bispectrum_scale_mean": -0.04081843591189689}
10076 frozen score power_bispectrum_scale_orthogonal {"design_removal": 0.25, "remove_scale": true, "original_direction_norm": 0.01202155547440959, "zero_direction": false, "training_null_mean": -6.245004513516506e-17, "training_design_alternative_mean": 0.012021555474409546, "threshold": 0.006010777737204742, "power_scale_mean": -4.336808689942018e-17, "bispectrum_scale_mean": -1.723881454251952e-17}
10076 stage 1 views 2048 seconds 22.35
10076 stage 1 views 4096 seconds 39.19
10076 stage 1 views 6144 seconds 56.58
10076 stage 1 views 8192 seconds 74.27
10076 stage 1 views 10240 seconds 92.11
10076 stage 1 views 12288 seconds 110.01
10076 stage 1 views 14336 seconds 127.76
10076 stage 1 views 16384 seconds 145.86
10076 stage 1 views 18432 seconds 163.64
10076 stage 1 views 20480 seconds 181.53
10076 stage 1 views 22528 seconds 199.23
10076 stage 1 views 24576 seconds 217.02
10076 stage 1 views 26624 seconds 234.83
10076 stage 1 views 28672 seconds 252.75
10076 stage 1 views 30720 seconds 270.55
10076 stage 1 views 32768 seconds 288.39
10076 stage 2 views 16384 seconds 303.87
10076 stage 2 views 32768 seconds 317.57
10076 stage 2 views 49152 seconds 331.46
10076 stage 2 views 65536 seconds 345.12
10076 stage 2 views 81920 seconds 358.86
10076 stage 2 views 98304 seconds 372.59
10076 stage 2 views 114688 seconds 386.43
10076 stage 2 views 131072 seconds 400.19
COMPLETE 10076 403.0175924579962
