Collecting jax
  Downloading jax-0.11.2-py3-none-any.whl.metadata (13 kB)
Collecting jaxlib
  Downloading jaxlib-0.11.2-cp313-cp313-macosx_11_0_arm64.whl.metadata (1.3 kB)
Collecting tabulate
  Downloading tabulate-0.10.0-py3-none-any.whl.metadata (40 kB)
Collecting ml_dtypes>=0.5.0 (from jax)
  Downloading ml_dtypes-0.6.0-cp313-cp313-macosx_10_13_universal2.whl.metadata (8.8 kB)
Requirement already satisfied: numpy>=2.1 in /Users/yash/miniconda3/lib/python3.13/site-packages (from jax) (2.3.5)
Collecting opt_einsum (from jax)
  Using cached opt_einsum-3.4.0-py3-none-any.whl.metadata (6.3 kB)
Requirement already satisfied: scipy>=1.15 in /Users/yash/miniconda3/lib/python3.13/site-packages (from jax) (1.16.3)
Downloading jax-0.11.2-py3-none-any.whl (3.3 MB)
   ━━━━━━━━━━━━━━━━━━━━━━━━━━━━━━━━━━━━━━━━ 3.3/3.3 MB 31.5 MB/s  0:00:00
Downloading jaxlib-0.11.2-cp313-cp313-macosx_11_0_arm64.whl (64.9 MB)
   ━━━━━━━━━━━━━━━━━━━━━━━━━━━━━━━━━━━━━━━━ 64.9/64.9 MB 50.1 MB/s  0:00:01
Downloading tabulate-0.10.0-py3-none-any.whl (39 kB)
Downloading ml_dtypes-0.6.0-cp313-cp313-macosx_10_13_universal2.whl (565 kB)
   ━━━━━━━━━━━━━━━━━━━━━━━━━━━━━━━━━━━━━━━━ 565.5/565.5 kB 26.3 MB/s  0:00:00
Using cached opt_einsum-3.4.0-py3-none-any.whl (71 kB)
Installing collected packages: tabulate, opt_einsum, ml_dtypes, jaxlib, jax

Successfully installed jax-0.11.2 jaxlib-0.11.2 ml_dtypes-0.6.0 opt_einsum-3.4.0 tabulate-0.10.0

[notice] A new release of pip is available: 25.2 -> 26.2.1
[notice] To update, run: /Users/yash/Documents/New project/fourier-splats/tmp/counting-baseline-venv/bin/python -m pip install --upgrade pip
