Collecting cvxpy
  Using cached cvxpy-1.9.3-cp313-cp313-macosx_10_13_universal2.whl.metadata (9.7 kB)
Collecting osqp>=1.0.0 (from cvxpy)
  Using cached osqp-1.1.3-cp313-cp313-macosx_11_0_arm64.whl.metadata (2.2 kB)
Collecting clarabel>=0.5.0 (from cvxpy)
  Using cached clarabel-0.11.1-cp39-abi3-macosx_11_0_arm64.whl.metadata (4.8 kB)
Collecting scs>=3.2.4.post1 (from cvxpy)
  Using cached scs-3.3.1-cp313-cp313-macosx_11_0_arm64.whl.metadata (9.1 kB)
Requirement already satisfied: numpy>=2.0.0 in /Users/yash/miniconda3/lib/python3.13/site-packages (from cvxpy) (2.3.5)
Requirement already satisfied: scipy>=1.13.0 in /Users/yash/miniconda3/lib/python3.13/site-packages (from cvxpy) (1.16.3)
Collecting highspy>=1.14.0 (from cvxpy)
  Using cached highspy-1.15.1-cp313-cp313-macosx_11_0_arm64.whl.metadata (12 kB)
Collecting qdldl>=0.1.7.post0 (from cvxpy)
  Using cached qdldl-0.1.9.post1-cp313-cp313-macosx_11_0_arm64.whl.metadata (1.9 kB)
Collecting sparsediffpy<0.7.0,>=0.6.0 (from cvxpy)
  Using cached sparsediffpy-0.6.1-cp313-cp313-macosx_10_13_universal2.whl.metadata (581 bytes)
Requirement already satisfied: cffi in /Users/yash/miniconda3/lib/python3.13/site-packages (from clarabel>=0.5.0->cvxpy) (2.0.0)
Collecting jinja2 (from osqp>=1.0.0->cvxpy)
  Using cached jinja2-3.1.6-py3-none-any.whl.metadata (2.9 kB)
Requirement already satisfied: setuptools in /Users/yash/miniconda3/lib/python3.13/site-packages (from osqp>=1.0.0->cvxpy) (80.9.0)
Collecting joblib (from osqp>=1.0.0->cvxpy)
  Using cached joblib-1.6.0-py3-none-any.whl.metadata (6.5 kB)
Requirement already satisfied: pycparser in /Users/yash/miniconda3/lib/python3.13/site-packages (from cffi->clarabel>=0.5.0->cvxpy) (2.23)
Collecting MarkupSafe>=2.0 (from jinja2->osqp>=1.0.0->cvxpy)
  Using cached markupsafe-3.0.3-cp313-cp313-macosx_11_0_arm64.whl.metadata (2.7 kB)
Collecting cloudpickle>=3.0 (from joblib->osqp>=1.0.0->cvxpy)
  Using cached cloudpickle-3.1.2-py3-none-any.whl.metadata (7.1 kB)
Using cached cvxpy-1.9.3-cp313-cp313-macosx_10_13_universal2.whl (1.7 MB)
Using cached sparsediffpy-0.6.1-cp313-cp313-macosx_10_13_universal2.whl (249 kB)
Using cached clarabel-0.11.1-cp39-abi3-macosx_11_0_arm64.whl (935 kB)
Using cached highspy-1.15.1-cp313-cp313-macosx_11_0_arm64.whl (4.5 MB)
Using cached osqp-1.1.3-cp313-cp313-macosx_11_0_arm64.whl (308 kB)
Using cached qdldl-0.1.9.post1-cp313-cp313-macosx_11_0_arm64.whl (117 kB)
Using cached scs-3.3.1-cp313-cp313-macosx_11_0_arm64.whl (234 kB)
Using cached jinja2-3.1.6-py3-none-any.whl (134 kB)
Using cached markupsafe-3.0.3-cp313-cp313-macosx_11_0_arm64.whl (12 kB)
Using cached joblib-1.6.0-py3-none-any.whl (306 kB)
Using cached cloudpickle-3.1.2-py3-none-any.whl (22 kB)
Installing collected packages: sparsediffpy, MarkupSafe, highspy, cloudpickle, scs, qdldl, joblib, jinja2, clarabel, osqp, cvxpy

Successfully installed MarkupSafe-3.0.3 clarabel-0.11.1 cloudpickle-3.1.2 cvxpy-1.9.3 highspy-1.15.1 jinja2-3.1.6 joblib-1.6.0 osqp-1.1.3 qdldl-0.1.9.post1 scs-3.3.1 sparsediffpy-0.6.1

[notice] A new release of pip is available: 25.2 -> 26.2.1
[notice] To update, run: /Users/yash/Documents/New project/fourier-splats/tmp/counting-baseline-venv/bin/python -m pip install --upgrade pip
