This is pdfTeX, Version 3.141592653-2.6-1.40.27 (TeX Live 2025) (preloaded format=pdflatex)
 restricted \write18 enabled.
entering extended mode
(./main.tex
LaTeX2e <2024-11-01> patch level 2
L3 programming layer <2025-01-18>
(./diagnostic-main.tex
(/usr/local/texlive/2025/texmf-dist/tex/latex/base/article.cls
Document Class: article 2024/06/29 v1.4n Standard LaTeX document class
(/usr/local/texlive/2025/texmf-dist/tex/latex/base/size10.clo))
(/usr/local/texlive/2025/texmf-dist/tex/latex/microtype/microtype.sty
(/usr/local/texlive/2025/texmf-dist/tex/latex/graphics/keyval.sty)
(/usr/local/texlive/2025/texmf-dist/tex/latex/etoolbox/etoolbox.sty)
(/usr/local/texlive/2025/texmf-dist/tex/latex/microtype/microtype-pdftex.def)
(/usr/local/texlive/2025/texmf-dist/tex/latex/microtype/microtype.cfg))
(/usr/local/texlive/2025/texmf-dist/tex/latex/graphics/graphicx.sty
(/usr/local/texlive/2025/texmf-dist/tex/latex/graphics/graphics.sty
(/usr/local/texlive/2025/texmf-dist/tex/latex/graphics/trig.sty)
(/usr/local/texlive/2025/texmf-dist/tex/latex/graphics-cfg/graphics.cfg)
(/usr/local/texlive/2025/texmf-dist/tex/latex/graphics-def/pdftex.def)))
(/usr/local/texlive/2025/texmf-dist/tex/latex/booktabs/booktabs.sty)
(/usr/local/texlive/2025/texmf-dist/tex/latex/amsmath/amsmath.sty
For additional information on amsmath, use the `?' option.
(/usr/local/texlive/2025/texmf-dist/tex/latex/amsmath/amstext.sty
(/usr/local/texlive/2025/texmf-dist/tex/latex/amsmath/amsgen.sty))
(/usr/local/texlive/2025/texmf-dist/tex/latex/amsmath/amsbsy.sty)
(/usr/local/texlive/2025/texmf-dist/tex/latex/amsmath/amsopn.sty))
(/usr/local/texlive/2025/texmf-dist/tex/latex/amsfonts/amssymb.sty
(/usr/local/texlive/2025/texmf-dist/tex/latex/amsfonts/amsfonts.sty))
(/usr/local/texlive/2025/texmf-dist/tex/latex/amscls/amsthm.sty)
(/usr/local/texlive/2025/texmf-dist/tex/latex/hyperref/hyperref.sty
(/usr/local/texlive/2025/texmf-dist/tex/generic/iftex/iftex.sty)
(/usr/local/texlive/2025/texmf-dist/tex/latex/kvsetkeys/kvsetkeys.sty)
(/usr/local/texlive/2025/texmf-dist/tex/generic/kvdefinekeys/kvdefinekeys.sty)
(/usr/local/texlive/2025/texmf-dist/tex/generic/pdfescape/pdfescape.sty
(/usr/local/texlive/2025/texmf-dist/tex/generic/ltxcmds/ltxcmds.sty)
(/usr/local/texlive/2025/texmf-dist/tex/generic/pdftexcmds/pdftexcmds.sty
(/usr/local/texlive/2025/texmf-dist/tex/generic/infwarerr/infwarerr.sty)))
(/usr/local/texlive/2025/texmf-dist/tex/latex/hycolor/hycolor.sty)
(/usr/local/texlive/2025/texmf-dist/tex/latex/hyperref/nameref.sty
(/usr/local/texlive/2025/texmf-dist/tex/latex/refcount/refcount.sty)
(/usr/local/texlive/2025/texmf-dist/tex/generic/gettitlestring/gettitlestring.s
ty (/usr/local/texlive/2025/texmf-dist/tex/latex/kvoptions/kvoptions.sty)))
(/usr/local/texlive/2025/texmf-dist/tex/generic/stringenc/stringenc.sty)
(/usr/local/texlive/2025/texmf-dist/tex/latex/hyperref/pd1enc.def)
(/usr/local/texlive/2025/texmf-dist/tex/generic/intcalc/intcalc.sty)
(/usr/local/texlive/2025/texmf-dist/tex/latex/hyperref/puenc.def)
(/usr/local/texlive/2025/texmf-dist/tex/latex/url/url.sty)
(/usr/local/texlive/2025/texmf-dist/tex/generic/bitset/bitset.sty
(/usr/local/texlive/2025/texmf-dist/tex/generic/bigintcalc/bigintcalc.sty))
(/usr/local/texlive/2025/texmf-dist/tex/latex/base/atbegshi-ltx.sty))
(/usr/local/texlive/2025/texmf-dist/tex/latex/hyperref/hpdftex.def
(/usr/local/texlive/2025/texmf-dist/tex/latex/base/atveryend-ltx.sty)
(/usr/local/texlive/2025/texmf-dist/tex/latex/rerunfilecheck/rerunfilecheck.sty

(/usr/local/texlive/2025/texmf-dist/tex/generic/uniquecounter/uniquecounter.sty
))) (./icml2026.sty
(/usr/local/texlive/2025/texmf-dist/tex/latex/psnfss/times.sty)
(/usr/local/texlive/2025/texmf-dist/tex/latex/fancyhdr/fancyhdr.sty)
(/usr/local/texlive/2025/texmf-dist/tex/latex/xcolor/xcolor.sty
(/usr/local/texlive/2025/texmf-dist/tex/latex/graphics-cfg/color.cfg)
(/usr/local/texlive/2025/texmf-dist/tex/latex/graphics/mathcolor.ltx))
(/usr/local/texlive/2025/texmf-dist/tex/latex/algorithms/algorithm.sty
(/usr/local/texlive/2025/texmf-dist/tex/latex/float/float.sty)
(/usr/local/texlive/2025/texmf-dist/tex/latex/base/ifthen.sty))
(/usr/local/texlive/2025/texmf-dist/tex/latex/algorithms/algorithmic.sty)
(/usr/local/texlive/2025/texmf-dist/tex/latex/natbib/natbib.sty)
(/usr/local/texlive/2025/texmf-dist/tex/latex/eso-pic/eso-pic.sty)
(/usr/local/texlive/2025/texmf-dist/tex/latex/forloop/forloop.sty)
(/usr/local/texlive/2025/texmf-dist/tex/latex/caption/caption.sty
(/usr/local/texlive/2025/texmf-dist/tex/latex/caption/caption3.sty)))
(/usr/local/texlive/2025/texmf-dist/tex/latex/psnfss/ot1ptm.fd)
(/usr/local/texlive/2025/texmf-dist/tex/latex/l3backend/l3backend-pdftex.def)
No file main.aux.
(/usr/local/texlive/2025/texmf-dist/tex/latex/microtype/mt-ptm.cfg)
(/usr/local/texlive/2025/texmf-dist/tex/context/base/mkii/supp-pdf.mkii
[Loading MPS to PDF converter (version 2006.09.02).]
) (/usr/local/texlive/2025/texmf-dist/tex/latex/epstopdf-pkg/epstopdf-base.sty
(/usr/local/texlive/2025/texmf-dist/tex/latex/grfext/grfext.sty)
(/usr/local/texlive/2025/texmf-dist/tex/latex/latexconfig/epstopdf-sys.cfg))

Package hyperref Warning: Token not allowed in a PDF string (Unicode):
(hyperref)                removing `\\' on input line 19.

(/usr/local/texlive/2025/texmf-dist/tex/latex/microtype/mt-cmr.cfg)
(/usr/local/texlive/2025/texmf-dist/tex/latex/amsfonts/umsa.fd)
(/usr/local/texlive/2025/texmf-dist/tex/latex/microtype/mt-msa.cfg)
(/usr/local/texlive/2025/texmf-dist/tex/latex/amsfonts/umsb.fd)
(/usr/local/texlive/2025/texmf-dist/tex/latex/microtype/mt-msb.cfg)

Package hyperref Warning: Ignoring empty anchor on input line 20.

(/usr/local/texlive/2025/texmf-dist/tex/latex/psnfss/omlptm.fd)
(/usr/local/texlive/2025/texmf-dist/tex/latex/psnfss/ot1pcr.fd)
Underfull \hbox (badness 5832) in paragraph at lines 20--20
[][][]|  $[]$\OT1/ptm/m/n/9 (+20) Fourier Cryo Splats re-search project. Cor-re
-spon-

Underfull \hbox (badness 3590) in paragraph at lines 20--20
\OT1/ptm/m/n/9 (+20) dence to: Project repos-i-tory \OML/cmm/m/it/9 <[][]$\OT1/
pcr/m/n/9 https : / / github . com /

Underfull \vbox (badness 10000) has occurred while \output is active

Package natbib Warning: Citation `scheres2012' on page 1 undefined on input lin
e 87.


Package natbib Warning: Citation `joubert2015' on page 1 undefined on input lin
e 88.


Package natbib Warning: Citation `ullrich2020' on page 1 undefined on input lin
e 89.


Package natbib Warning: Citation `rangan2024' on page 1 undefined on input line
 90.


Package natbib Warning: Citation `zhong2021' on page 1 undefined on input line 
92.


Package natbib Warning: Citation `drgnai2025' on page 1 undefined on input line
 92.


Package natbib Warning: Citation `chen2021' on page 1 undefined on input line 9
4.


Package natbib Warning: Citation `chen2025' on page 1 undefined on input line 9
4.


Package natbib Warning: Citation `qu2025' on page 1 undefined on input line 94.



Package natbib Warning: Citation `shekar2025' on page 1 undefined on input line
 94.


Underfull \vbox (badness 10000) has occurred while \output is active
[1{/usr/local/texlive/2025/texmf-var/fonts/map/pdftex/updmap/pdftex.map}{/usr/l
ocal/texlive/2025/texmf-dist/fonts/enc/dvips/base/8r.enc}]

Package natbib Warning: Citation `bioem2013' on page 2 undefined on input line 
98.


Package natbib Warning: Citation `cryolike2025' on page 2 undefined on input li
ne 99.


Package natbib Warning: Citation `cryobife2021' on page 2 undefined on input li
ne 101.


Package natbib Warning: Citation `recovar2025' on page 2 undefined on input lin
e 102.


Package natbib Warning: Citation `counting2026' on page 2 undefined on input li
ne 104.


Package natbib Warning: Citation `sharon2020' on page 2 undefined on input line
 110.


Package natbib Warning: Citation `subspacemom2026' on page 2 undefined on input
 line 110.


Package natbib Warning: Citation `momentmetrics2024' on page 2 undefined on inp
ut line 111.


Package natbib Warning: Citation `nonuniformmle2025' on page 2 undefined on inp
ut line 112.


Package natbib Warning: Citation `bayespose2026' on page 2 undefined on input l
ine 114.


Package natbib Warning: Citation `brubaker2015' on page 2 undefined on input li
ne 116.


Package natbib Warning: Citation `grosse2015' on page 2 undefined on input line
 119.


Package natbib Warning: Citation `schereschen2012' on page 2 undefined on input
 line 123.


Package natbib Warning: Citation `chen2013' on page 2 undefined on input line 1
23.


Package natbib Warning: Citation `beckers2019' on page 2 undefined on input lin
e 124.


Package natbib Warning: Citation `beckers2020' on page 2 undefined on input lin
e 124.


Package natbib Warning: Citation `independent2020' on page 2 undefined on input
 line 125.


Package natbib Warning: Citation `cryobench2025' on page 2 undefined on input l
ine 127.


Package natbib Warning: Citation `cahra2026' on page 2 undefined on input line 
127.


LaTeX Warning: Reference `app:survey-new' on page 2 undefined on input line 128
.


Underfull \hbox (badness 1205) in paragraph at lines 122--130
 \OT1/ptm/b/n/10 (+20) Val-i-da-tion and the cal-i-bra-tion unit. \OT1/ptm/m/n/
10 (+20) Gold-standard


LaTeX Warning: Reference `app:stats-new' on page 2 undefined on input line 185.



[2]

LaTeX Warning: Reference `app:numerics-new' on page 3 undefined on input line 2
07.


Package natbib Warning: Citation `grosse2015' on page 3 undefined on input line
 219.


LaTeX Warning: Reference `app:proofs-new' on page 3 undefined on input line 229
.



[3]

LaTeX Warning: Reference `eq:harmonic-new' on page 4 undefined on input line 29
3.


LaTeX Warning: Reference `app:proofs-new' on page 4 undefined on input line 307
.


Package natbib Warning: Citation `empiar10028' on page 4 undefined on input lin
e 316.


Package natbib Warning: Citation `empiar10049' on page 4 undefined on input lin
e 316.


Package natbib Warning: Citation `empiar10076' on page 4 undefined on input lin
e 316.


LaTeX Warning: Reference `app:repro-new' on page 4 undefined on input line 329.


(./tables/diagnostic-separation.tex
)

LaTeX Warning: Reference `tab:diag-separation' on page 4 undefined on input lin
e 341.


LaTeX Warning: Reference `tab:diag-integration' on page 4 undefined on input li
ne 363.


LaTeX Warning: Reference `fig:integration-new' on page 4 undefined on input lin
e 363.

(./tables/diagnostic-integration.tex)
[4]
Underfull \vbox (badness 10000) has occurred while \output is active
(./tables/diagnostic-population.tex)

LaTeX Warning: Reference `tab:diag-population' on page 5 undefined on input lin
e 445.


Package natbib Warning: Citation `counting2026' on page 5 undefined on input li
ne 454.


[5]

Package natbib Warning: Citation `donoho1994' on page 6 undefined on input line
 485.


Package natbib Warning: Citation `armstrong2018' on page 6 undefined on input l
ine 485.


Package natbib Warning: Citation `lindsay1983' on page 6 undefined on input lin
e 485.


Package natbib Warning: Citation `npmle2024' on page 6 undefined on input line 
485.


Package natbib Warning: Citation `pensky2017' on page 6 undefined on input line
 485.


Underfull \vbox (badness 10000) has occurred while \output is active

Underfull \hbox (badness 10000) in paragraph at lines 499--507
\OT1/pcr/m/n/10 com / yashpatel5400 / fourier-[]cryo-[]splats$[][]\OT1/ptm/m/n/
10 (+20) .

Underfull \vbox (badness 10000) has occurred while \output is active
[6 <../results/uncertainty/development/catalog-pose-integration-report-v1/final
-integration-gate.pdf>]
No file main.bbl.


[7] (./diagnostic-appendix.tex

LaTeX Warning: Reference `eq:score-new' on page 8 undefined on input line 16.


LaTeX Warning: Reference `eq:odds-new' on page 8 undefined on input line 17.


LaTeX Warning: Reference `eq:oracle-score-new' on page 8 undefined on input lin
e 45.



LaTeX Warning: Reference `eq:amplitude-new' on page 8 undefined on input line 6
0.


Package natbib Warning: Citation `pensky2017' on page 8 undefined on input line
 89.


[8]

Package natbib Warning: Citation `grosse2015' on page 9 undefined on input line
 107.



Package natbib Warning: Citation `tyler1987' on page 9 undefined on input line 
172.


[9]
Underfull \hbox (badness 10000) in paragraph at lines 233--242
[]\OT1/ptm/m/n/10 (+20) Full-rotation bins use in-trin-sic ZYZ co-or-di-nates

Underfull \hbox (badness 5331) in paragraph at lines 233--242
\OML/cmm/m/it/10 =\OT1/cmr/m/n/10 (2\OML/cmm/m/it/10 ^^Y\OT1/cmr/m/n/10 )\OML/
cmm/m/it/10 ; \OT1/cmr/m/n/10 ([] \OML/cmm/m/it/10 ^^L \OT1/cmr/m/n/10 + 1)\OML
/cmm/m/it/10 =\OT1/cmr/m/n/10 2\OML/cmm/m/it/10 ; ^^M=\OT1/cmr/m/n/10 (2\OML/cm
m/m/it/10 ^^Y\OT1/cmr/m/n/10 )$\OT1/ptm/m/n/10 (+20) , with pe-ri-odic an-gu-

Underfull \vbox (badness 10000) has occurred while \output is active

Package natbib Warning: Citation `scheres2012' on page 10 undefined on input li
ne 288.


Package natbib Warning: Citation `joubert2015' on page 10 undefined on input li
ne 288.


Package natbib Warning: Citation `ullrich2020' on page 10 undefined on input li
ne 288.


Package natbib Warning: Citation `rangan2024' on page 10 undefined on input lin
e 290.


Package natbib Warning: Citation `lai2023' on page 10 undefined on input line 2
92.


Underfull \hbox (badness 10000) in paragraph at lines 286--296
 \OT1/ptm/b/n/10 (+20) Den-sity pos-te-ri-ors and model er-ror. \OT1/ptm/m/n/10
 (+20) RE-LION's

[10]

Package natbib Warning: Citation `bayespose2026' on page 11 undefined on input 
line 298.


Package natbib Warning: Citation `simple2025' on page 11 undefined on input lin
e 299.


Package natbib Warning: Citation `cryoforum2023' on page 11 undefined on input 
line 300.


Package natbib Warning: Citation `cesped2024' on page 11 undefined on input lin
e 302.


Package natbib Warning: Citation `archer2026' on page 11 undefined on input lin
e 303.


Package natbib Warning: Citation `cryopares2026' on page 11 undefined on input 
line 303.


Package natbib Warning: Citation `zhong2021' on page 11 undefined on input line
 311.


Package natbib Warning: Citation `dynamight2024' on page 11 undefined on input 
line 311.


Package natbib Warning: Citation `flex2023' on page 11 undefined on input line 
311.


Package natbib Warning: Citation `recovar2025' on page 11 undefined on input li
ne 312.


Package natbib Warning: Citation `chen2021' on page 11 undefined on input line 
318.


Package natbib Warning: Citation `chen2025' on page 11 undefined on input line 
318.


Package natbib Warning: Citation `qu2025' on page 11 undefined on input line 31
8.


Package natbib Warning: Citation `shekar2025' on page 11 undefined on input lin
e 318.


Package natbib Warning: Citation `cryobife2021' on page 11 undefined on input l
ine 323.


Underfull \hbox (badness 1087) in paragraph at lines 322--330
 \OT1/ptm/b/n/10 (+20) Pop-u-la-tion and ther-mo-dy-namic un-cer-tainty. \OT1/p
tm/m/n/10 (+20) Cryo-

Package natbib Warning: Citation `counting2026' on page 11 undefined on input l
ine 332.


Package natbib Warning: Citation `mattingly2026' on page 11 undefined on input 
line 334.


Package natbib Warning: Citation `mordant2026' on page 11 undefined on input li
ne 335.


Package natbib Warning: Citation `cryotwin2026' on page 11 undefined on input l
ine 337.



Package natbib Warning: Citation `sharon2020' on page 11 undefined on input lin
e 356.


Package natbib Warning: Citation `subspacemom2026' on page 11 undefined on inpu
t line 356.


Package natbib Warning: Citation `momentmetrics2024' on page 11 undefined on in
put line 356.


Package natbib Warning: Citation `fan2024' on page 11 undefined on input line 3
58.


Package natbib Warning: Citation `janson2026mps' on page 11 undefined on input 
line 361.


Package natbib Warning: Citation `alghattas2026functional' on page 11 undefined
 on input line 361.


Package natbib Warning: Citation `stochastic2026' on page 11 undefined on input
 line 363.


Package natbib Warning: Citation `schereschen2012' on page 11 undefined on inpu
t line 370.


Package natbib Warning: Citation `chen2013' on page 11 undefined on input line 
370.


Package natbib Warning: Citation `monodir2020' on page 11 undefined on input li
ne 370.


Package natbib Warning: Citation `independent2020' on page 11 undefined on inpu
t line 370.


Package natbib Warning: Citation `beckers2019' on page 11 undefined on input li
ne 371.


Package natbib Warning: Citation `beckers2020' on page 11 undefined on input li
ne 371.


Package natbib Warning: Citation `blush2024' on page 11 undefined on input line
 373.


Package natbib Warning: Citation `locscale2026' on page 11 undefined on input l
ine 374.


Package natbib Warning: Citation `sorzano2022' on page 11 undefined on input li
ne 375.


Package natbib Warning: Citation `emmivox2024' on page 11 undefined on input li
ne 382.


Package natbib Warning: Citation `guidedaf32026' on page 11 undefined on input 
line 383.


Package natbib Warning: Citation `calpro2026' on page 11 undefined on input lin
e 385.


Package natbib Warning: Citation `narnhofer2024' on page 11 undefined on input 
line 392.


Package natbib Warning: Citation `qutcc2026' on page 11 undefined on input line
 392.


Package natbib Warning: Citation `batlle2025' on page 11 undefined on input lin
e 394.


Package natbib Warning: Citation `donoho1994' on page 11 undefined on input lin
e 396.


Package natbib Warning: Citation `armstrong2018' on page 11 undefined on input 
line 396.


Package natbib Warning: Citation `kanagawa2025' on page 11 undefined on input l
ine 396.


Underfull \vbox (badness 2253) has occurred while \output is active
[11]

Package natbib Warning: Citation `jia2026bayesiangs' on page 12 undefined on in
put line 403.


Package natbib Warning: Citation `galappaththige2026ppu' on page 12 undefined o
n input line 403.


Package natbib Warning: Citation `chu2026viewcp' on page 12 undefined on input 
line 403.


Package natbib Warning: Citation `zhao2026radiative' on page 12 undefined on in
put line 403.


Package natbib Warning: Citation `cahra2026' on page 12 undefined on input line
 411.


Underfull \hbox (badness 10000) in paragraph at lines 410--423
 \OT1/ptm/b/n/10 (+20) Bench-mark con-struc-tion and re-main-ing ac-cess.

Underfull \hbox (badness 1910) in paragraph at lines 410--423
\OT1/ptm/m/n/10 (+20) (\OT1/ptm/b/n/10 (+20) ?\OT1/ptm/m/n/10 (+20) ): ex-per-i
-men-tal com-po-si-tional mix-tures, sim-u-lated

Underfull \hbox (badness 3209) in paragraph at lines 410--423
\OT1/ptm/m/n/10 (+20) con-for-ma-tional vari-a-tion, and pose/population en-tan
-


Underfull \hbox (badness 10000) in paragraph at lines 468--476
 \OT1/ptm/b/n/10 (+20) Mo-ment meth-ods and closed de-vel-op-ment.

Underfull \hbox (badness 10000) in paragraph at lines 468--476
\OT1/ptm/m/n/10 (+20) Power/bispectrum vari-ants, clas-si-cal con-cen-tra-tion

Underfull \hbox (badness 2591) in paragraph at lines 468--476
\OT1/ptm/m/n/10 (+20) com-para-tors, covariance- aware con-trasts and equal-

[12])

Package natbib Warning: There were undefined citations.



[13] (./main.aux)

LaTeX Warning: There were undefined references.


LaTeX Warning: Label(s) may have changed. Rerun to get cross-references right.


Package rerunfilecheck Warning: File `main.out' has changed.
(rerunfilecheck)                Rerun to get outlines right
(rerunfilecheck)                or use package `bookmark'.

 ) )
(see the transcript file for additional information)</usr/local/texlive/2025/te
xmf-dist/fonts/type1/public/amsfonts/cm/cmex10.pfb></usr/local/texlive/2025/tex
mf-dist/fonts/type1/public/amsfonts/cm/cmmi10.pfb></usr/local/texlive/2025/texm
f-dist/fonts/type1/public/amsfonts/cm/cmmi5.pfb></usr/local/texlive/2025/texmf-
dist/fonts/type1/public/amsfonts/cm/cmmi6.pfb></usr/local/texlive/2025/texmf-di
st/fonts/type1/public/amsfonts/cm/cmmi7.pfb></usr/local/texlive/2025/texmf-dist
/fonts/type1/public/amsfonts/cm/cmmi9.pfb></usr/local/texlive/2025/texmf-dist/f
onts/type1/public/amsfonts/cm/cmr10.pfb></usr/local/texlive/2025/texmf-dist/fon
ts/type1/public/amsfonts/cm/cmr7.pfb></usr/local/texlive/2025/texmf-dist/fonts/
type1/public/amsfonts/cm/cmr9.pfb></usr/local/texlive/2025/texmf-dist/fonts/typ
e1/public/amsfonts/cm/cmsy10.pfb></usr/local/texlive/2025/texmf-dist/fonts/type
1/public/amsfonts/cm/cmsy5.pfb></usr/local/texlive/2025/texmf-dist/fonts/type1/
public/amsfonts/cm/cmsy7.pfb></usr/local/texlive/2025/texmf-dist/fonts/type1/pu
blic/amsfonts/cm/cmsy9.pfb></usr/local/texlive/2025/texmf-dist/fonts/type1/publ
ic/amsfonts/symbols/msbm10.pfb></usr/local/texlive/2025/texmf-dist/fonts/type1/
urw/courier/ucrr8a.pfb></usr/local/texlive/2025/texmf-dist/fonts/type1/urw/time
s/utmb8a.pfb></usr/local/texlive/2025/texmf-dist/fonts/type1/urw/times/utmr8a.p
fb></usr/local/texlive/2025/texmf-dist/fonts/type1/urw/times/utmri8a.pfb>
Output written on main.pdf (13 pages, 315455 bytes).
Transcript written on main.log.
This is BibTeX, Version 0.99d (TeX Live 2025)
The top-level auxiliary file: main.aux
The style file: icml2026.bst
Database file #1: references.bib
Database file #2: uncertainty-references.bib
Database file #3: survey-references.bib
Database file #4: diagnostic-references.bib
This is pdfTeX, Version 3.141592653-2.6-1.40.27 (TeX Live 2025) (preloaded format=pdflatex)
 restricted \write18 enabled.
entering extended mode
(./main.tex
LaTeX2e <2024-11-01> patch level 2
L3 programming layer <2025-01-18>
(./diagnostic-main.tex
(/usr/local/texlive/2025/texmf-dist/tex/latex/base/article.cls
Document Class: article 2024/06/29 v1.4n Standard LaTeX document class
(/usr/local/texlive/2025/texmf-dist/tex/latex/base/size10.clo))
(/usr/local/texlive/2025/texmf-dist/tex/latex/microtype/microtype.sty
(/usr/local/texlive/2025/texmf-dist/tex/latex/graphics/keyval.sty)
(/usr/local/texlive/2025/texmf-dist/tex/latex/etoolbox/etoolbox.sty)
(/usr/local/texlive/2025/texmf-dist/tex/latex/microtype/microtype-pdftex.def)
(/usr/local/texlive/2025/texmf-dist/tex/latex/microtype/microtype.cfg))
(/usr/local/texlive/2025/texmf-dist/tex/latex/graphics/graphicx.sty
(/usr/local/texlive/2025/texmf-dist/tex/latex/graphics/graphics.sty
(/usr/local/texlive/2025/texmf-dist/tex/latex/graphics/trig.sty)
(/usr/local/texlive/2025/texmf-dist/tex/latex/graphics-cfg/graphics.cfg)
(/usr/local/texlive/2025/texmf-dist/tex/latex/graphics-def/pdftex.def)))
(/usr/local/texlive/2025/texmf-dist/tex/latex/booktabs/booktabs.sty)
(/usr/local/texlive/2025/texmf-dist/tex/latex/amsmath/amsmath.sty
For additional information on amsmath, use the `?' option.
(/usr/local/texlive/2025/texmf-dist/tex/latex/amsmath/amstext.sty
(/usr/local/texlive/2025/texmf-dist/tex/latex/amsmath/amsgen.sty))
(/usr/local/texlive/2025/texmf-dist/tex/latex/amsmath/amsbsy.sty)
(/usr/local/texlive/2025/texmf-dist/tex/latex/amsmath/amsopn.sty))
(/usr/local/texlive/2025/texmf-dist/tex/latex/amsfonts/amssymb.sty
(/usr/local/texlive/2025/texmf-dist/tex/latex/amsfonts/amsfonts.sty))
(/usr/local/texlive/2025/texmf-dist/tex/latex/amscls/amsthm.sty)
(/usr/local/texlive/2025/texmf-dist/tex/latex/hyperref/hyperref.sty
(/usr/local/texlive/2025/texmf-dist/tex/generic/iftex/iftex.sty)
(/usr/local/texlive/2025/texmf-dist/tex/latex/kvsetkeys/kvsetkeys.sty)
(/usr/local/texlive/2025/texmf-dist/tex/generic/kvdefinekeys/kvdefinekeys.sty)
(/usr/local/texlive/2025/texmf-dist/tex/generic/pdfescape/pdfescape.sty
(/usr/local/texlive/2025/texmf-dist/tex/generic/ltxcmds/ltxcmds.sty)
(/usr/local/texlive/2025/texmf-dist/tex/generic/pdftexcmds/pdftexcmds.sty
(/usr/local/texlive/2025/texmf-dist/tex/generic/infwarerr/infwarerr.sty)))
(/usr/local/texlive/2025/texmf-dist/tex/latex/hycolor/hycolor.sty)
(/usr/local/texlive/2025/texmf-dist/tex/latex/hyperref/nameref.sty
(/usr/local/texlive/2025/texmf-dist/tex/latex/refcount/refcount.sty)
(/usr/local/texlive/2025/texmf-dist/tex/generic/gettitlestring/gettitlestring.s
ty (/usr/local/texlive/2025/texmf-dist/tex/latex/kvoptions/kvoptions.sty)))
(/usr/local/texlive/2025/texmf-dist/tex/generic/stringenc/stringenc.sty)
(/usr/local/texlive/2025/texmf-dist/tex/latex/hyperref/pd1enc.def)
(/usr/local/texlive/2025/texmf-dist/tex/generic/intcalc/intcalc.sty)
(/usr/local/texlive/2025/texmf-dist/tex/latex/hyperref/puenc.def)
(/usr/local/texlive/2025/texmf-dist/tex/latex/url/url.sty)
(/usr/local/texlive/2025/texmf-dist/tex/generic/bitset/bitset.sty
(/usr/local/texlive/2025/texmf-dist/tex/generic/bigintcalc/bigintcalc.sty))
(/usr/local/texlive/2025/texmf-dist/tex/latex/base/atbegshi-ltx.sty))
(/usr/local/texlive/2025/texmf-dist/tex/latex/hyperref/hpdftex.def
(/usr/local/texlive/2025/texmf-dist/tex/latex/base/atveryend-ltx.sty)
(/usr/local/texlive/2025/texmf-dist/tex/latex/rerunfilecheck/rerunfilecheck.sty

(/usr/local/texlive/2025/texmf-dist/tex/generic/uniquecounter/uniquecounter.sty
))) (./icml2026.sty
(/usr/local/texlive/2025/texmf-dist/tex/latex/psnfss/times.sty)
(/usr/local/texlive/2025/texmf-dist/tex/latex/fancyhdr/fancyhdr.sty)
(/usr/local/texlive/2025/texmf-dist/tex/latex/xcolor/xcolor.sty
(/usr/local/texlive/2025/texmf-dist/tex/latex/graphics-cfg/color.cfg)
(/usr/local/texlive/2025/texmf-dist/tex/latex/graphics/mathcolor.ltx))
(/usr/local/texlive/2025/texmf-dist/tex/latex/algorithms/algorithm.sty
(/usr/local/texlive/2025/texmf-dist/tex/latex/float/float.sty)
(/usr/local/texlive/2025/texmf-dist/tex/latex/base/ifthen.sty))
(/usr/local/texlive/2025/texmf-dist/tex/latex/algorithms/algorithmic.sty)
(/usr/local/texlive/2025/texmf-dist/tex/latex/natbib/natbib.sty)
(/usr/local/texlive/2025/texmf-dist/tex/latex/eso-pic/eso-pic.sty)
(/usr/local/texlive/2025/texmf-dist/tex/latex/forloop/forloop.sty)
(/usr/local/texlive/2025/texmf-dist/tex/latex/caption/caption.sty
(/usr/local/texlive/2025/texmf-dist/tex/latex/caption/caption3.sty)))
(/usr/local/texlive/2025/texmf-dist/tex/latex/psnfss/ot1ptm.fd)
(/usr/local/texlive/2025/texmf-dist/tex/latex/l3backend/l3backend-pdftex.def)
(./main.aux) (/usr/local/texlive/2025/texmf-dist/tex/latex/microtype/mt-ptm.cfg
) (/usr/local/texlive/2025/texmf-dist/tex/context/base/mkii/supp-pdf.mkii
[Loading MPS to PDF converter (version 2006.09.02).]
) (/usr/local/texlive/2025/texmf-dist/tex/latex/epstopdf-pkg/epstopdf-base.sty
(/usr/local/texlive/2025/texmf-dist/tex/latex/grfext/grfext.sty)
(/usr/local/texlive/2025/texmf-dist/tex/latex/latexconfig/epstopdf-sys.cfg))
(./main.out) (./main.out)

Package hyperref Warning: Token not allowed in a PDF string (Unicode):
(hyperref)                removing `\\' on input line 19.

(/usr/local/texlive/2025/texmf-dist/tex/latex/microtype/mt-cmr.cfg)
(/usr/local/texlive/2025/texmf-dist/tex/latex/amsfonts/umsa.fd)
(/usr/local/texlive/2025/texmf-dist/tex/latex/microtype/mt-msa.cfg)
(/usr/local/texlive/2025/texmf-dist/tex/latex/amsfonts/umsb.fd)
(/usr/local/texlive/2025/texmf-dist/tex/latex/microtype/mt-msb.cfg)

Package hyperref Warning: Ignoring empty anchor on input line 20.

(/usr/local/texlive/2025/texmf-dist/tex/latex/psnfss/omlptm.fd)
(/usr/local/texlive/2025/texmf-dist/tex/latex/psnfss/ot1pcr.fd)
Underfull \hbox (badness 5832) in paragraph at lines 20--20
[][][]|  $[]$\OT1/ptm/m/n/9 (+20) Fourier Cryo Splats re-search project. Cor-re
-spon-

Underfull \hbox (badness 3590) in paragraph at lines 20--20
\OT1/ptm/m/n/9 (+20) dence to: Project repos-i-tory \OML/cmm/m/it/9 <[][]$\OT1/
pcr/m/n/9 https : / / github . com /

Underfull \vbox (badness 10000) has occurred while \output is active

Package natbib Warning: Citation `scheres2012' on page 1 undefined on input lin
e 87.


Package natbib Warning: Citation `joubert2015' on page 1 undefined on input lin
e 88.


Package natbib Warning: Citation `ullrich2020' on page 1 undefined on input lin
e 89.


Package natbib Warning: Citation `rangan2024' on page 1 undefined on input line
 90.


Package natbib Warning: Citation `zhong2021' on page 1 undefined on input line 
92.


Package natbib Warning: Citation `drgnai2025' on page 1 undefined on input line
 92.


Package natbib Warning: Citation `chen2021' on page 1 undefined on input line 9
4.


Package natbib Warning: Citation `chen2025' on page 1 undefined on input line 9
4.


Package natbib Warning: Citation `qu2025' on page 1 undefined on input line 94.



Package natbib Warning: Citation `shekar2025' on page 1 undefined on input line
 94.


Underfull \vbox (badness 10000) has occurred while \output is active
[1{/usr/local/texlive/2025/texmf-var/fonts/map/pdftex/updmap/pdftex.map}{/usr/l
ocal/texlive/2025/texmf-dist/fonts/enc/dvips/base/8r.enc}]

Package natbib Warning: Citation `bioem2013' on page 2 undefined on input line 
98.


Package natbib Warning: Citation `cryolike2025' on page 2 undefined on input li
ne 99.


Package natbib Warning: Citation `cryobife2021' on page 2 undefined on input li
ne 101.


Package natbib Warning: Citation `recovar2025' on page 2 undefined on input lin
e 102.


Package natbib Warning: Citation `counting2026' on page 2 undefined on input li
ne 104.


Package natbib Warning: Citation `sharon2020' on page 2 undefined on input line
 110.


Package natbib Warning: Citation `subspacemom2026' on page 2 undefined on input
 line 110.


Package natbib Warning: Citation `momentmetrics2024' on page 2 undefined on inp
ut line 111.


Package natbib Warning: Citation `nonuniformmle2025' on page 2 undefined on inp
ut line 112.


Package natbib Warning: Citation `bayespose2026' on page 2 undefined on input l
ine 114.


Package natbib Warning: Citation `brubaker2015' on page 2 undefined on input li
ne 116.


Package natbib Warning: Citation `grosse2015' on page 2 undefined on input line
 119.


Package natbib Warning: Citation `schereschen2012' on page 2 undefined on input
 line 123.


Package natbib Warning: Citation `chen2013' on page 2 undefined on input line 1
23.


Package natbib Warning: Citation `beckers2019' on page 2 undefined on input lin
e 124.


Package natbib Warning: Citation `beckers2020' on page 2 undefined on input lin
e 124.


Package natbib Warning: Citation `independent2020' on page 2 undefined on input
 line 125.


Package natbib Warning: Citation `cryobench2025' on page 2 undefined on input l
ine 127.


Package natbib Warning: Citation `cahra2026' on page 2 undefined on input line 
127.


Underfull \hbox (badness 1205) in paragraph at lines 122--130
 \OT1/ptm/b/n/10 (+20) Val-i-da-tion and the cal-i-bra-tion unit. \OT1/ptm/m/n/
10 (+20) Gold-standard


[2]

Package natbib Warning: Citation `grosse2015' on page 3 undefined on input line
 219.



[3]

Package natbib Warning: Citation `empiar10028' on page 4 undefined on input lin
e 316.


Package natbib Warning: Citation `empiar10049' on page 4 undefined on input lin
e 316.


Package natbib Warning: Citation `empiar10076' on page 4 undefined on input lin
e 316.

(./tables/diagnostic-separation.tex
) (./tables/diagnostic-integration.tex)
[4]
Underfull \vbox (badness 10000) has occurred while \output is active
(./tables/diagnostic-population.tex)

Package natbib Warning: Citation `counting2026' on page 5 undefined on input li
ne 454.


[5]

Package natbib Warning: Citation `donoho1994' on page 6 undefined on input line
 485.


Package natbib Warning: Citation `armstrong2018' on page 6 undefined on input l
ine 485.


Package natbib Warning: Citation `lindsay1983' on page 6 undefined on input lin
e 485.


Package natbib Warning: Citation `npmle2024' on page 6 undefined on input line 
485.


Package natbib Warning: Citation `pensky2017' on page 6 undefined on input line
 485.


Underfull \vbox (badness 10000) has occurred while \output is active

Underfull \hbox (badness 10000) in paragraph at lines 499--507
\OT1/pcr/m/n/10 com / yashpatel5400 / fourier-[]cryo-[]splats$[][]\OT1/ptm/m/n/
10 (+20) .

Underfull \vbox (badness 10000) has occurred while \output is active
[6 <../results/uncertainty/development/catalog-pose-integration-report-v1/final
-integration-gate.pdf>] (./main.bbl
Underfull \hbox (badness 2189) in paragraph at lines 25--30
\OT1/ptm/m/n/10 (+20) 2025.  URL [][]$\OT1/pcr/m/n/10 https : / / arxiv . org /
 abs / 2510 .

Underfull \hbox (badness 2318) in paragraph at lines 46--50
\OT1/ptm/m/n/10 (+20) guided cryo-EM map op-ti-mi-sa-tion with LocScale-

Underfull \hbox (badness 5331) in paragraph at lines 52--56
[]\OT1/ptm/m/n/10 (+20) Brubaker, M. A., Pun-jani, A., and Fleet, D. J.

Underfull \hbox (badness 2790) in paragraph at lines 52--56
\OT1/ptm/m/n/10 (+20) Build-ing pro-teins in a day: Ef-fi-cient 3d molec-

Underfull \hbox (badness 5359) in paragraph at lines 52--56
\OT1/ptm/m/n/10 (+20) u-lar re-con-struc-tion.  In \OT1/ptm/m/it/10 (+20) Pro-c
eed-ings of CVPR\OT1/ptm/m/n/10 (+20) ,

Underfull \hbox (badness 1248) in paragraph at lines 52--56
\OT1/ptm/m/n/10 (+20) 2015.  URL [][]$\OT1/pcr/m/n/10 https : / / www . cs . to
ronto . edu /


Underfull \hbox (badness 2189) in paragraph at lines 87--92
\OT1/ptm/m/n/10 (+20) 2023.  URL [][]$\OT1/pcr/m/n/10 https : / / arxiv . org /
 abs / 2307 .

[7]

Underfull \hbox (badness 1824) in paragraph at lines 298--304
[]\OT1/ptm/m/n/10 (+20) Narnhofer, D., Habring, A., Holler, M., and Pock,

Underfull \hbox (badness 2050) in paragraph at lines 298--304
\OT1/ptm/m/n/10 (+20) In-verse Prob-lems in Imag-ing.  \OT1/ptm/m/it/10 (+20) a
rXiv:2212.12499\OT1/ptm/m/n/10 (+20) ,

Underfull \hbox (badness 2189) in paragraph at lines 298--304
\OT1/ptm/m/n/10 (+20) 2024.  URL [][]$\OT1/pcr/m/n/10 https : / / arxiv . org /
 abs / 2212 .

[8]
Underfull \hbox (badness 1062) in paragraph at lines 345--351
[]\OT1/ptm/m/n/10 (+20) Rangan, A. V., Tang, W.-S., Cos-sio, P., Zhang, K.,

Underfull \hbox (badness 2189) in paragraph at lines 354--358
\OT1/ptm/m/n/10 (+20) 2026.  URL [][]$\OT1/pcr/m/n/10 https : / / arxiv . org /
 abs / 2509 .

Underfull \hbox (badness 1478) in paragraph at lines 361--366
\OT1/ptm/m/n/10 (+20) and Deane, C. M.  CE-SPED: a new bench-mark


[9]
Underfull \hbox (badness 2189) in paragraph at lines 505--510
\OT1/ptm/m/n/10 (+20) 2026.  URL [][]$\OT1/pcr/m/n/10 https : / / arxiv . org /
 abs / 2507 .
)

[10] (./diagnostic-appendix.tex

Package natbib Warning: Citation `pensky2017' on page 11 undefined on input lin
e 89.


[11]

Package natbib Warning: Citation `grosse2015' on page 12 undefined on input lin
e 107.



Package natbib Warning: Citation `tyler1987' on page 12 undefined on input line
 172.


[12]
Underfull \hbox (badness 10000) in paragraph at lines 233--242
[]\OT1/ptm/m/n/10 (+20) Full-rotation bins use in-trin-sic ZYZ co-or-di-nates

Underfull \hbox (badness 5331) in paragraph at lines 233--242
\OML/cmm/m/it/10 =\OT1/cmr/m/n/10 (2\OML/cmm/m/it/10 ^^Y\OT1/cmr/m/n/10 )\OML/
cmm/m/it/10 ; \OT1/cmr/m/n/10 ([] \OML/cmm/m/it/10 ^^L \OT1/cmr/m/n/10 + 1)\OML
/cmm/m/it/10 =\OT1/cmr/m/n/10 2\OML/cmm/m/it/10 ; ^^M=\OT1/cmr/m/n/10 (2\OML/cm
m/m/it/10 ^^Y\OT1/cmr/m/n/10 )$\OT1/ptm/m/n/10 (+20) , with pe-ri-odic an-gu-

Underfull \vbox (badness 10000) has occurred while \output is active

Package natbib Warning: Citation `scheres2012' on page 13 undefined on input li
ne 288.


Package natbib Warning: Citation `joubert2015' on page 13 undefined on input li
ne 288.


Package natbib Warning: Citation `ullrich2020' on page 13 undefined on input li
ne 288.


Package natbib Warning: Citation `rangan2024' on page 13 undefined on input lin
e 290.


Package natbib Warning: Citation `lai2023' on page 13 undefined on input line 2
92.


Underfull \hbox (badness 10000) in paragraph at lines 286--296
 \OT1/ptm/b/n/10 (+20) Den-sity pos-te-ri-ors and model er-ror. \OT1/ptm/m/n/10
 (+20) RE-LION's

[13]

Package natbib Warning: Citation `bayespose2026' on page 14 undefined on input 
line 298.


Package natbib Warning: Citation `simple2025' on page 14 undefined on input lin
e 299.


Package natbib Warning: Citation `cryoforum2023' on page 14 undefined on input 
line 300.


Package natbib Warning: Citation `cesped2024' on page 14 undefined on input lin
e 302.


Package natbib Warning: Citation `archer2026' on page 14 undefined on input lin
e 303.


Package natbib Warning: Citation `cryopares2026' on page 14 undefined on input 
line 303.


Package natbib Warning: Citation `zhong2021' on page 14 undefined on input line
 311.


Package natbib Warning: Citation `dynamight2024' on page 14 undefined on input 
line 311.


Package natbib Warning: Citation `flex2023' on page 14 undefined on input line 
311.


Package natbib Warning: Citation `recovar2025' on page 14 undefined on input li
ne 312.


Package natbib Warning: Citation `chen2021' on page 14 undefined on input line 
318.


Package natbib Warning: Citation `chen2025' on page 14 undefined on input line 
318.


Package natbib Warning: Citation `qu2025' on page 14 undefined on input line 31
8.


Package natbib Warning: Citation `shekar2025' on page 14 undefined on input lin
e 318.


Package natbib Warning: Citation `cryobife2021' on page 14 undefined on input l
ine 323.


Underfull \hbox (badness 1087) in paragraph at lines 322--330
 \OT1/ptm/b/n/10 (+20) Pop-u-la-tion and ther-mo-dy-namic un-cer-tainty. \OT1/p
tm/m/n/10 (+20) Cryo-

Package natbib Warning: Citation `counting2026' on page 14 undefined on input l
ine 332.


Package natbib Warning: Citation `mattingly2026' on page 14 undefined on input 
line 334.


Package natbib Warning: Citation `mordant2026' on page 14 undefined on input li
ne 335.


Package natbib Warning: Citation `cryotwin2026' on page 14 undefined on input l
ine 337.



Package natbib Warning: Citation `sharon2020' on page 14 undefined on input lin
e 356.


Package natbib Warning: Citation `subspacemom2026' on page 14 undefined on inpu
t line 356.


Package natbib Warning: Citation `momentmetrics2024' on page 14 undefined on in
put line 356.


Package natbib Warning: Citation `fan2024' on page 14 undefined on input line 3
58.


Package natbib Warning: Citation `janson2026mps' on page 14 undefined on input 
line 361.


Package natbib Warning: Citation `alghattas2026functional' on page 14 undefined
 on input line 361.


Package natbib Warning: Citation `stochastic2026' on page 14 undefined on input
 line 363.


Package natbib Warning: Citation `schereschen2012' on page 14 undefined on inpu
t line 370.


Package natbib Warning: Citation `chen2013' on page 14 undefined on input line 
370.


Package natbib Warning: Citation `monodir2020' on page 14 undefined on input li
ne 370.


Package natbib Warning: Citation `independent2020' on page 14 undefined on inpu
t line 370.


Package natbib Warning: Citation `beckers2019' on page 14 undefined on input li
ne 371.


Package natbib Warning: Citation `beckers2020' on page 14 undefined on input li
ne 371.


Package natbib Warning: Citation `blush2024' on page 14 undefined on input line
 373.


Package natbib Warning: Citation `locscale2026' on page 14 undefined on input l
ine 374.


Package natbib Warning: Citation `sorzano2022' on page 14 undefined on input li
ne 375.


Package natbib Warning: Citation `emmivox2024' on page 14 undefined on input li
ne 382.


Package natbib Warning: Citation `guidedaf32026' on page 14 undefined on input 
line 383.


Package natbib Warning: Citation `calpro2026' on page 14 undefined on input lin
e 385.


Package natbib Warning: Citation `narnhofer2024' on page 14 undefined on input 
line 392.


Package natbib Warning: Citation `qutcc2026' on page 14 undefined on input line
 392.


Package natbib Warning: Citation `batlle2025' on page 14 undefined on input lin
e 394.


Package natbib Warning: Citation `donoho1994' on page 14 undefined on input lin
e 396.


Package natbib Warning: Citation `armstrong2018' on page 14 undefined on input 
line 396.


Package natbib Warning: Citation `kanagawa2025' on page 14 undefined on input l
ine 396.


Underfull \vbox (badness 2253) has occurred while \output is active
[14]

Package natbib Warning: Citation `jia2026bayesiangs' on page 15 undefined on in
put line 403.


Package natbib Warning: Citation `galappaththige2026ppu' on page 15 undefined o
n input line 403.


Package natbib Warning: Citation `chu2026viewcp' on page 15 undefined on input 
line 403.


Package natbib Warning: Citation `zhao2026radiative' on page 15 undefined on in
put line 403.


Package natbib Warning: Citation `cahra2026' on page 15 undefined on input line
 411.


Underfull \hbox (badness 10000) in paragraph at lines 410--423
 \OT1/ptm/b/n/10 (+20) Bench-mark con-struc-tion and re-main-ing ac-cess.

Underfull \hbox (badness 1910) in paragraph at lines 410--423
\OT1/ptm/m/n/10 (+20) (\OT1/ptm/b/n/10 (+20) ?\OT1/ptm/m/n/10 (+20) ): ex-per-i
-men-tal com-po-si-tional mix-tures, sim-u-lated

Underfull \hbox (badness 3209) in paragraph at lines 410--423
\OT1/ptm/m/n/10 (+20) con-for-ma-tional vari-a-tion, and pose/population en-tan
-


Underfull \hbox (badness 10000) in paragraph at lines 468--476
 \OT1/ptm/b/n/10 (+20) Mo-ment meth-ods and closed de-vel-op-ment.

Underfull \hbox (badness 10000) in paragraph at lines 468--476
\OT1/ptm/m/n/10 (+20) Power/bispectrum vari-ants, clas-si-cal con-cen-tra-tion

Underfull \hbox (badness 2591) in paragraph at lines 468--476
\OT1/ptm/m/n/10 (+20) com-para-tors, covariance- aware con-trasts and equal-

[15])

Package natbib Warning: There were undefined citations.



[16] (./main.aux

Package natbib Warning: Citation(s) may have changed.
(natbib)                Rerun to get citations correct.

)

LaTeX Warning: Label(s) may have changed. Rerun to get cross-references right.

 ) )
(see the transcript file for additional information)</usr/local/texlive/2025/te
xmf-dist/fonts/type1/public/amsfonts/cm/cmex10.pfb></usr/local/texlive/2025/tex
mf-dist/fonts/type1/public/amsfonts/cm/cmmi10.pfb></usr/local/texlive/2025/texm
f-dist/fonts/type1/public/amsfonts/cm/cmmi5.pfb></usr/local/texlive/2025/texmf-
dist/fonts/type1/public/amsfonts/cm/cmmi6.pfb></usr/local/texlive/2025/texmf-di
st/fonts/type1/public/amsfonts/cm/cmmi7.pfb></usr/local/texlive/2025/texmf-dist
/fonts/type1/public/amsfonts/cm/cmmi9.pfb></usr/local/texlive/2025/texmf-dist/f
onts/type1/public/amsfonts/cm/cmr10.pfb></usr/local/texlive/2025/texmf-dist/fon
ts/type1/public/amsfonts/cm/cmr7.pfb></usr/local/texlive/2025/texmf-dist/fonts/
type1/public/amsfonts/cm/cmr9.pfb></usr/local/texlive/2025/texmf-dist/fonts/typ
e1/public/amsfonts/cm/cmsy10.pfb></usr/local/texlive/2025/texmf-dist/fonts/type
1/public/amsfonts/cm/cmsy5.pfb></usr/local/texlive/2025/texmf-dist/fonts/type1/
public/amsfonts/cm/cmsy7.pfb></usr/local/texlive/2025/texmf-dist/fonts/type1/pu
blic/amsfonts/cm/cmsy9.pfb></usr/local/texlive/2025/texmf-dist/fonts/type1/publ
ic/amsfonts/symbols/msbm10.pfb></usr/local/texlive/2025/texmf-dist/fonts/type1/
urw/courier/ucrr8a.pfb></usr/local/texlive/2025/texmf-dist/fonts/type1/urw/time
s/utmb8a.pfb></usr/local/texlive/2025/texmf-dist/fonts/type1/urw/times/utmr8a.p
fb></usr/local/texlive/2025/texmf-dist/fonts/type1/urw/times/utmri8a.pfb>
Output written on main.pdf (16 pages, 343577 bytes).
Transcript written on main.log.
This is pdfTeX, Version 3.141592653-2.6-1.40.27 (TeX Live 2025) (preloaded format=pdflatex)
 restricted \write18 enabled.
entering extended mode
(./main.tex
LaTeX2e <2024-11-01> patch level 2
L3 programming layer <2025-01-18>
(./diagnostic-main.tex
(/usr/local/texlive/2025/texmf-dist/tex/latex/base/article.cls
Document Class: article 2024/06/29 v1.4n Standard LaTeX document class
(/usr/local/texlive/2025/texmf-dist/tex/latex/base/size10.clo))
(/usr/local/texlive/2025/texmf-dist/tex/latex/microtype/microtype.sty
(/usr/local/texlive/2025/texmf-dist/tex/latex/graphics/keyval.sty)
(/usr/local/texlive/2025/texmf-dist/tex/latex/etoolbox/etoolbox.sty)
(/usr/local/texlive/2025/texmf-dist/tex/latex/microtype/microtype-pdftex.def)
(/usr/local/texlive/2025/texmf-dist/tex/latex/microtype/microtype.cfg))
(/usr/local/texlive/2025/texmf-dist/tex/latex/graphics/graphicx.sty
(/usr/local/texlive/2025/texmf-dist/tex/latex/graphics/graphics.sty
(/usr/local/texlive/2025/texmf-dist/tex/latex/graphics/trig.sty)
(/usr/local/texlive/2025/texmf-dist/tex/latex/graphics-cfg/graphics.cfg)
(/usr/local/texlive/2025/texmf-dist/tex/latex/graphics-def/pdftex.def)))
(/usr/local/texlive/2025/texmf-dist/tex/latex/booktabs/booktabs.sty)
(/usr/local/texlive/2025/texmf-dist/tex/latex/amsmath/amsmath.sty
For additional information on amsmath, use the `?' option.
(/usr/local/texlive/2025/texmf-dist/tex/latex/amsmath/amstext.sty
(/usr/local/texlive/2025/texmf-dist/tex/latex/amsmath/amsgen.sty))
(/usr/local/texlive/2025/texmf-dist/tex/latex/amsmath/amsbsy.sty)
(/usr/local/texlive/2025/texmf-dist/tex/latex/amsmath/amsopn.sty))
(/usr/local/texlive/2025/texmf-dist/tex/latex/amsfonts/amssymb.sty
(/usr/local/texlive/2025/texmf-dist/tex/latex/amsfonts/amsfonts.sty))
(/usr/local/texlive/2025/texmf-dist/tex/latex/amscls/amsthm.sty)
(/usr/local/texlive/2025/texmf-dist/tex/latex/hyperref/hyperref.sty
(/usr/local/texlive/2025/texmf-dist/tex/generic/iftex/iftex.sty)
(/usr/local/texlive/2025/texmf-dist/tex/latex/kvsetkeys/kvsetkeys.sty)
(/usr/local/texlive/2025/texmf-dist/tex/generic/kvdefinekeys/kvdefinekeys.sty)
(/usr/local/texlive/2025/texmf-dist/tex/generic/pdfescape/pdfescape.sty
(/usr/local/texlive/2025/texmf-dist/tex/generic/ltxcmds/ltxcmds.sty)
(/usr/local/texlive/2025/texmf-dist/tex/generic/pdftexcmds/pdftexcmds.sty
(/usr/local/texlive/2025/texmf-dist/tex/generic/infwarerr/infwarerr.sty)))
(/usr/local/texlive/2025/texmf-dist/tex/latex/hycolor/hycolor.sty)
(/usr/local/texlive/2025/texmf-dist/tex/latex/hyperref/nameref.sty
(/usr/local/texlive/2025/texmf-dist/tex/latex/refcount/refcount.sty)
(/usr/local/texlive/2025/texmf-dist/tex/generic/gettitlestring/gettitlestring.s
ty (/usr/local/texlive/2025/texmf-dist/tex/latex/kvoptions/kvoptions.sty)))
(/usr/local/texlive/2025/texmf-dist/tex/generic/stringenc/stringenc.sty)
(/usr/local/texlive/2025/texmf-dist/tex/latex/hyperref/pd1enc.def)
(/usr/local/texlive/2025/texmf-dist/tex/generic/intcalc/intcalc.sty)
(/usr/local/texlive/2025/texmf-dist/tex/latex/hyperref/puenc.def)
(/usr/local/texlive/2025/texmf-dist/tex/latex/url/url.sty)
(/usr/local/texlive/2025/texmf-dist/tex/generic/bitset/bitset.sty
(/usr/local/texlive/2025/texmf-dist/tex/generic/bigintcalc/bigintcalc.sty))
(/usr/local/texlive/2025/texmf-dist/tex/latex/base/atbegshi-ltx.sty))
(/usr/local/texlive/2025/texmf-dist/tex/latex/hyperref/hpdftex.def
(/usr/local/texlive/2025/texmf-dist/tex/latex/base/atveryend-ltx.sty)
(/usr/local/texlive/2025/texmf-dist/tex/latex/rerunfilecheck/rerunfilecheck.sty

(/usr/local/texlive/2025/texmf-dist/tex/generic/uniquecounter/uniquecounter.sty
))) (./icml2026.sty
(/usr/local/texlive/2025/texmf-dist/tex/latex/psnfss/times.sty)
(/usr/local/texlive/2025/texmf-dist/tex/latex/fancyhdr/fancyhdr.sty)
(/usr/local/texlive/2025/texmf-dist/tex/latex/xcolor/xcolor.sty
(/usr/local/texlive/2025/texmf-dist/tex/latex/graphics-cfg/color.cfg)
(/usr/local/texlive/2025/texmf-dist/tex/latex/graphics/mathcolor.ltx))
(/usr/local/texlive/2025/texmf-dist/tex/latex/algorithms/algorithm.sty
(/usr/local/texlive/2025/texmf-dist/tex/latex/float/float.sty)
(/usr/local/texlive/2025/texmf-dist/tex/latex/base/ifthen.sty))
(/usr/local/texlive/2025/texmf-dist/tex/latex/algorithms/algorithmic.sty)
(/usr/local/texlive/2025/texmf-dist/tex/latex/natbib/natbib.sty)
(/usr/local/texlive/2025/texmf-dist/tex/latex/eso-pic/eso-pic.sty)
(/usr/local/texlive/2025/texmf-dist/tex/latex/forloop/forloop.sty)
(/usr/local/texlive/2025/texmf-dist/tex/latex/caption/caption.sty
(/usr/local/texlive/2025/texmf-dist/tex/latex/caption/caption3.sty)))
(/usr/local/texlive/2025/texmf-dist/tex/latex/psnfss/ot1ptm.fd)
(/usr/local/texlive/2025/texmf-dist/tex/latex/l3backend/l3backend-pdftex.def)
(./main.aux) (/usr/local/texlive/2025/texmf-dist/tex/latex/microtype/mt-ptm.cfg
) (/usr/local/texlive/2025/texmf-dist/tex/context/base/mkii/supp-pdf.mkii
[Loading MPS to PDF converter (version 2006.09.02).]
) (/usr/local/texlive/2025/texmf-dist/tex/latex/epstopdf-pkg/epstopdf-base.sty
(/usr/local/texlive/2025/texmf-dist/tex/latex/grfext/grfext.sty)
(/usr/local/texlive/2025/texmf-dist/tex/latex/latexconfig/epstopdf-sys.cfg))
(./main.out) (./main.out)

Package hyperref Warning: Token not allowed in a PDF string (Unicode):
(hyperref)                removing `\\' on input line 19.

(/usr/local/texlive/2025/texmf-dist/tex/latex/microtype/mt-cmr.cfg)
(/usr/local/texlive/2025/texmf-dist/tex/latex/amsfonts/umsa.fd)
(/usr/local/texlive/2025/texmf-dist/tex/latex/microtype/mt-msa.cfg)
(/usr/local/texlive/2025/texmf-dist/tex/latex/amsfonts/umsb.fd)
(/usr/local/texlive/2025/texmf-dist/tex/latex/microtype/mt-msb.cfg)

Package hyperref Warning: Ignoring empty anchor on input line 20.

(/usr/local/texlive/2025/texmf-dist/tex/latex/psnfss/omlptm.fd)
(/usr/local/texlive/2025/texmf-dist/tex/latex/psnfss/ot1pcr.fd)
Underfull \hbox (badness 5832) in paragraph at lines 20--20
[][][]|  $[]$\OT1/ptm/m/n/9 (+20) Fourier Cryo Splats re-search project. Cor-re
-spon-

Underfull \hbox (badness 3590) in paragraph at lines 20--20
\OT1/ptm/m/n/9 (+20) dence to: Project repos-i-tory \OML/cmm/m/it/9 <[][]$\OT1/
pcr/m/n/9 https : / / github . com /

Underfull \vbox (badness 10000) has occurred while \output is active

Underfull \vbox (badness 10000) has occurred while \output is active
[1{/usr/local/texlive/2025/texmf-var/fonts/map/pdftex/updmap/pdftex.map}{/usr/l
ocal/texlive/2025/texmf-dist/fonts/enc/dvips/base/8r.enc}]
Underfull \hbox (badness 1205) in paragraph at lines 122--130
 \OT1/ptm/b/n/10 (+20) Val-i-da-tion and the cal-i-bra-tion unit. \OT1/ptm/m/n/
10 (+20) Gold-standard


[2]

[3]
(./tables/diagnostic-separation.tex) (./tables/diagnostic-integration.tex)
[4]
(./tables/diagnostic-population.tex)
[5]
Underfull \vbox (badness 10000) has occurred while \output is active

Underfull \hbox (badness 10000) in paragraph at lines 499--507
\OT1/pcr/m/n/10 com / yashpatel5400 / fourier-[]cryo-[]splats$[][]\OT1/ptm/m/n/
10 (+20) .

Underfull \vbox (badness 10000) has occurred while \output is active
[6 <../results/uncertainty/development/catalog-pose-integration-report-v1/final
-integration-gate.pdf>] (./main.bbl
Underfull \hbox (badness 2189) in paragraph at lines 25--30
\OT1/ptm/m/n/10 (+20) 2025.  URL [][]$\OT1/pcr/m/n/10 https : / / arxiv . org /
 abs / 2510 .

Underfull \hbox (badness 2318) in paragraph at lines 46--50
\OT1/ptm/m/n/10 (+20) guided cryo-EM map op-ti-mi-sa-tion with LocScale-

Underfull \hbox (badness 5331) in paragraph at lines 52--56
[]\OT1/ptm/m/n/10 (+20) Brubaker, M. A., Pun-jani, A., and Fleet, D. J.

Underfull \hbox (badness 2790) in paragraph at lines 52--56
\OT1/ptm/m/n/10 (+20) Build-ing pro-teins in a day: Ef-fi-cient 3d molec-

Underfull \hbox (badness 5359) in paragraph at lines 52--56
\OT1/ptm/m/n/10 (+20) u-lar re-con-struc-tion.  In \OT1/ptm/m/it/10 (+20) Pro-c
eed-ings of CVPR\OT1/ptm/m/n/10 (+20) ,

Underfull \hbox (badness 1248) in paragraph at lines 52--56
\OT1/ptm/m/n/10 (+20) 2015.  URL [][]$\OT1/pcr/m/n/10 https : / / www . cs . to
ronto . edu /


Underfull \hbox (badness 2189) in paragraph at lines 87--92
\OT1/ptm/m/n/10 (+20) 2023.  URL [][]$\OT1/pcr/m/n/10 https : / / arxiv . org /
 abs / 2307 .

[7]

Underfull \hbox (badness 1824) in paragraph at lines 298--304
[]\OT1/ptm/m/n/10 (+20) Narnhofer, D., Habring, A., Holler, M., and Pock,

Underfull \hbox (badness 2050) in paragraph at lines 298--304
\OT1/ptm/m/n/10 (+20) In-verse Prob-lems in Imag-ing.  \OT1/ptm/m/it/10 (+20) a
rXiv:2212.12499\OT1/ptm/m/n/10 (+20) ,

Underfull \hbox (badness 2189) in paragraph at lines 298--304
\OT1/ptm/m/n/10 (+20) 2024.  URL [][]$\OT1/pcr/m/n/10 https : / / arxiv . org /
 abs / 2212 .

[8]
Underfull \hbox (badness 1062) in paragraph at lines 345--351
[]\OT1/ptm/m/n/10 (+20) Rangan, A. V., Tang, W.-S., Cos-sio, P., Zhang, K.,

Underfull \hbox (badness 2189) in paragraph at lines 354--358
\OT1/ptm/m/n/10 (+20) 2026.  URL [][]$\OT1/pcr/m/n/10 https : / / arxiv . org /
 abs / 2509 .

Underfull \hbox (badness 1478) in paragraph at lines 361--366
\OT1/ptm/m/n/10 (+20) and Deane, C. M.  CE-SPED: a new bench-mark


[9]
Underfull \hbox (badness 2189) in paragraph at lines 505--510
\OT1/ptm/m/n/10 (+20) 2026.  URL [][]$\OT1/pcr/m/n/10 https : / / arxiv . org /
 abs / 2507 .

)
[10] (./diagnostic-appendix.tex

[11]

[12]
Underfull \hbox (badness 10000) in paragraph at lines 233--242
[]\OT1/ptm/m/n/10 (+20) Full-rotation bins use in-trin-sic ZYZ co-or-di-nates

Underfull \hbox (badness 5331) in paragraph at lines 233--242
\OML/cmm/m/it/10 =\OT1/cmr/m/n/10 (2\OML/cmm/m/it/10 ^^Y\OT1/cmr/m/n/10 )\OML/
cmm/m/it/10 ; \OT1/cmr/m/n/10 ([] \OML/cmm/m/it/10 ^^L \OT1/cmr/m/n/10 + 1)\OML
/cmm/m/it/10 =\OT1/cmr/m/n/10 2\OML/cmm/m/it/10 ; ^^M=\OT1/cmr/m/n/10 (2\OML/cm
m/m/it/10 ^^Y\OT1/cmr/m/n/10 )$\OT1/ptm/m/n/10 (+20) , with pe-ri-odic an-gu-

Underfull \vbox (badness 10000) has occurred while \output is active

Underfull \hbox (badness 10000) in paragraph at lines 286--296
 \OT1/ptm/b/n/10 (+20) Den-sity pos-te-ri-ors and model er-ror. \OT1/ptm/m/n/10
 (+20) RE-LION's

[13]
Underfull \hbox (badness 1087) in paragraph at lines 322--330
 \OT1/ptm/b/n/10 (+20) Pop-u-la-tion and ther-mo-dy-namic un-cer-tainty. \OT1/p
tm/m/n/10 (+20) Cryo-


[14]
Underfull \hbox (badness 10000) in paragraph at lines 410--423
 \OT1/ptm/b/n/10 (+20) Bench-mark con-struc-tion and re-main-ing ac-cess.

Underfull \hbox (badness 2626) in paragraph at lines 410--423
\OT1/ptm/m/n/10 (+20) ([][]Feath-ers et al.[][], [][]2026[][]): ex-per-i-men-ta
l com-po-si-tional

Underfull \hbox (badness 10000) in paragraph at lines 410--423
\OT1/ptm/m/n/10 (+20) mix-tures, sim-u-lated con-for-ma-tional vari-a-tion, and


Underfull \hbox (badness 2469) in paragraph at lines 410--423
\OT1/ptm/m/n/10 (+20) struc-tures with pre-ferred views and Gaus-sian noise,


Underfull \hbox (badness 10000) in paragraph at lines 468--476
 \OT1/ptm/b/n/10 (+20) Mo-ment meth-ods and closed de-vel-op-ment.

Underfull \hbox (badness 10000) in paragraph at lines 468--476
\OT1/ptm/m/n/10 (+20) Power/bispectrum vari-ants, clas-si-cal con-cen-tra-tion

Underfull \hbox (badness 2591) in paragraph at lines 468--476
\OT1/ptm/m/n/10 (+20) com-para-tors, covariance- aware con-trasts and equal-

[15])

[16] (./main.aux)

LaTeX Warning: Label(s) may have changed. Rerun to get cross-references right.

 ) )
(see the transcript file for additional information)</usr/local/texlive/2025/te
xmf-dist/fonts/type1/public/amsfonts/cm/cmex10.pfb></usr/local/texlive/2025/tex
mf-dist/fonts/type1/public/amsfonts/cm/cmmi10.pfb></usr/local/texlive/2025/texm
f-dist/fonts/type1/public/amsfonts/cm/cmmi5.pfb></usr/local/texlive/2025/texmf-
dist/fonts/type1/public/amsfonts/cm/cmmi6.pfb></usr/local/texlive/2025/texmf-di
st/fonts/type1/public/amsfonts/cm/cmmi7.pfb></usr/local/texlive/2025/texmf-dist
/fonts/type1/public/amsfonts/cm/cmmi9.pfb></usr/local/texlive/2025/texmf-dist/f
onts/type1/public/amsfonts/cm/cmr10.pfb></usr/local/texlive/2025/texmf-dist/fon
ts/type1/public/amsfonts/cm/cmr7.pfb></usr/local/texlive/2025/texmf-dist/fonts/
type1/public/amsfonts/cm/cmr9.pfb></usr/local/texlive/2025/texmf-dist/fonts/typ
e1/public/amsfonts/cm/cmsy10.pfb></usr/local/texlive/2025/texmf-dist/fonts/type
1/public/amsfonts/cm/cmsy5.pfb></usr/local/texlive/2025/texmf-dist/fonts/type1/
public/amsfonts/cm/cmsy7.pfb></usr/local/texlive/2025/texmf-dist/fonts/type1/pu
blic/amsfonts/cm/cmsy9.pfb></usr/local/texlive/2025/texmf-dist/fonts/type1/publ
ic/amsfonts/symbols/msbm10.pfb></usr/local/texlive/2025/texmf-dist/fonts/type1/
urw/courier/ucrr8a.pfb></usr/local/texlive/2025/texmf-dist/fonts/type1/urw/time
s/utmb8a.pfb></usr/local/texlive/2025/texmf-dist/fonts/type1/urw/times/utmr8a.p
fb></usr/local/texlive/2025/texmf-dist/fonts/type1/urw/times/utmri8a.pfb>
Output written on main.pdf (16 pages, 352521 bytes).
Transcript written on main.log.
