10028 stage 0 views 16384 seconds 12.35
10028 stage 0 views 32768 seconds 23.2
10028 stage 0 views 49152 seconds 34.37
10028 stage 0 views 65536 seconds 45.93
10028 frozen score power_matched {"design_removal": 0.25, "remove_scale": true, "original_direction_norm": 0.056049648527546965, "zero_direction": false, "training_null_mean": -6.702971511174383e-15, "training_design_alternative_mean": 0.0560496485275406, "threshold": 0.02802482426376695, "power_scale_mean": -6.702971511174383e-15, "bispectrum_scale_mean": 0.0}
10028 frozen score power_fisher {"shrinkage": 0.1, "covariance_trace": 351.3207591016319, "original_direction_norm": 0.025835771895553944, "zero_direction": false, "training_null_mean": -1.5265566588595902e-16, "training_design_alternative_mean": 0.055088090971412984, "threshold": 0.027544045485706416, "power_scale_mean": -1.5265566588595902e-16, "bispectrum_scale_mean": 0.0, "regularized_training_variance": 2.1322409562260063, "regularized_squared_separation": 0.00142324335249896, "maximum_constraint_residual": 8.673617379884035e-18}
10028 frozen score power_bispectrum_matched {"design_removal": 0.25, "remove_scale": true, "original_direction_norm": 0.07937850487557692, "zero_direction": false, "training_null_mean": -4.773959005888173e-15, "training_design_alternative_mean": 0.07937850487557241, "threshold": 0.03968925243778382, "power_scale_mean": -4.274358644806853e-15, "bispectrum_scale_mean": -3.608224830031759e-16}
10028 frozen score power_bispectrum_fisher {"shrinkage": 0.1, "covariance_trace": 2658.662981002285, "original_direction_norm": 0.025739150772137, "zero_direction": false, "training_null_mean": 4.496403249731884e-15, "training_design_alternative_mean": 0.0659805501422932, "threshold": 0.03299027507114885, "power_scale_mean": 4.052314039881821e-15, "bispectrum_scale_mean": 2.220446049250313e-16, "regularized_training_variance": 2.5634315104798873, "regularized_squared_separation": 0.0016982833281409145, "maximum_constraint_residual": 5.238864897449957e-16}
10028 stage 1 views 2048 seconds 72.37
10028 stage 1 views 4096 seconds 91.07
10028 stage 1 views 6144 seconds 109.73
10028 stage 1 views 8192 seconds 128.52
10028 stage 1 views 10240 seconds 147.2
10028 stage 1 views 12288 seconds 166.02
10028 stage 1 views 14336 seconds 184.88
10028 stage 1 views 16384 seconds 203.57
10028 stage 1 views 18432 seconds 222.31
10028 stage 1 views 20480 seconds 241.04
10028 stage 1 views 22528 seconds 259.77
10028 stage 1 views 24576 seconds 278.47
10028 stage 1 views 26624 seconds 297.2
10028 stage 1 views 28672 seconds 316.02
10028 stage 1 views 30720 seconds 334.86
10028 stage 1 views 32768 seconds 353.68
10028 stage 2 views 16384 seconds 369.39
10028 stage 2 views 32768 seconds 383.44
10028 stage 2 views 49152 seconds 397.43
10028 stage 2 views 65536 seconds 411.46
10028 stage 2 views 81920 seconds 425.63
10028 stage 2 views 98304 seconds 439.81
10028 stage 2 views 114688 seconds 453.96
10028 stage 2 views 131072 seconds 467.76
COMPLETE 10028 487.9724035000545
