10049 stage 0 views 16384 seconds 12.06
10049 stage 0 views 32768 seconds 22.7
10049 stage 0 views 49152 seconds 33.63
10049 stage 0 views 65536 seconds 44.69
10049 frozen score power_matched {"design_removal": 0.25, "remove_scale": true, "original_direction_norm": 0.04616831653777676, "zero_direction": false, "training_null_mean": -1.5265566588595902e-16, "training_design_alternative_mean": 0.04616831653777669, "threshold": 0.02308415826888827, "power_scale_mean": -1.5265566588595902e-16, "bispectrum_scale_mean": 0.0}
10049 frozen score power_fisher {"shrinkage": 0.1, "covariance_trace": 251.38947176456506, "original_direction_norm": 0.035722254194596105, "zero_direction": false, "training_null_mean": 5.620504062164855e-16, "training_design_alternative_mean": 0.045895270105999, "threshold": 0.022947635052999783, "power_scale_mean": 5.620504062164855e-16, "bispectrum_scale_mean": 0.0, "regularized_training_variance": 1.2847809059300963, "regularized_squared_separation": 0.0016394825050561267, "maximum_constraint_residual": 4.718447854656915e-16}
10049 frozen score power_bispectrum_matched {"design_removal": 0.25, "remove_scale": true, "original_direction_norm": 0.048808187500038853, "zero_direction": false, "training_null_mean": -9.71445146547012e-17, "training_design_alternative_mean": 0.04880818750003871, "threshold": 0.024404093750019305, "power_scale_mean": -2.0816681711721685e-17, "bispectrum_scale_mean": -2.688821387764051e-17}
10049 frozen score power_bispectrum_fisher {"shrinkage": 0.1, "covariance_trace": 1546.2507142624586, "original_direction_norm": 0.0374928447200599, "zero_direction": false, "training_null_mean": -7.077671781985373e-16, "training_design_alternative_mean": 0.04811739043000153, "threshold": 0.02405869521500041, "power_scale_mean": -7.008282842946301e-16, "bispectrum_scale_mean": -6.765421556309548e-17, "regularized_training_variance": 1.2833752890523626, "regularized_squared_separation": 0.0018040578477265708, "maximum_constraint_residual": 5.134781488891349e-16}
10049 stage 1 views 2048 seconds 71.33
10049 stage 1 views 4096 seconds 89.53
10049 stage 1 views 6144 seconds 107.81
10049 stage 1 views 8192 seconds 126.13
10049 stage 1 views 10240 seconds 144.46
10049 stage 1 views 12288 seconds 162.88
10049 stage 1 views 14336 seconds 181.29
10049 stage 1 views 16384 seconds 199.71
10049 stage 1 views 18432 seconds 218.08
10049 stage 1 views 20480 seconds 236.46
10049 stage 1 views 22528 seconds 254.83
10049 stage 1 views 24576 seconds 273.18
10049 stage 1 views 26624 seconds 291.52
10049 stage 1 views 28672 seconds 309.86
10049 stage 1 views 30720 seconds 328.14
10049 stage 1 views 32768 seconds 346.38
10049 stage 2 views 16384 seconds 362.18
10049 stage 2 views 32768 seconds 375.87
10049 stage 2 views 49152 seconds 389.53
10049 stage 2 views 65536 seconds 403.11
10049 stage 2 views 81920 seconds 416.88
10049 stage 2 views 98304 seconds 430.62
10049 stage 2 views 114688 seconds 444.45
10049 stage 2 views 131072 seconds 458.13
COMPLETE 10049 478.15105537499767
