10076 stage 0 views 16384 seconds 11.94
10076 stage 0 views 32768 seconds 22.43
10076 stage 0 views 49152 seconds 33.22
10076 stage 0 views 65536 seconds 44.24
10076 frozen score power_matched {"design_removal": 0.25, "remove_scale": true, "original_direction_norm": 0.01174250086885356, "zero_direction": false, "training_null_mean": 2.6020852139652106e-16, "training_design_alternative_mean": 0.011742500868853768, "threshold": 0.005871250434427014, "power_scale_mean": 2.6020852139652106e-16, "bispectrum_scale_mean": 0.0}
10076 frozen score power_fisher {"shrinkage": 0.1, "covariance_trace": 237.87264825058278, "original_direction_norm": 0.010305369507115055, "zero_direction": false, "training_null_mean": 5.377642775528102e-17, "training_design_alternative_mean": 0.0117169646089928, "threshold": 0.005858482304496427, "power_scale_mean": 5.377642775528102e-17, "bispectrum_scale_mean": 0.0, "regularized_training_variance": 1.136976660652793, "regularized_squared_separation": 0.00012074764979745964, "maximum_constraint_residual": 1.0581813203458523e-16}
10076 frozen score power_bispectrum_matched {"design_removal": 0.25, "remove_scale": true, "original_direction_norm": 0.011970472315634702, "zero_direction": false, "training_null_mean": 2.42861286636753e-16, "training_design_alternative_mean": 0.011970472315634906, "threshold": 0.005985236157817575, "power_scale_mean": 1.8214596497756474e-16, "bispectrum_scale_mean": 1.0842021724855044e-19}
10076 frozen score power_bispectrum_fisher {"shrinkage": 0.1, "covariance_trace": 1389.4244918303618, "original_direction_norm": 0.010616230203628762, "zero_direction": false, "training_null_mean": -1.8735013540549517e-16, "training_design_alternative_mean": 0.011858067086470563, "threshold": 0.005929033543235188, "power_scale_mean": -1.7867651802561113e-16, "bispectrum_scale_mean": 4.228388472693467e-18, "regularized_training_variance": 1.1169753160041238, "regularized_squared_separation": 0.0001258879699600468, "maximum_constraint_residual": 2.658463726934457e-16}
10076 stage 1 views 2048 seconds 70.49
10076 stage 1 views 4096 seconds 88.69
10076 stage 1 views 6144 seconds 106.96
10076 stage 1 views 8192 seconds 125.28
10076 stage 1 views 10240 seconds 143.59
10076 stage 1 views 12288 seconds 162.01
10076 stage 1 views 14336 seconds 180.42
10076 stage 1 views 16384 seconds 198.86
10076 stage 1 views 18432 seconds 217.23
10076 stage 1 views 20480 seconds 235.61
10076 stage 1 views 22528 seconds 253.97
10076 stage 1 views 24576 seconds 272.3
10076 stage 1 views 26624 seconds 290.67
10076 stage 1 views 28672 seconds 309.01
10076 stage 1 views 30720 seconds 327.26
10076 stage 1 views 32768 seconds 345.55
10076 stage 2 views 16384 seconds 361.33
10076 stage 2 views 32768 seconds 375.39
10076 stage 2 views 49152 seconds 389.44
10076 stage 2 views 65536 seconds 403.44
10076 stage 2 views 81920 seconds 417.58
10076 stage 2 views 98304 seconds 431.78
10076 stage 2 views 114688 seconds 445.89
10076 stage 2 views 131072 seconds 459.8
COMPLETE 10076 479.99300337501336
