10076 bank 0 images 512 seconds 3.42
10076 bank 0 images 1024 seconds 5.09
10076 bank 0 images 1536 seconds 6.74
10076 bank 0 images 2048 seconds 8.49
10076 bank 0 images 2560 seconds 10.29
10076 bank 0 images 3072 seconds 12.05
10076 bank 0 images 3584 seconds 13.71
10076 bank 0 images 4096 seconds 15.36
10076 bank 0 images 4608 seconds 17.01
10076 bank 0 images 5120 seconds 18.73
10076 bank 0 images 5632 seconds 20.48
10076 bank 0 images 6144 seconds 22.24
10076 bank 0 images 6656 seconds 23.91
10076 bank 0 images 7168 seconds 25.57
10076 bank 0 images 7680 seconds 27.28
10076 bank 0 images 8192 seconds 28.96
10076 bank 1 images 512 seconds 30.7
10076 bank 1 images 1024 seconds 32.38
10076 bank 1 images 1536 seconds 34.06
10076 bank 1 images 2048 seconds 35.75
10076 bank 1 images 2560 seconds 37.41
10076 bank 1 images 3072 seconds 39.17
10076 bank 1 images 3584 seconds 41.05
10076 bank 1 images 4096 seconds 42.82
10076 bank 1 images 4608 seconds 44.5
10076 bank 1 images 5120 seconds 46.19
10076 bank 1 images 5632 seconds 47.88
10076 bank 1 images 6144 seconds 49.67
10076 bank 1 images 6656 seconds 51.45
10076 bank 1 images 7168 seconds 53.23
10076 bank 1 images 7680 seconds 54.92
10076 bank 1 images 8192 seconds 56.6
COMPLETE 10076 57.254817291977815
