10049 bank 0 images 512 seconds 3.38
10049 bank 0 images 1024 seconds 5.02
10049 bank 0 images 1536 seconds 6.67
10049 bank 0 images 2048 seconds 8.37
10049 bank 0 images 2560 seconds 10.16
10049 bank 0 images 3072 seconds 11.92
10049 bank 0 images 3584 seconds 13.59
10049 bank 0 images 4096 seconds 15.25
10049 bank 0 images 4608 seconds 16.89
10049 bank 0 images 5120 seconds 18.59
10049 bank 0 images 5632 seconds 20.34
10049 bank 0 images 6144 seconds 22.1
10049 bank 0 images 6656 seconds 23.76
10049 bank 0 images 7168 seconds 25.42
10049 bank 0 images 7680 seconds 27.14
10049 bank 0 images 8192 seconds 28.82
10049 bank 1 images 512 seconds 30.57
10049 bank 1 images 1024 seconds 32.23
10049 bank 1 images 1536 seconds 33.9
10049 bank 1 images 2048 seconds 35.57
10049 bank 1 images 2560 seconds 37.24
10049 bank 1 images 3072 seconds 38.99
10049 bank 1 images 3584 seconds 40.88
10049 bank 1 images 4096 seconds 42.63
10049 bank 1 images 4608 seconds 44.32
10049 bank 1 images 5120 seconds 46.0
10049 bank 1 images 5632 seconds 47.7
10049 bank 1 images 6144 seconds 49.49
10049 bank 1 images 6656 seconds 51.27
10049 bank 1 images 7168 seconds 53.01
10049 bank 1 images 7680 seconds 54.74
10049 bank 1 images 8192 seconds 56.45
COMPLETE 10049 57.07612387498375
