10028 bank 0 images 512 seconds 3.13
10028 bank 0 images 1024 seconds 4.68
10028 bank 0 images 1536 seconds 6.21
10028 bank 0 images 2048 seconds 7.71
10028 bank 0 images 2560 seconds 9.17
10028 bank 0 images 3072 seconds 10.64
10028 bank 0 images 3584 seconds 12.08
10028 bank 0 images 4096 seconds 13.63
10028 bank 0 images 4608 seconds 15.19
10028 bank 0 images 5120 seconds 16.76
10028 bank 0 images 5632 seconds 18.22
10028 bank 0 images 6144 seconds 19.69
10028 bank 0 images 6656 seconds 21.14
10028 bank 0 images 7168 seconds 22.61
10028 bank 0 images 7680 seconds 24.14
10028 bank 0 images 8192 seconds 25.71
10028 bank 1 images 512 seconds 27.31
10028 bank 1 images 1024 seconds 28.79
10028 bank 1 images 1536 seconds 30.25
10028 bank 1 images 2048 seconds 31.71
10028 bank 1 images 2560 seconds 33.22
10028 bank 1 images 3072 seconds 34.78
10028 bank 1 images 3584 seconds 36.35
10028 bank 1 images 4096 seconds 37.85
10028 bank 1 images 4608 seconds 39.31
10028 bank 1 images 5120 seconds 40.79
10028 bank 1 images 5632 seconds 42.25
10028 bank 1 images 6144 seconds 43.82
10028 bank 1 images 6656 seconds 45.37
10028 bank 1 images 7168 seconds 46.96
10028 bank 1 images 7680 seconds 48.42
10028 bank 1 images 8192 seconds 49.9
COMPLETE 10028 50.61897983303061
