{
  "power_cases": 36,
  "matrix_cases": 18,
  "mass": [
    {
      "dataset": "10076",
      "candidate": "region_half_removed",
      "objective": "minimum",
      "status": 0,
      "message": "Optimization terminated successfully. (HiGHS Status 7: Optimal)",
      "mass": 0.9644989801232413,
      "maximum_scaled_residual": 1.3766765505351941e-14
    },
    {
      "dataset": "10076",
      "candidate": "region_half_removed",
      "objective": "maximum",
      "status": 0,
      "message": "Optimization terminated successfully. (HiGHS Status 7: Optimal)",
      "mass": 1.1542799998464313,
      "maximum_scaled_residual": 1.021405182655144e-14
    },
    {
      "dataset": "10076",
      "candidate": "region_removed",
      "objective": "minimum",
      "status": 0,
      "message": "Optimization terminated successfully. (HiGHS Status 7: Optimal)",
      "mass": 1.0435751810396792,
      "maximum_scaled_residual": 1.865174681370263e-14
    },
    {
      "dataset": "10076",
      "candidate": "region_removed",
      "objective": "maximum",
      "status": 0,
      "message": "Optimization terminated successfully. (HiGHS Status 7: Optimal)",
      "mass": 1.1469927619758002,
      "maximum_scaled_residual": 1.1546319456101628e-13
    }
  ]
}
