This is pdfTeX, Version 3.141592653-2.6-1.40.27 (TeX Live 2025) (preloaded format=pdflatex)
 restricted \write18 enabled.
entering extended mode
(./main.tex
LaTeX2e <2024-11-01> patch level 2
L3 programming layer <2025-01-18>
(/usr/local/texlive/2025/texmf-dist/tex/latex/base/article.cls
Document Class: article 2024/06/29 v1.4n Standard LaTeX document class
(/usr/local/texlive/2025/texmf-dist/tex/latex/base/size10.clo))
(/usr/local/texlive/2025/texmf-dist/tex/latex/microtype/microtype.sty
(/usr/local/texlive/2025/texmf-dist/tex/latex/graphics/keyval.sty)
(/usr/local/texlive/2025/texmf-dist/tex/latex/etoolbox/etoolbox.sty)
(/usr/local/texlive/2025/texmf-dist/tex/latex/microtype/microtype-pdftex.def)
(/usr/local/texlive/2025/texmf-dist/tex/latex/microtype/microtype.cfg))
(/usr/local/texlive/2025/texmf-dist/tex/latex/graphics/graphicx.sty
(/usr/local/texlive/2025/texmf-dist/tex/latex/graphics/graphics.sty
(/usr/local/texlive/2025/texmf-dist/tex/latex/graphics/trig.sty)
(/usr/local/texlive/2025/texmf-dist/tex/latex/graphics-cfg/graphics.cfg)
(/usr/local/texlive/2025/texmf-dist/tex/latex/graphics-def/pdftex.def)))
(/usr/local/texlive/2025/texmf-dist/tex/latex/booktabs/booktabs.sty)
(/usr/local/texlive/2025/texmf-dist/tex/latex/amsmath/amsmath.sty
For additional information on amsmath, use the `?' option.
(/usr/local/texlive/2025/texmf-dist/tex/latex/amsmath/amstext.sty
(/usr/local/texlive/2025/texmf-dist/tex/latex/amsmath/amsgen.sty))
(/usr/local/texlive/2025/texmf-dist/tex/latex/amsmath/amsbsy.sty)
(/usr/local/texlive/2025/texmf-dist/tex/latex/amsmath/amsopn.sty))
(/usr/local/texlive/2025/texmf-dist/tex/latex/amsfonts/amssymb.sty
(/usr/local/texlive/2025/texmf-dist/tex/latex/amsfonts/amsfonts.sty))
(/usr/local/texlive/2025/texmf-dist/tex/latex/amscls/amsthm.sty)
(/usr/local/texlive/2025/texmf-dist/tex/latex/hyperref/hyperref.sty
(/usr/local/texlive/2025/texmf-dist/tex/generic/iftex/iftex.sty)
(/usr/local/texlive/2025/texmf-dist/tex/latex/kvsetkeys/kvsetkeys.sty)
(/usr/local/texlive/2025/texmf-dist/tex/generic/kvdefinekeys/kvdefinekeys.sty)
(/usr/local/texlive/2025/texmf-dist/tex/generic/pdfescape/pdfescape.sty
(/usr/local/texlive/2025/texmf-dist/tex/generic/ltxcmds/ltxcmds.sty)
(/usr/local/texlive/2025/texmf-dist/tex/generic/pdftexcmds/pdftexcmds.sty
(/usr/local/texlive/2025/texmf-dist/tex/generic/infwarerr/infwarerr.sty)))
(/usr/local/texlive/2025/texmf-dist/tex/latex/hycolor/hycolor.sty)
(/usr/local/texlive/2025/texmf-dist/tex/latex/hyperref/nameref.sty
(/usr/local/texlive/2025/texmf-dist/tex/latex/refcount/refcount.sty)
(/usr/local/texlive/2025/texmf-dist/tex/generic/gettitlestring/gettitlestring.s
ty (/usr/local/texlive/2025/texmf-dist/tex/latex/kvoptions/kvoptions.sty)))
(/usr/local/texlive/2025/texmf-dist/tex/generic/stringenc/stringenc.sty)
(/usr/local/texlive/2025/texmf-dist/tex/latex/hyperref/pd1enc.def)
(/usr/local/texlive/2025/texmf-dist/tex/generic/intcalc/intcalc.sty)
(/usr/local/texlive/2025/texmf-dist/tex/latex/hyperref/puenc.def)
(/usr/local/texlive/2025/texmf-dist/tex/latex/url/url.sty)
(/usr/local/texlive/2025/texmf-dist/tex/generic/bitset/bitset.sty
(/usr/local/texlive/2025/texmf-dist/tex/generic/bigintcalc/bigintcalc.sty))
(/usr/local/texlive/2025/texmf-dist/tex/latex/base/atbegshi-ltx.sty))
(/usr/local/texlive/2025/texmf-dist/tex/latex/hyperref/hpdftex.def
(/usr/local/texlive/2025/texmf-dist/tex/latex/base/atveryend-ltx.sty)
(/usr/local/texlive/2025/texmf-dist/tex/latex/rerunfilecheck/rerunfilecheck.sty

(/usr/local/texlive/2025/texmf-dist/tex/generic/uniquecounter/uniquecounter.sty
))) (./icml2026.sty
(/usr/local/texlive/2025/texmf-dist/tex/latex/psnfss/times.sty) (./fancyhdr.sty
) (/usr/local/texlive/2025/texmf-dist/tex/latex/xcolor/xcolor.sty
(/usr/local/texlive/2025/texmf-dist/tex/latex/graphics-cfg/color.cfg)
(/usr/local/texlive/2025/texmf-dist/tex/latex/graphics/mathcolor.ltx))
(./algorithm.sty
Document Style `algorithm' - floating environment
(/usr/local/texlive/2025/texmf-dist/tex/latex/float/float.sty)
(/usr/local/texlive/2025/texmf-dist/tex/latex/base/ifthen.sty))
(./algorithmic.sty
Document Style `algorithmic' - environment
(/usr/local/texlive/2025/texmf-dist/tex/latex/tools/calc.sty))
(/usr/local/texlive/2025/texmf-dist/tex/latex/natbib/natbib.sty)
(/usr/local/texlive/2025/texmf-dist/tex/latex/eso-pic/eso-pic.sty)
(/usr/local/texlive/2025/texmf-dist/tex/latex/forloop/forloop.sty)
(/usr/local/texlive/2025/texmf-dist/tex/latex/caption/caption.sty
(/usr/local/texlive/2025/texmf-dist/tex/latex/caption/caption3.sty)))
(/usr/local/texlive/2025/texmf-dist/tex/latex/psnfss/ot1ptm.fd)
(/usr/local/texlive/2025/texmf-dist/tex/latex/l3backend/l3backend-pdftex.def)
(./main.aux) (/usr/local/texlive/2025/texmf-dist/tex/latex/microtype/mt-ptm.cfg
) (/usr/local/texlive/2025/texmf-dist/tex/context/base/mkii/supp-pdf.mkii
[Loading MPS to PDF converter (version 2006.09.02).]
) (/usr/local/texlive/2025/texmf-dist/tex/latex/epstopdf-pkg/epstopdf-base.sty
(/usr/local/texlive/2025/texmf-dist/tex/latex/grfext/grfext.sty)
(/usr/local/texlive/2025/texmf-dist/tex/latex/latexconfig/epstopdf-sys.cfg))
(./main.out) (./main.out)

Package hyperref Warning: Token not allowed in a PDF string (Unicode):
(hyperref)                removing `\\' on input line 22.

(/usr/local/texlive/2025/texmf-dist/tex/latex/microtype/mt-cmr.cfg)
(/usr/local/texlive/2025/texmf-dist/tex/latex/amsfonts/umsa.fd)
(/usr/local/texlive/2025/texmf-dist/tex/latex/microtype/mt-msa.cfg)
(/usr/local/texlive/2025/texmf-dist/tex/latex/amsfonts/umsb.fd)
(/usr/local/texlive/2025/texmf-dist/tex/latex/microtype/mt-msb.cfg)

Package hyperref Warning: Ignoring empty anchor on input line 23.

(/usr/local/texlive/2025/texmf-dist/tex/latex/psnfss/omlptm.fd)
(/usr/local/texlive/2025/texmf-dist/tex/latex/psnfss/ot1pcr.fd)
Underfull \hbox (badness 5832) in paragraph at lines 23--23
[][][]|  $[]$\OT1/ptm/m/n/9 (+20) Fourier Cryo Splats re-search project. Cor-re
-spon-

Underfull \hbox (badness 3590) in paragraph at lines 23--23
\OT1/ptm/m/n/9 (+20) dence to: Project repos-i-tory \OML/cmm/m/it/9 <[][]$\OT1/
pcr/m/n/9 https : / / github . com /

Underfull \vbox (badness 10000) has occurred while \output is active

Underfull \vbox (badness 10000) has occurred while \output is active
[1{/usr/local/texlive/2025/texmf-var/fonts/map/pdftex/updmap/pdftex.map}{/usr/l
ocal/texlive/2025/texmf-dist/fonts/enc/dvips/base/8r.enc}]

[2]
Underfull \hbox (badness 3068) in paragraph at lines 120--121
[]\OT1/ptm/m/n/10 (+20) For fixed poses, the au-dit also ex-tends to $\OML/cmm/
m/it/10 H \OT1/cmr/m/n/10 =


[3]
Underfull \hbox (badness 10000) in paragraph at lines 136--138
\OT1/ptm/m/n/10 (+20) Here $\OML/cmm/m/it/10 L[] \OT1/cmr/m/n/10 = 2\OML/cmm/m/
it/10 ^^Y\OT1/cmr/m/n/10 (\OML/cmm/m/it/10 a [] c[] \OT1/cmr/m/n/10 + \OML/cmm/
m/it/10 s[] []\OT1/cmr/m/n/10 )$\OT1/ptm/m/n/10 (+20) , $\OML/cmm/m/it/10 H[] \
OT1/cmr/m/n/10 =

Underfull \hbox (badness 1472) in paragraph at lines 136--138
\OT1/cmr/m/n/10 2\OML/cmm/m/it/10 ^^Ya[] [] c[]$\OT1/ptm/m/n/10 (+20) , $\OML/c
mm/m/it/10 T[] \OT1/cmr/m/n/10 = 2\OML/cmm/m/it/10 ^^Ya[] [] c[]$\OT1/ptm/m/n/1
0 (+20) , and $\OT1/cmr/m/n/10 (\OML/cmm/m/it/10 c[]; c[]; c[]\OT1/cmr/m/n/10 )
 =


Underfull \vbox (badness 10000) has occurred while \output is active
[4] (./frozen-moments-results.tex)
Underfull \vbox (badness 10000) has occurred while \output is active

[5]
Underfull \vbox (badness 10000) has occurred while \output is active

Underfull \vbox (badness 10000) has occurred while \output is active
[6 <../results/uncertainty/confirmation/continuous-v1/summary/confirmation.pdf>
]

Underfull \hbox (badness 10000) in paragraph at lines 205--206
\OT1/ptm/m/n/10 (+20) at [][]$\OT1/pcr/m/n/10 https : / / github . com / yashpa
tel5400 /
(./main.bbl
Underfull \hbox (badness 2189) in paragraph at lines 17--22
\OT1/ptm/m/n/10 (+20) 2025.  URL [][]$\OT1/pcr/m/n/10 https : / / arxiv . org /
 abs / 2510 .

Underfull \hbox (badness 2318) in paragraph at lines 31--35
\OT1/ptm/m/n/10 (+20) guided cryo-EM map op-ti-mi-sa-tion with LocScale-

Underfull \hbox (badness 1292) in paragraph at lines 37--43
[]\OT1/ptm/m/n/10 (+20) Cai, T. T. and Low, M. G.  An adap-ta-tion the-ory

[7]
Underfull \hbox (badness 2189) in paragraph at lines 77--82
\OT1/ptm/m/n/10 (+20) 2023.  URL [][]$\OT1/pcr/m/n/10 https : / / arxiv . org /
 abs / 2307 .

Underfull \hbox (badness 1205) in paragraph at lines 133--139
\OT1/ptm/m/n/10 (+20) ca-tion for neu-ral ra-di-ance fields.  In \OT1/ptm/m/it/
10 (+20) Pro-ceed-ings

Underfull \hbox (badness 1521) in paragraph at lines 133--139
\OT1/ptm/m/it/10 (+20) of the IEEE/CVF Con-fer-ence on Com-puter Vi-sion

Underfull \hbox (badness 2142) in paragraph at lines 133--139
\OT1/ptm/m/it/10 (+20) and Pat-tern Recog-ni-tion\OT1/ptm/m/n/10 (+20) , pp. 20
061--20070, 2024.

Underfull \hbox (badness 10000) in paragraph at lines 133--139
\OT1/ptm/m/n/10 (+20) URL [][]$\OT1/pcr/m/n/10 https : / / openaccess . thecvf 
. com /

Underfull \hbox (badness 10000) in paragraph at lines 133--139
\OT1/pcr/m/n/10 content / CVPR2024 / html / Goli _ Bayes _

Underfull \hbox (badness 10000) in paragraph at lines 133--139
\OT1/pcr/m/n/10 Rays _ Uncertainty _ Quantification _ for _

Underfull \hbox (badness 10000) in paragraph at lines 133--139
\OT1/pcr/m/n/10 Neural _ Radiance _ Fields _ CVPR _ 2024 _


[8]
Underfull \hbox (badness 1824) in paragraph at lines 237--243
[]\OT1/ptm/m/n/10 (+20) Narnhofer, D., Habring, A., Holler, M., and Pock,

Underfull \hbox (badness 2050) in paragraph at lines 237--243
\OT1/ptm/m/n/10 (+20) In-verse Prob-lems in Imag-ing.  \OT1/ptm/m/it/10 (+20) a
rXiv:2212.12499\OT1/ptm/m/n/10 (+20) ,

Underfull \hbox (badness 2189) in paragraph at lines 237--243
\OT1/ptm/m/n/10 (+20) 2024.  URL [][]$\OT1/pcr/m/n/10 https : / / arxiv . org /
 abs / 2212 .

Underfull \hbox (badness 5274) in paragraph at lines 267--273
[]\OT1/ptm/m/n/10 (+20) Patel, Y.  \OT1/ptm/m/it/10 (+20) Con-for-mally Ro-bust
 De-ci-sion Mak-ing\OT1/ptm/m/n/10 (+20) .

Underfull \hbox (badness 1122) in paragraph at lines 267--273
\OT1/ptm/m/n/10 (+20) PhD the-sis, Uni-ver-sity of Michi-gan, 2025.  URL

Underfull \hbox (badness 10000) in paragraph at lines 267--273
[][]$\OT1/pcr/m/n/10 https : / / www . ambujtewari . com / theses /

Underfull \hbox (badness 1062) in paragraph at lines 290--296
[]\OT1/ptm/m/n/10 (+20) Rangan, A. V., Tang, W.-S., Cos-sio, P., Zhang, K.,

Underfull \hbox (badness 1478) in paragraph at lines 299--304
\OT1/ptm/m/n/10 (+20) and Deane, C. M.  CE-SPED: a new bench-mark


Underfull \hbox (badness 1803) in paragraph at lines 338--345
\OT1/ptm/m/it/10 (+20) Vi-sion and Pat-tern Recog-ni-tion\OT1/ptm/m/n/10 (+20) 
, pp. 34072--34083,

Underfull \hbox (badness 5274) in paragraph at lines 338--345
\OT1/ptm/m/n/10 (+20) 2026.  URL [][]$\OT1/pcr/m/n/10 https : / / openaccess . 
thecvf .

Underfull \hbox (badness 10000) in paragraph at lines 338--345
\OT1/pcr/m/n/10 com / content / CVPR2026 / html / Shabeeb _

Underfull \hbox (badness 10000) in paragraph at lines 338--345
\OT1/pcr/m/n/10 cryoSENSE _ Compressive _ Sensing _

Underfull \hbox (badness 10000) in paragraph at lines 338--345
\OT1/pcr/m/n/10 Enables _ High-[]throughput _ Microscopy _

Underfull \hbox (badness 10000) in paragraph at lines 338--345
\OT1/pcr/m/n/10 with _ Sparse _ and _ Generative _ CVPR _ 2026 _

[9]
Underfull \hbox (badness 2189) in paragraph at lines 432--437
\OT1/ptm/m/n/10 (+20) 2026.  URL [][]$\OT1/pcr/m/n/10 https : / / arxiv . org /
 abs / 2507 .


Underfull \hbox (badness 1448) in paragraph at lines 471--477
\OT1/ptm/m/n/10 (+20) Cry-o-DRGN2: Ab Ini-tio Neu-ral Re-con-struc-tion of

Underfull \hbox (badness 1189) in paragraph at lines 471--477
\OT1/ptm/m/n/10 (+20) In \OT1/ptm/m/it/10 (+20) ICCV\OT1/ptm/m/n/10 (+20) , 202
1b.  URL [][]$\OT1/pcr/m/n/10 https : / / openaccess .

Underfull \hbox (badness 10000) in paragraph at lines 471--477
\OT1/pcr/m/n/10 thecvf . com / content / ICCV2021 / html /

Underfull \hbox (badness 10000) in paragraph at lines 471--477
\OT1/pcr/m/n/10 Zhong _ CryoDRGN2 _ Ab _ Initio _ Neural _

Underfull \hbox (badness 10000) in paragraph at lines 471--477
\OT1/pcr/m/n/10 Reconstruction _ of _ 3D _ Protein _
)
[10]

[11] (./uncertainty-results.tex)
Underfull \vbox (badness 10000) has occurred while \output is active

Underfull \vbox (badness 10000) has occurred while \output is active
[12]
Underfull \hbox (badness 2856) in paragraph at lines 290--291
[][]\OT1/ptm/b/n/10 (+20) Proposition 1. []\OT1/ptm/m/it/10 (+20) Let two al-lo
wed pa-ram-e-ters in-duce


[13]
Underfull \vbox (badness 10000) has occurred while \output is active

[14 <../results/uncertainty/development/comparison-summary/pose-curvature-width
-power.png>]
Underfull \hbox (badness 7168) in paragraph at lines 346--348
\OT1/ptm/m/n/10 (+20) For a Fourier voxel col-umn, de-fine $\OML/cmm/m/it/10 T\
OT1/cmr/m/n/10 (\OML/cmm/m/it/10 q; x\OT1/cmr/m/n/10 ) =


Underfull \hbox (badness 4072) in paragraph at lines 364--365
[]\OT1/ptm/m/n/10 (+20) The repos-i-tory's liv-ing sur-vey dis-tin-guishes den-
sity

Underfull \hbox (badness 1237) in paragraph at lines 364--365
\OT1/ptm/m/n/10 (+20) un-cer-tainty, pose un-cer-tainty, con-for-ma-tional vari
-abil-

Underfull \vbox (badness 10000) has occurred while \output is active
[15]

[16]
(./revision-methods.tex
Underfull \hbox (badness 10000) in paragraph at lines 12--20
[]\OT1/ptm/m/n/10 (+20) Each first or sec-ond pose-derivative field is a

Underfull \hbox (badness 4479) in paragraph at lines 12--20
\OT1/ptm/m/n/10 (+20) Fourier sum mul-ti-plied by one of ten mono-mi-als

Underfull \hbox (badness 4940) in paragraph at lines 12--20
\OT1/cmr/m/n/10 1\OML/cmm/m/it/10 ; x; y; z; x[]; y[]; z[]; xy; xz; yz$\OT1/ptm
/m/n/10 (+20) . Sum-ming co-ef-fi-cient

[17]

[18]

Underfull \hbox (badness 1117) in paragraph at lines 209--213
[]\OT1/ptm/m/n/10 (+20) Gaussian tar-get mo-ments eval-u-ate $\OMS/cmsy/m/n/10 
h\OML/cmm/m/it/10 `; F[]\OMS/cmsy/m/n/10 i$ \OT1/ptm/m/n/10 (+20) an-a-lyt-i-ca
lly

Underfull \hbox (badness 1082) in paragraph at lines 209--213
\OT1/ptm/m/n/10 (+20) on the cube, in-clud-ing bound-ary terms. For $\OML/cmm/m
/it/10 I[] \OT1/cmr/m/n/10 =
(./tables/joint-bias.tex)
[19]
(./tables/pilot-pairing.tex) (./two-pose-methods.tex
Underfull \vbox (badness 10000) has occurred while \output is active
[20]
(./tables/two-pose-modulus.tex)
Underfull \vbox (badness 10000) has occurred while \output is active
[21])

[22] (./tables/revision-experimental.tex)
Underfull \hbox (badness 1226) in paragraph at lines 347--352
[]\OT1/ptm/m/n/10 (+20) All eigh-teen in-ter-vals con-tain their amplitude-alig
ned


[23 <./figures/pose-adaptive-ambiguity-round01.pdf>]
Underfull \hbox (badness 10000) in paragraph at lines 371--380
[]\OT1/ptm/m/n/10 (+20) For the same cal-i-bra-tion pool, $[][] [][] \OMS/cmsy/
m/n/10 ^^T

Underfull \hbox (badness 10000) in paragraph at lines 371--380
[][] [][] [][]$\OT1/ptm/m/n/10 (+20) , so di-rec-tional cal-i-bra-tion can-not
(./tables/directional-noise.tex)
Underfull \vbox (badness 10000) has occurred while \output is active

[24 <./figures/revision-experimental.pdf>] (./tables/noise-metric-design.tex)
(./enclosing-domain.tex
Underfull \vbox (badness 10000) has occurred while \output is active
[25 <./figures/directional-noise.pdf>]

Underfull \hbox (badness 10000) in paragraph at lines 47--49
[]\OT1/ptm/m/n/10 (+20) For ei-ther sym-met-ric do-main, write $\OML/cmm/m/it/1
0 K[]\OT1/cmr/m/n/10 (\OML/cmm/m/it/10 v\OT1/cmr/m/n/10 ) =

Underfull \hbox (badness 6493) in paragraph at lines 47--49
[][] \OML/cmm/m/it/10 e[] dx$\OT1/ptm/m/n/10 (+20) . The ex-act real-arithmetic
 iden-tity
)
Underfull \vbox (badness 4072) has occurred while \output is active
[26] (./tables/revision-ctf.tex)
(./cubic-pose-methods.tex
[27]

[28]
Underfull \vbox (badness 2111) has occurred while \output is active

Underfull \hbox (badness 1902) in paragraph at lines 170--178
\OT1/ptm/m/n/10 (+20) lem gives op-ti-mum 2.071569215466, au-dited pri-mal
)
[29] (./tables/fourier-variational.tex
(/usr/local/texlive/2025/texmf-dist/tex/latex/psnfss/ts1ptm.fd))
(./pilot-target-methods.tex
(./tables/pilot-selected-fourier.tex)
Underfull \vbox (badness 10000) has occurred while \output is active
[30] (./tables/pilot-fixed-family.tex)))
Underfull \vbox (badness 10000) has occurred while \output is active

[31]

Underfull \hbox (badness 4569) in paragraph at lines 455--456
 \OT1/ptm/b/n/10 (+20) Pose in-fer-ence ver-sus pose con-fi-dence. \OT1/ptm/m/n
/10 (+20) Posterior-

[32 <./figures/fourier-variational.pdf>]
Underfull \vbox (badness 10000) has occurred while \output is active

Underfull \hbox (badness 2726) in paragraph at lines 461--462
[]\OT1/ptm/m/n/10 (+20) DynaMight's held-out de-for-ma-tion dis-agree-ment and

Underfull \vbox (badness 10000) has occurred while \output is active
[33 <./figures/pilot-selected-fourier.pdf>]
Underfull \hbox (badness 1137) in paragraph at lines 469--470
 \OT1/ptm/b/n/10 (+20) In-vari-ant com-pres-sion and ther-mo-dy-namic tar-gets.


Underfull \hbox (badness 10000) in paragraph at lines 471--472
 \OT1/ptm/b/n/10 (+20) Atomic en-sem-bles and in-de-pen-dent modal-i-ties.


Underfull \hbox (badness 10000) in paragraph at lines 475--476
 \OT1/ptm/b/n/10 (+20) Si-mul-ta-ne-ous in-verse in-fer-ence. \OT1/ptm/m/n/10 (
+20) Con-strained test-

[34] (./uncertainty-reconstruction-results.tex)
Underfull \vbox (badness 10000) has occurred while \output is active
(./uncertainty-pose-results.tex) (./frozen-prediction-results.tex)
(./frozen-uncertainty-results.tex)
[35]

[36] [37 <../results/uncertainty/confirmation/continuous-moments-v2/summary/con
firmation.pdf> <../results/uncertainty/development/continuous-pose-moments/mome
nt-remainder.pdf>] [38 <../results/uncertainty/development/continuous-pose-adve
rsaries/feasible-bias.pdf> <../results/uncertainty/development/background-diagn
ostics/background.pdf>] [39 <../results/uncertainty/development/continuous-summ
ary/continuous-audit.pdf> <../results/uncertainty/development/continuous-summar
y/continuous-pose.pdf>] [40 <../results/uncertainty/development/continuous-summ
ary/assumption-stress-center.pdf>] [41 <../results/uncertainty/development/cove
rage-summary/coverage-width.png>] [42 <../results/uncertainty/development/compa
rison-summary/bootstrap-center.png>] [43 <../results/uncertainty/development/co
mparison-summary/bootstrap-contrast.png> <../results/uncertainty/development/co
mparison-summary/neural-convergence.png>] (./main.aux) )
(see the transcript file for additional information)</usr/local/texlive/2025/te
xmf-dist/fonts/type1/public/amsfonts/cm/cmex10.pfb></usr/local/texlive/2025/tex
mf-dist/fonts/type1/public/amsfonts/cm/cmmi10.pfb></usr/local/texlive/2025/texm
f-dist/fonts/type1/public/amsfonts/cm/cmmi5.pfb></usr/local/texlive/2025/texmf-
dist/fonts/type1/public/amsfonts/cm/cmmi6.pfb></usr/local/texlive/2025/texmf-di
st/fonts/type1/public/amsfonts/cm/cmmi7.pfb></usr/local/texlive/2025/texmf-dist
/fonts/type1/public/amsfonts/cm/cmmi9.pfb></usr/local/texlive/2025/texmf-dist/f
onts/type1/public/amsfonts/cm/cmr10.pfb></usr/local/texlive/2025/texmf-dist/fon
ts/type1/public/amsfonts/cm/cmr5.pfb></usr/local/texlive/2025/texmf-dist/fonts/
type1/public/amsfonts/cm/cmr6.pfb></usr/local/texlive/2025/texmf-dist/fonts/typ
e1/public/amsfonts/cm/cmr7.pfb></usr/local/texlive/2025/texmf-dist/fonts/type1/
public/amsfonts/cm/cmr9.pfb></usr/local/texlive/2025/texmf-dist/fonts/type1/pub
lic/amsfonts/cm/cmsy10.pfb></usr/local/texlive/2025/texmf-dist/fonts/type1/publ
ic/amsfonts/cm/cmsy5.pfb></usr/local/texlive/2025/texmf-dist/fonts/type1/public
/amsfonts/cm/cmsy6.pfb></usr/local/texlive/2025/texmf-dist/fonts/type1/public/a
msfonts/cm/cmsy7.pfb></usr/local/texlive/2025/texmf-dist/fonts/type1/public/ams
fonts/cm/cmsy9.pfb></usr/local/texlive/2025/texmf-dist/fonts/type1/public/amsfo
nts/symbols/msbm10.pfb></usr/local/texlive/2025/texmf-dist/fonts/type1/public/a
msfonts/symbols/msbm7.pfb></usr/local/texlive/2025/texmf-dist/fonts/type1/urw/c
ourier/ucrr8a.pfb></usr/local/texlive/2025/texmf-dist/fonts/type1/urw/times/utm
b8a.pfb></usr/local/texlive/2025/texmf-dist/fonts/type1/urw/times/utmr8a.pfb></
usr/local/texlive/2025/texmf-dist/fonts/type1/urw/times/utmri8a.pfb>
Output written on main.pdf (43 pages, 1232040 bytes).
Transcript written on main.log.
This is BibTeX, Version 0.99d (TeX Live 2025)
The top-level auxiliary file: main.aux
The style file: icml2026.bst
Database file #1: references.bib
Database file #2: uncertainty-references.bib
Database file #3: survey-references.bib
This is pdfTeX, Version 3.141592653-2.6-1.40.27 (TeX Live 2025) (preloaded format=pdflatex)
 restricted \write18 enabled.
entering extended mode
(./main.tex
LaTeX2e <2024-11-01> patch level 2
L3 programming layer <2025-01-18>
(/usr/local/texlive/2025/texmf-dist/tex/latex/base/article.cls
Document Class: article 2024/06/29 v1.4n Standard LaTeX document class
(/usr/local/texlive/2025/texmf-dist/tex/latex/base/size10.clo))
(/usr/local/texlive/2025/texmf-dist/tex/latex/microtype/microtype.sty
(/usr/local/texlive/2025/texmf-dist/tex/latex/graphics/keyval.sty)
(/usr/local/texlive/2025/texmf-dist/tex/latex/etoolbox/etoolbox.sty)
(/usr/local/texlive/2025/texmf-dist/tex/latex/microtype/microtype-pdftex.def)
(/usr/local/texlive/2025/texmf-dist/tex/latex/microtype/microtype.cfg))
(/usr/local/texlive/2025/texmf-dist/tex/latex/graphics/graphicx.sty
(/usr/local/texlive/2025/texmf-dist/tex/latex/graphics/graphics.sty
(/usr/local/texlive/2025/texmf-dist/tex/latex/graphics/trig.sty)
(/usr/local/texlive/2025/texmf-dist/tex/latex/graphics-cfg/graphics.cfg)
(/usr/local/texlive/2025/texmf-dist/tex/latex/graphics-def/pdftex.def)))
(/usr/local/texlive/2025/texmf-dist/tex/latex/booktabs/booktabs.sty)
(/usr/local/texlive/2025/texmf-dist/tex/latex/amsmath/amsmath.sty
For additional information on amsmath, use the `?' option.
(/usr/local/texlive/2025/texmf-dist/tex/latex/amsmath/amstext.sty
(/usr/local/texlive/2025/texmf-dist/tex/latex/amsmath/amsgen.sty))
(/usr/local/texlive/2025/texmf-dist/tex/latex/amsmath/amsbsy.sty)
(/usr/local/texlive/2025/texmf-dist/tex/latex/amsmath/amsopn.sty))
(/usr/local/texlive/2025/texmf-dist/tex/latex/amsfonts/amssymb.sty
(/usr/local/texlive/2025/texmf-dist/tex/latex/amsfonts/amsfonts.sty))
(/usr/local/texlive/2025/texmf-dist/tex/latex/amscls/amsthm.sty)
(/usr/local/texlive/2025/texmf-dist/tex/latex/hyperref/hyperref.sty
(/usr/local/texlive/2025/texmf-dist/tex/generic/iftex/iftex.sty)
(/usr/local/texlive/2025/texmf-dist/tex/latex/kvsetkeys/kvsetkeys.sty)
(/usr/local/texlive/2025/texmf-dist/tex/generic/kvdefinekeys/kvdefinekeys.sty)
(/usr/local/texlive/2025/texmf-dist/tex/generic/pdfescape/pdfescape.sty
(/usr/local/texlive/2025/texmf-dist/tex/generic/ltxcmds/ltxcmds.sty)
(/usr/local/texlive/2025/texmf-dist/tex/generic/pdftexcmds/pdftexcmds.sty
(/usr/local/texlive/2025/texmf-dist/tex/generic/infwarerr/infwarerr.sty)))
(/usr/local/texlive/2025/texmf-dist/tex/latex/hycolor/hycolor.sty)
(/usr/local/texlive/2025/texmf-dist/tex/latex/hyperref/nameref.sty
(/usr/local/texlive/2025/texmf-dist/tex/latex/refcount/refcount.sty)
(/usr/local/texlive/2025/texmf-dist/tex/generic/gettitlestring/gettitlestring.s
ty (/usr/local/texlive/2025/texmf-dist/tex/latex/kvoptions/kvoptions.sty)))
(/usr/local/texlive/2025/texmf-dist/tex/generic/stringenc/stringenc.sty)
(/usr/local/texlive/2025/texmf-dist/tex/latex/hyperref/pd1enc.def)
(/usr/local/texlive/2025/texmf-dist/tex/generic/intcalc/intcalc.sty)
(/usr/local/texlive/2025/texmf-dist/tex/latex/hyperref/puenc.def)
(/usr/local/texlive/2025/texmf-dist/tex/latex/url/url.sty)
(/usr/local/texlive/2025/texmf-dist/tex/generic/bitset/bitset.sty
(/usr/local/texlive/2025/texmf-dist/tex/generic/bigintcalc/bigintcalc.sty))
(/usr/local/texlive/2025/texmf-dist/tex/latex/base/atbegshi-ltx.sty))
(/usr/local/texlive/2025/texmf-dist/tex/latex/hyperref/hpdftex.def
(/usr/local/texlive/2025/texmf-dist/tex/latex/base/atveryend-ltx.sty)
(/usr/local/texlive/2025/texmf-dist/tex/latex/rerunfilecheck/rerunfilecheck.sty

(/usr/local/texlive/2025/texmf-dist/tex/generic/uniquecounter/uniquecounter.sty
))) (./icml2026.sty
(/usr/local/texlive/2025/texmf-dist/tex/latex/psnfss/times.sty) (./fancyhdr.sty
) (/usr/local/texlive/2025/texmf-dist/tex/latex/xcolor/xcolor.sty
(/usr/local/texlive/2025/texmf-dist/tex/latex/graphics-cfg/color.cfg)
(/usr/local/texlive/2025/texmf-dist/tex/latex/graphics/mathcolor.ltx))
(./algorithm.sty
Document Style `algorithm' - floating environment
(/usr/local/texlive/2025/texmf-dist/tex/latex/float/float.sty)
(/usr/local/texlive/2025/texmf-dist/tex/latex/base/ifthen.sty))
(./algorithmic.sty
Document Style `algorithmic' - environment
(/usr/local/texlive/2025/texmf-dist/tex/latex/tools/calc.sty))
(/usr/local/texlive/2025/texmf-dist/tex/latex/natbib/natbib.sty)
(/usr/local/texlive/2025/texmf-dist/tex/latex/eso-pic/eso-pic.sty)
(/usr/local/texlive/2025/texmf-dist/tex/latex/forloop/forloop.sty)
(/usr/local/texlive/2025/texmf-dist/tex/latex/caption/caption.sty
(/usr/local/texlive/2025/texmf-dist/tex/latex/caption/caption3.sty)))
(/usr/local/texlive/2025/texmf-dist/tex/latex/psnfss/ot1ptm.fd)
(/usr/local/texlive/2025/texmf-dist/tex/latex/l3backend/l3backend-pdftex.def)
(./main.aux) (/usr/local/texlive/2025/texmf-dist/tex/latex/microtype/mt-ptm.cfg
) (/usr/local/texlive/2025/texmf-dist/tex/context/base/mkii/supp-pdf.mkii
[Loading MPS to PDF converter (version 2006.09.02).]
) (/usr/local/texlive/2025/texmf-dist/tex/latex/epstopdf-pkg/epstopdf-base.sty
(/usr/local/texlive/2025/texmf-dist/tex/latex/grfext/grfext.sty)
(/usr/local/texlive/2025/texmf-dist/tex/latex/latexconfig/epstopdf-sys.cfg))
(./main.out) (./main.out)

Package hyperref Warning: Token not allowed in a PDF string (Unicode):
(hyperref)                removing `\\' on input line 22.

(/usr/local/texlive/2025/texmf-dist/tex/latex/microtype/mt-cmr.cfg)
(/usr/local/texlive/2025/texmf-dist/tex/latex/amsfonts/umsa.fd)
(/usr/local/texlive/2025/texmf-dist/tex/latex/microtype/mt-msa.cfg)
(/usr/local/texlive/2025/texmf-dist/tex/latex/amsfonts/umsb.fd)
(/usr/local/texlive/2025/texmf-dist/tex/latex/microtype/mt-msb.cfg)

Package hyperref Warning: Ignoring empty anchor on input line 23.

(/usr/local/texlive/2025/texmf-dist/tex/latex/psnfss/omlptm.fd)
(/usr/local/texlive/2025/texmf-dist/tex/latex/psnfss/ot1pcr.fd)
Underfull \hbox (badness 5832) in paragraph at lines 23--23
[][][]|  $[]$\OT1/ptm/m/n/9 (+20) Fourier Cryo Splats re-search project. Cor-re
-spon-

Underfull \hbox (badness 3590) in paragraph at lines 23--23
\OT1/ptm/m/n/9 (+20) dence to: Project repos-i-tory \OML/cmm/m/it/9 <[][]$\OT1/
pcr/m/n/9 https : / / github . com /

Underfull \vbox (badness 10000) has occurred while \output is active

Underfull \vbox (badness 10000) has occurred while \output is active
[1{/usr/local/texlive/2025/texmf-var/fonts/map/pdftex/updmap/pdftex.map}{/usr/l
ocal/texlive/2025/texmf-dist/fonts/enc/dvips/base/8r.enc}]

[2]
Underfull \hbox (badness 3068) in paragraph at lines 120--121
[]\OT1/ptm/m/n/10 (+20) For fixed poses, the au-dit also ex-tends to $\OML/cmm/
m/it/10 H \OT1/cmr/m/n/10 =


[3]
Underfull \hbox (badness 10000) in paragraph at lines 136--138
\OT1/ptm/m/n/10 (+20) Here $\OML/cmm/m/it/10 L[] \OT1/cmr/m/n/10 = 2\OML/cmm/m/
it/10 ^^Y\OT1/cmr/m/n/10 (\OML/cmm/m/it/10 a [] c[] \OT1/cmr/m/n/10 + \OML/cmm/
m/it/10 s[] []\OT1/cmr/m/n/10 )$\OT1/ptm/m/n/10 (+20) , $\OML/cmm/m/it/10 H[] \
OT1/cmr/m/n/10 =

Underfull \hbox (badness 1472) in paragraph at lines 136--138
\OT1/cmr/m/n/10 2\OML/cmm/m/it/10 ^^Ya[] [] c[]$\OT1/ptm/m/n/10 (+20) , $\OML/c
mm/m/it/10 T[] \OT1/cmr/m/n/10 = 2\OML/cmm/m/it/10 ^^Ya[] [] c[]$\OT1/ptm/m/n/1
0 (+20) , and $\OT1/cmr/m/n/10 (\OML/cmm/m/it/10 c[]; c[]; c[]\OT1/cmr/m/n/10 )
 =


Underfull \vbox (badness 10000) has occurred while \output is active
[4] (./frozen-moments-results.tex)
Underfull \vbox (badness 10000) has occurred while \output is active

[5]
Underfull \vbox (badness 10000) has occurred while \output is active

Underfull \vbox (badness 10000) has occurred while \output is active
[6 <../results/uncertainty/confirmation/continuous-v1/summary/confirmation.pdf>
]

Underfull \hbox (badness 10000) in paragraph at lines 205--206
\OT1/ptm/m/n/10 (+20) at [][]$\OT1/pcr/m/n/10 https : / / github . com / yashpa
tel5400 /
(./main.bbl
Underfull \hbox (badness 2189) in paragraph at lines 17--22
\OT1/ptm/m/n/10 (+20) 2025.  URL [][]$\OT1/pcr/m/n/10 https : / / arxiv . org /
 abs / 2510 .

Underfull \hbox (badness 2318) in paragraph at lines 31--35
\OT1/ptm/m/n/10 (+20) guided cryo-EM map op-ti-mi-sa-tion with LocScale-

Underfull \hbox (badness 1292) in paragraph at lines 37--43
[]\OT1/ptm/m/n/10 (+20) Cai, T. T. and Low, M. G.  An adap-ta-tion the-ory

[7]
Underfull \hbox (badness 2189) in paragraph at lines 77--82
\OT1/ptm/m/n/10 (+20) 2023.  URL [][]$\OT1/pcr/m/n/10 https : / / arxiv . org /
 abs / 2307 .

Underfull \hbox (badness 1205) in paragraph at lines 133--139
\OT1/ptm/m/n/10 (+20) ca-tion for neu-ral ra-di-ance fields.  In \OT1/ptm/m/it/
10 (+20) Pro-ceed-ings

Underfull \hbox (badness 1521) in paragraph at lines 133--139
\OT1/ptm/m/it/10 (+20) of the IEEE/CVF Con-fer-ence on Com-puter Vi-sion

Underfull \hbox (badness 2142) in paragraph at lines 133--139
\OT1/ptm/m/it/10 (+20) and Pat-tern Recog-ni-tion\OT1/ptm/m/n/10 (+20) , pp. 20
061--20070, 2024.

Underfull \hbox (badness 10000) in paragraph at lines 133--139
\OT1/ptm/m/n/10 (+20) URL [][]$\OT1/pcr/m/n/10 https : / / openaccess . thecvf 
. com /

Underfull \hbox (badness 10000) in paragraph at lines 133--139
\OT1/pcr/m/n/10 content / CVPR2024 / html / Goli _ Bayes _

Underfull \hbox (badness 10000) in paragraph at lines 133--139
\OT1/pcr/m/n/10 Rays _ Uncertainty _ Quantification _ for _

Underfull \hbox (badness 10000) in paragraph at lines 133--139
\OT1/pcr/m/n/10 Neural _ Radiance _ Fields _ CVPR _ 2024 _


[8]
Underfull \hbox (badness 1824) in paragraph at lines 237--243
[]\OT1/ptm/m/n/10 (+20) Narnhofer, D., Habring, A., Holler, M., and Pock,

Underfull \hbox (badness 2050) in paragraph at lines 237--243
\OT1/ptm/m/n/10 (+20) In-verse Prob-lems in Imag-ing.  \OT1/ptm/m/it/10 (+20) a
rXiv:2212.12499\OT1/ptm/m/n/10 (+20) ,

Underfull \hbox (badness 2189) in paragraph at lines 237--243
\OT1/ptm/m/n/10 (+20) 2024.  URL [][]$\OT1/pcr/m/n/10 https : / / arxiv . org /
 abs / 2212 .

Underfull \hbox (badness 5274) in paragraph at lines 267--273
[]\OT1/ptm/m/n/10 (+20) Patel, Y.  \OT1/ptm/m/it/10 (+20) Con-for-mally Ro-bust
 De-ci-sion Mak-ing\OT1/ptm/m/n/10 (+20) .

Underfull \hbox (badness 1122) in paragraph at lines 267--273
\OT1/ptm/m/n/10 (+20) PhD the-sis, Uni-ver-sity of Michi-gan, 2025.  URL

Underfull \hbox (badness 10000) in paragraph at lines 267--273
[][]$\OT1/pcr/m/n/10 https : / / www . ambujtewari . com / theses /

Underfull \hbox (badness 1062) in paragraph at lines 290--296
[]\OT1/ptm/m/n/10 (+20) Rangan, A. V., Tang, W.-S., Cos-sio, P., Zhang, K.,

Underfull \hbox (badness 1478) in paragraph at lines 299--304
\OT1/ptm/m/n/10 (+20) and Deane, C. M.  CE-SPED: a new bench-mark


Underfull \hbox (badness 1803) in paragraph at lines 338--345
\OT1/ptm/m/it/10 (+20) Vi-sion and Pat-tern Recog-ni-tion\OT1/ptm/m/n/10 (+20) 
, pp. 34072--34083,

Underfull \hbox (badness 5274) in paragraph at lines 338--345
\OT1/ptm/m/n/10 (+20) 2026.  URL [][]$\OT1/pcr/m/n/10 https : / / openaccess . 
thecvf .

Underfull \hbox (badness 10000) in paragraph at lines 338--345
\OT1/pcr/m/n/10 com / content / CVPR2026 / html / Shabeeb _

Underfull \hbox (badness 10000) in paragraph at lines 338--345
\OT1/pcr/m/n/10 cryoSENSE _ Compressive _ Sensing _

Underfull \hbox (badness 10000) in paragraph at lines 338--345
\OT1/pcr/m/n/10 Enables _ High-[]throughput _ Microscopy _

Underfull \hbox (badness 10000) in paragraph at lines 338--345
\OT1/pcr/m/n/10 with _ Sparse _ and _ Generative _ CVPR _ 2026 _

[9]
Underfull \hbox (badness 2189) in paragraph at lines 432--437
\OT1/ptm/m/n/10 (+20) 2026.  URL [][]$\OT1/pcr/m/n/10 https : / / arxiv . org /
 abs / 2507 .


Underfull \hbox (badness 1448) in paragraph at lines 471--477
\OT1/ptm/m/n/10 (+20) Cry-o-DRGN2: Ab Ini-tio Neu-ral Re-con-struc-tion of

Underfull \hbox (badness 1189) in paragraph at lines 471--477
\OT1/ptm/m/n/10 (+20) In \OT1/ptm/m/it/10 (+20) ICCV\OT1/ptm/m/n/10 (+20) , 202
1b.  URL [][]$\OT1/pcr/m/n/10 https : / / openaccess .

Underfull \hbox (badness 10000) in paragraph at lines 471--477
\OT1/pcr/m/n/10 thecvf . com / content / ICCV2021 / html /

Underfull \hbox (badness 10000) in paragraph at lines 471--477
\OT1/pcr/m/n/10 Zhong _ CryoDRGN2 _ Ab _ Initio _ Neural _

Underfull \hbox (badness 10000) in paragraph at lines 471--477
\OT1/pcr/m/n/10 Reconstruction _ of _ 3D _ Protein _
)
[10]

[11] (./uncertainty-results.tex)
Underfull \vbox (badness 10000) has occurred while \output is active

Underfull \vbox (badness 10000) has occurred while \output is active
[12]
Underfull \hbox (badness 2856) in paragraph at lines 290--291
[][]\OT1/ptm/b/n/10 (+20) Proposition 1. []\OT1/ptm/m/it/10 (+20) Let two al-lo
wed pa-ram-e-ters in-duce


[13]
Underfull \vbox (badness 10000) has occurred while \output is active

[14 <../results/uncertainty/development/comparison-summary/pose-curvature-width
-power.png>]
Underfull \hbox (badness 7168) in paragraph at lines 346--348
\OT1/ptm/m/n/10 (+20) For a Fourier voxel col-umn, de-fine $\OML/cmm/m/it/10 T\
OT1/cmr/m/n/10 (\OML/cmm/m/it/10 q; x\OT1/cmr/m/n/10 ) =


Underfull \hbox (badness 4072) in paragraph at lines 364--365
[]\OT1/ptm/m/n/10 (+20) The repos-i-tory's liv-ing sur-vey dis-tin-guishes den-
sity

Underfull \hbox (badness 1237) in paragraph at lines 364--365
\OT1/ptm/m/n/10 (+20) un-cer-tainty, pose un-cer-tainty, con-for-ma-tional vari
-abil-

Underfull \vbox (badness 10000) has occurred while \output is active
[15]

[16]
(./revision-methods.tex
Underfull \hbox (badness 10000) in paragraph at lines 12--20
[]\OT1/ptm/m/n/10 (+20) Each first or sec-ond pose-derivative field is a

Underfull \hbox (badness 4479) in paragraph at lines 12--20
\OT1/ptm/m/n/10 (+20) Fourier sum mul-ti-plied by one of ten mono-mi-als

Underfull \hbox (badness 4940) in paragraph at lines 12--20
\OT1/cmr/m/n/10 1\OML/cmm/m/it/10 ; x; y; z; x[]; y[]; z[]; xy; xz; yz$\OT1/ptm
/m/n/10 (+20) . Sum-ming co-ef-fi-cient

[17]

[18]

Underfull \hbox (badness 1117) in paragraph at lines 209--213
[]\OT1/ptm/m/n/10 (+20) Gaussian tar-get mo-ments eval-u-ate $\OMS/cmsy/m/n/10 
h\OML/cmm/m/it/10 `; F[]\OMS/cmsy/m/n/10 i$ \OT1/ptm/m/n/10 (+20) an-a-lyt-i-ca
lly

Underfull \hbox (badness 1082) in paragraph at lines 209--213
\OT1/ptm/m/n/10 (+20) on the cube, in-clud-ing bound-ary terms. For $\OML/cmm/m
/it/10 I[] \OT1/cmr/m/n/10 =
(./tables/joint-bias.tex)
[19]
(./tables/pilot-pairing.tex) (./two-pose-methods.tex
Underfull \vbox (badness 10000) has occurred while \output is active
[20]
(./tables/two-pose-modulus.tex)
Underfull \vbox (badness 10000) has occurred while \output is active
[21])

[22] (./tables/revision-experimental.tex)
Underfull \hbox (badness 1226) in paragraph at lines 347--352
[]\OT1/ptm/m/n/10 (+20) All eigh-teen in-ter-vals con-tain their amplitude-alig
ned


[23 <./figures/pose-adaptive-ambiguity-round01.pdf>]
Underfull \hbox (badness 10000) in paragraph at lines 371--380
[]\OT1/ptm/m/n/10 (+20) For the same cal-i-bra-tion pool, $[][] [][] \OMS/cmsy/
m/n/10 ^^T

Underfull \hbox (badness 10000) in paragraph at lines 371--380
[][] [][] [][]$\OT1/ptm/m/n/10 (+20) , so di-rec-tional cal-i-bra-tion can-not
(./tables/directional-noise.tex)
Underfull \vbox (badness 10000) has occurred while \output is active

[24 <./figures/revision-experimental.pdf>] (./tables/noise-metric-design.tex)
(./enclosing-domain.tex
Underfull \vbox (badness 10000) has occurred while \output is active
[25 <./figures/directional-noise.pdf>]

Underfull \hbox (badness 10000) in paragraph at lines 47--49
[]\OT1/ptm/m/n/10 (+20) For ei-ther sym-met-ric do-main, write $\OML/cmm/m/it/1
0 K[]\OT1/cmr/m/n/10 (\OML/cmm/m/it/10 v\OT1/cmr/m/n/10 ) =

Underfull \hbox (badness 6493) in paragraph at lines 47--49
[][] \OML/cmm/m/it/10 e[] dx$\OT1/ptm/m/n/10 (+20) . The ex-act real-arithmetic
 iden-tity
)
Underfull \vbox (badness 4072) has occurred while \output is active
[26] (./tables/revision-ctf.tex)
(./cubic-pose-methods.tex
[27]

[28]
Underfull \vbox (badness 2111) has occurred while \output is active

Underfull \hbox (badness 1902) in paragraph at lines 170--178
\OT1/ptm/m/n/10 (+20) lem gives op-ti-mum 2.071569215466, au-dited pri-mal
)
[29] (./tables/fourier-variational.tex
(/usr/local/texlive/2025/texmf-dist/tex/latex/psnfss/ts1ptm.fd))
(./pilot-target-methods.tex
(./tables/pilot-selected-fourier.tex)
Underfull \vbox (badness 10000) has occurred while \output is active
[30] (./tables/pilot-fixed-family.tex)))
Underfull \vbox (badness 10000) has occurred while \output is active

[31]

Underfull \hbox (badness 4569) in paragraph at lines 455--456
 \OT1/ptm/b/n/10 (+20) Pose in-fer-ence ver-sus pose con-fi-dence. \OT1/ptm/m/n
/10 (+20) Posterior-

[32 <./figures/fourier-variational.pdf>]
Underfull \vbox (badness 10000) has occurred while \output is active

Underfull \hbox (badness 2726) in paragraph at lines 461--462
[]\OT1/ptm/m/n/10 (+20) DynaMight's held-out de-for-ma-tion dis-agree-ment and

Underfull \vbox (badness 10000) has occurred while \output is active
[33 <./figures/pilot-selected-fourier.pdf>]
Underfull \hbox (badness 1137) in paragraph at lines 469--470
 \OT1/ptm/b/n/10 (+20) In-vari-ant com-pres-sion and ther-mo-dy-namic tar-gets.


Underfull \hbox (badness 10000) in paragraph at lines 471--472
 \OT1/ptm/b/n/10 (+20) Atomic en-sem-bles and in-de-pen-dent modal-i-ties.


Underfull \hbox (badness 10000) in paragraph at lines 475--476
 \OT1/ptm/b/n/10 (+20) Si-mul-ta-ne-ous in-verse in-fer-ence. \OT1/ptm/m/n/10 (
+20) Con-strained test-

[34] (./uncertainty-reconstruction-results.tex)
Underfull \vbox (badness 10000) has occurred while \output is active
(./uncertainty-pose-results.tex) (./frozen-prediction-results.tex)
(./frozen-uncertainty-results.tex)
[35]

[36] [37 <../results/uncertainty/confirmation/continuous-moments-v2/summary/con
firmation.pdf> <../results/uncertainty/development/continuous-pose-moments/mome
nt-remainder.pdf>] [38 <../results/uncertainty/development/continuous-pose-adve
rsaries/feasible-bias.pdf> <../results/uncertainty/development/background-diagn
ostics/background.pdf>] [39 <../results/uncertainty/development/continuous-summ
ary/continuous-audit.pdf> <../results/uncertainty/development/continuous-summar
y/continuous-pose.pdf>] [40 <../results/uncertainty/development/continuous-summ
ary/assumption-stress-center.pdf>] [41 <../results/uncertainty/development/cove
rage-summary/coverage-width.png>] [42 <../results/uncertainty/development/compa
rison-summary/bootstrap-center.png>] [43 <../results/uncertainty/development/co
mparison-summary/bootstrap-contrast.png> <../results/uncertainty/development/co
mparison-summary/neural-convergence.png>] (./main.aux) )
(see the transcript file for additional information)</usr/local/texlive/2025/te
xmf-dist/fonts/type1/public/amsfonts/cm/cmex10.pfb></usr/local/texlive/2025/tex
mf-dist/fonts/type1/public/amsfonts/cm/cmmi10.pfb></usr/local/texlive/2025/texm
f-dist/fonts/type1/public/amsfonts/cm/cmmi5.pfb></usr/local/texlive/2025/texmf-
dist/fonts/type1/public/amsfonts/cm/cmmi6.pfb></usr/local/texlive/2025/texmf-di
st/fonts/type1/public/amsfonts/cm/cmmi7.pfb></usr/local/texlive/2025/texmf-dist
/fonts/type1/public/amsfonts/cm/cmmi9.pfb></usr/local/texlive/2025/texmf-dist/f
onts/type1/public/amsfonts/cm/cmr10.pfb></usr/local/texlive/2025/texmf-dist/fon
ts/type1/public/amsfonts/cm/cmr5.pfb></usr/local/texlive/2025/texmf-dist/fonts/
type1/public/amsfonts/cm/cmr6.pfb></usr/local/texlive/2025/texmf-dist/fonts/typ
e1/public/amsfonts/cm/cmr7.pfb></usr/local/texlive/2025/texmf-dist/fonts/type1/
public/amsfonts/cm/cmr9.pfb></usr/local/texlive/2025/texmf-dist/fonts/type1/pub
lic/amsfonts/cm/cmsy10.pfb></usr/local/texlive/2025/texmf-dist/fonts/type1/publ
ic/amsfonts/cm/cmsy5.pfb></usr/local/texlive/2025/texmf-dist/fonts/type1/public
/amsfonts/cm/cmsy6.pfb></usr/local/texlive/2025/texmf-dist/fonts/type1/public/a
msfonts/cm/cmsy7.pfb></usr/local/texlive/2025/texmf-dist/fonts/type1/public/ams
fonts/cm/cmsy9.pfb></usr/local/texlive/2025/texmf-dist/fonts/type1/public/amsfo
nts/symbols/msbm10.pfb></usr/local/texlive/2025/texmf-dist/fonts/type1/public/a
msfonts/symbols/msbm7.pfb></usr/local/texlive/2025/texmf-dist/fonts/type1/urw/c
ourier/ucrr8a.pfb></usr/local/texlive/2025/texmf-dist/fonts/type1/urw/times/utm
b8a.pfb></usr/local/texlive/2025/texmf-dist/fonts/type1/urw/times/utmr8a.pfb></
usr/local/texlive/2025/texmf-dist/fonts/type1/urw/times/utmri8a.pfb>
Output written on main.pdf (43 pages, 1232040 bytes).
Transcript written on main.log.
This is pdfTeX, Version 3.141592653-2.6-1.40.27 (TeX Live 2025) (preloaded format=pdflatex)
 restricted \write18 enabled.
entering extended mode
(./main.tex
LaTeX2e <2024-11-01> patch level 2
L3 programming layer <2025-01-18>
(/usr/local/texlive/2025/texmf-dist/tex/latex/base/article.cls
Document Class: article 2024/06/29 v1.4n Standard LaTeX document class
(/usr/local/texlive/2025/texmf-dist/tex/latex/base/size10.clo))
(/usr/local/texlive/2025/texmf-dist/tex/latex/microtype/microtype.sty
(/usr/local/texlive/2025/texmf-dist/tex/latex/graphics/keyval.sty)
(/usr/local/texlive/2025/texmf-dist/tex/latex/etoolbox/etoolbox.sty)
(/usr/local/texlive/2025/texmf-dist/tex/latex/microtype/microtype-pdftex.def)
(/usr/local/texlive/2025/texmf-dist/tex/latex/microtype/microtype.cfg))
(/usr/local/texlive/2025/texmf-dist/tex/latex/graphics/graphicx.sty
(/usr/local/texlive/2025/texmf-dist/tex/latex/graphics/graphics.sty
(/usr/local/texlive/2025/texmf-dist/tex/latex/graphics/trig.sty)
(/usr/local/texlive/2025/texmf-dist/tex/latex/graphics-cfg/graphics.cfg)
(/usr/local/texlive/2025/texmf-dist/tex/latex/graphics-def/pdftex.def)))
(/usr/local/texlive/2025/texmf-dist/tex/latex/booktabs/booktabs.sty)
(/usr/local/texlive/2025/texmf-dist/tex/latex/amsmath/amsmath.sty
For additional information on amsmath, use the `?' option.
(/usr/local/texlive/2025/texmf-dist/tex/latex/amsmath/amstext.sty
(/usr/local/texlive/2025/texmf-dist/tex/latex/amsmath/amsgen.sty))
(/usr/local/texlive/2025/texmf-dist/tex/latex/amsmath/amsbsy.sty)
(/usr/local/texlive/2025/texmf-dist/tex/latex/amsmath/amsopn.sty))
(/usr/local/texlive/2025/texmf-dist/tex/latex/amsfonts/amssymb.sty
(/usr/local/texlive/2025/texmf-dist/tex/latex/amsfonts/amsfonts.sty))
(/usr/local/texlive/2025/texmf-dist/tex/latex/amscls/amsthm.sty)
(/usr/local/texlive/2025/texmf-dist/tex/latex/hyperref/hyperref.sty
(/usr/local/texlive/2025/texmf-dist/tex/generic/iftex/iftex.sty)
(/usr/local/texlive/2025/texmf-dist/tex/latex/kvsetkeys/kvsetkeys.sty)
(/usr/local/texlive/2025/texmf-dist/tex/generic/kvdefinekeys/kvdefinekeys.sty)
(/usr/local/texlive/2025/texmf-dist/tex/generic/pdfescape/pdfescape.sty
(/usr/local/texlive/2025/texmf-dist/tex/generic/ltxcmds/ltxcmds.sty)
(/usr/local/texlive/2025/texmf-dist/tex/generic/pdftexcmds/pdftexcmds.sty
(/usr/local/texlive/2025/texmf-dist/tex/generic/infwarerr/infwarerr.sty)))
(/usr/local/texlive/2025/texmf-dist/tex/latex/hycolor/hycolor.sty)
(/usr/local/texlive/2025/texmf-dist/tex/latex/hyperref/nameref.sty
(/usr/local/texlive/2025/texmf-dist/tex/latex/refcount/refcount.sty)
(/usr/local/texlive/2025/texmf-dist/tex/generic/gettitlestring/gettitlestring.s
ty (/usr/local/texlive/2025/texmf-dist/tex/latex/kvoptions/kvoptions.sty)))
(/usr/local/texlive/2025/texmf-dist/tex/generic/stringenc/stringenc.sty)
(/usr/local/texlive/2025/texmf-dist/tex/latex/hyperref/pd1enc.def)
(/usr/local/texlive/2025/texmf-dist/tex/generic/intcalc/intcalc.sty)
(/usr/local/texlive/2025/texmf-dist/tex/latex/hyperref/puenc.def)
(/usr/local/texlive/2025/texmf-dist/tex/latex/url/url.sty)
(/usr/local/texlive/2025/texmf-dist/tex/generic/bitset/bitset.sty
(/usr/local/texlive/2025/texmf-dist/tex/generic/bigintcalc/bigintcalc.sty))
(/usr/local/texlive/2025/texmf-dist/tex/latex/base/atbegshi-ltx.sty))
(/usr/local/texlive/2025/texmf-dist/tex/latex/hyperref/hpdftex.def
(/usr/local/texlive/2025/texmf-dist/tex/latex/base/atveryend-ltx.sty)
(/usr/local/texlive/2025/texmf-dist/tex/latex/rerunfilecheck/rerunfilecheck.sty

(/usr/local/texlive/2025/texmf-dist/tex/generic/uniquecounter/uniquecounter.sty
))) (./icml2026.sty
(/usr/local/texlive/2025/texmf-dist/tex/latex/psnfss/times.sty) (./fancyhdr.sty
) (/usr/local/texlive/2025/texmf-dist/tex/latex/xcolor/xcolor.sty
(/usr/local/texlive/2025/texmf-dist/tex/latex/graphics-cfg/color.cfg)
(/usr/local/texlive/2025/texmf-dist/tex/latex/graphics/mathcolor.ltx))
(./algorithm.sty
Document Style `algorithm' - floating environment
(/usr/local/texlive/2025/texmf-dist/tex/latex/float/float.sty)
(/usr/local/texlive/2025/texmf-dist/tex/latex/base/ifthen.sty))
(./algorithmic.sty
Document Style `algorithmic' - environment
(/usr/local/texlive/2025/texmf-dist/tex/latex/tools/calc.sty))
(/usr/local/texlive/2025/texmf-dist/tex/latex/natbib/natbib.sty)
(/usr/local/texlive/2025/texmf-dist/tex/latex/eso-pic/eso-pic.sty)
(/usr/local/texlive/2025/texmf-dist/tex/latex/forloop/forloop.sty)
(/usr/local/texlive/2025/texmf-dist/tex/latex/caption/caption.sty
(/usr/local/texlive/2025/texmf-dist/tex/latex/caption/caption3.sty)))
(/usr/local/texlive/2025/texmf-dist/tex/latex/psnfss/ot1ptm.fd)
(/usr/local/texlive/2025/texmf-dist/tex/latex/l3backend/l3backend-pdftex.def)
(./main.aux) (/usr/local/texlive/2025/texmf-dist/tex/latex/microtype/mt-ptm.cfg
) (/usr/local/texlive/2025/texmf-dist/tex/context/base/mkii/supp-pdf.mkii
[Loading MPS to PDF converter (version 2006.09.02).]
) (/usr/local/texlive/2025/texmf-dist/tex/latex/epstopdf-pkg/epstopdf-base.sty
(/usr/local/texlive/2025/texmf-dist/tex/latex/grfext/grfext.sty)
(/usr/local/texlive/2025/texmf-dist/tex/latex/latexconfig/epstopdf-sys.cfg))
(./main.out) (./main.out)

Package hyperref Warning: Token not allowed in a PDF string (Unicode):
(hyperref)                removing `\\' on input line 22.

(/usr/local/texlive/2025/texmf-dist/tex/latex/microtype/mt-cmr.cfg)
(/usr/local/texlive/2025/texmf-dist/tex/latex/amsfonts/umsa.fd)
(/usr/local/texlive/2025/texmf-dist/tex/latex/microtype/mt-msa.cfg)
(/usr/local/texlive/2025/texmf-dist/tex/latex/amsfonts/umsb.fd)
(/usr/local/texlive/2025/texmf-dist/tex/latex/microtype/mt-msb.cfg)

Package hyperref Warning: Ignoring empty anchor on input line 23.

(/usr/local/texlive/2025/texmf-dist/tex/latex/psnfss/omlptm.fd)
(/usr/local/texlive/2025/texmf-dist/tex/latex/psnfss/ot1pcr.fd)
Underfull \hbox (badness 5832) in paragraph at lines 23--23
[][][]|  $[]$\OT1/ptm/m/n/9 (+20) Fourier Cryo Splats re-search project. Cor-re
-spon-

Underfull \hbox (badness 3590) in paragraph at lines 23--23
\OT1/ptm/m/n/9 (+20) dence to: Project repos-i-tory \OML/cmm/m/it/9 <[][]$\OT1/
pcr/m/n/9 https : / / github . com /

Underfull \vbox (badness 10000) has occurred while \output is active

Underfull \vbox (badness 10000) has occurred while \output is active
[1{/usr/local/texlive/2025/texmf-var/fonts/map/pdftex/updmap/pdftex.map}{/usr/l
ocal/texlive/2025/texmf-dist/fonts/enc/dvips/base/8r.enc}]

[2]
Underfull \hbox (badness 3068) in paragraph at lines 120--121
[]\OT1/ptm/m/n/10 (+20) For fixed poses, the au-dit also ex-tends to $\OML/cmm/
m/it/10 H \OT1/cmr/m/n/10 =


[3]
Underfull \hbox (badness 10000) in paragraph at lines 136--138
\OT1/ptm/m/n/10 (+20) Here $\OML/cmm/m/it/10 L[] \OT1/cmr/m/n/10 = 2\OML/cmm/m/
it/10 ^^Y\OT1/cmr/m/n/10 (\OML/cmm/m/it/10 a [] c[] \OT1/cmr/m/n/10 + \OML/cmm/
m/it/10 s[] []\OT1/cmr/m/n/10 )$\OT1/ptm/m/n/10 (+20) , $\OML/cmm/m/it/10 H[] \
OT1/cmr/m/n/10 =

Underfull \hbox (badness 1472) in paragraph at lines 136--138
\OT1/cmr/m/n/10 2\OML/cmm/m/it/10 ^^Ya[] [] c[]$\OT1/ptm/m/n/10 (+20) , $\OML/c
mm/m/it/10 T[] \OT1/cmr/m/n/10 = 2\OML/cmm/m/it/10 ^^Ya[] [] c[]$\OT1/ptm/m/n/1
0 (+20) , and $\OT1/cmr/m/n/10 (\OML/cmm/m/it/10 c[]; c[]; c[]\OT1/cmr/m/n/10 )
 =


Underfull \vbox (badness 10000) has occurred while \output is active
[4] (./frozen-moments-results.tex)
Underfull \vbox (badness 10000) has occurred while \output is active

[5]
Underfull \vbox (badness 10000) has occurred while \output is active

Underfull \vbox (badness 10000) has occurred while \output is active
[6 <../results/uncertainty/confirmation/continuous-v1/summary/confirmation.pdf>
]

Underfull \hbox (badness 10000) in paragraph at lines 205--206
\OT1/ptm/m/n/10 (+20) at [][]$\OT1/pcr/m/n/10 https : / / github . com / yashpa
tel5400 /
(./main.bbl
Underfull \hbox (badness 2189) in paragraph at lines 17--22
\OT1/ptm/m/n/10 (+20) 2025.  URL [][]$\OT1/pcr/m/n/10 https : / / arxiv . org /
 abs / 2510 .

Underfull \hbox (badness 2318) in paragraph at lines 31--35
\OT1/ptm/m/n/10 (+20) guided cryo-EM map op-ti-mi-sa-tion with LocScale-

Underfull \hbox (badness 1292) in paragraph at lines 37--43
[]\OT1/ptm/m/n/10 (+20) Cai, T. T. and Low, M. G.  An adap-ta-tion the-ory

[7]
Underfull \hbox (badness 2189) in paragraph at lines 77--82
\OT1/ptm/m/n/10 (+20) 2023.  URL [][]$\OT1/pcr/m/n/10 https : / / arxiv . org /
 abs / 2307 .

Underfull \hbox (badness 1205) in paragraph at lines 133--139
\OT1/ptm/m/n/10 (+20) ca-tion for neu-ral ra-di-ance fields.  In \OT1/ptm/m/it/
10 (+20) Pro-ceed-ings

Underfull \hbox (badness 1521) in paragraph at lines 133--139
\OT1/ptm/m/it/10 (+20) of the IEEE/CVF Con-fer-ence on Com-puter Vi-sion

Underfull \hbox (badness 2142) in paragraph at lines 133--139
\OT1/ptm/m/it/10 (+20) and Pat-tern Recog-ni-tion\OT1/ptm/m/n/10 (+20) , pp. 20
061--20070, 2024.

Underfull \hbox (badness 10000) in paragraph at lines 133--139
\OT1/ptm/m/n/10 (+20) URL [][]$\OT1/pcr/m/n/10 https : / / openaccess . thecvf 
. com /

Underfull \hbox (badness 10000) in paragraph at lines 133--139
\OT1/pcr/m/n/10 content / CVPR2024 / html / Goli _ Bayes _

Underfull \hbox (badness 10000) in paragraph at lines 133--139
\OT1/pcr/m/n/10 Rays _ Uncertainty _ Quantification _ for _

Underfull \hbox (badness 10000) in paragraph at lines 133--139
\OT1/pcr/m/n/10 Neural _ Radiance _ Fields _ CVPR _ 2024 _


[8]
Underfull \hbox (badness 1824) in paragraph at lines 237--243
[]\OT1/ptm/m/n/10 (+20) Narnhofer, D., Habring, A., Holler, M., and Pock,

Underfull \hbox (badness 2050) in paragraph at lines 237--243
\OT1/ptm/m/n/10 (+20) In-verse Prob-lems in Imag-ing.  \OT1/ptm/m/it/10 (+20) a
rXiv:2212.12499\OT1/ptm/m/n/10 (+20) ,

Underfull \hbox (badness 2189) in paragraph at lines 237--243
\OT1/ptm/m/n/10 (+20) 2024.  URL [][]$\OT1/pcr/m/n/10 https : / / arxiv . org /
 abs / 2212 .

Underfull \hbox (badness 5274) in paragraph at lines 267--273
[]\OT1/ptm/m/n/10 (+20) Patel, Y.  \OT1/ptm/m/it/10 (+20) Con-for-mally Ro-bust
 De-ci-sion Mak-ing\OT1/ptm/m/n/10 (+20) .

Underfull \hbox (badness 1122) in paragraph at lines 267--273
\OT1/ptm/m/n/10 (+20) PhD the-sis, Uni-ver-sity of Michi-gan, 2025.  URL

Underfull \hbox (badness 10000) in paragraph at lines 267--273
[][]$\OT1/pcr/m/n/10 https : / / www . ambujtewari . com / theses /

Underfull \hbox (badness 1062) in paragraph at lines 290--296
[]\OT1/ptm/m/n/10 (+20) Rangan, A. V., Tang, W.-S., Cos-sio, P., Zhang, K.,

Underfull \hbox (badness 1478) in paragraph at lines 299--304
\OT1/ptm/m/n/10 (+20) and Deane, C. M.  CE-SPED: a new bench-mark


Underfull \hbox (badness 1803) in paragraph at lines 338--345
\OT1/ptm/m/it/10 (+20) Vi-sion and Pat-tern Recog-ni-tion\OT1/ptm/m/n/10 (+20) 
, pp. 34072--34083,

Underfull \hbox (badness 5274) in paragraph at lines 338--345
\OT1/ptm/m/n/10 (+20) 2026.  URL [][]$\OT1/pcr/m/n/10 https : / / openaccess . 
thecvf .

Underfull \hbox (badness 10000) in paragraph at lines 338--345
\OT1/pcr/m/n/10 com / content / CVPR2026 / html / Shabeeb _

Underfull \hbox (badness 10000) in paragraph at lines 338--345
\OT1/pcr/m/n/10 cryoSENSE _ Compressive _ Sensing _

Underfull \hbox (badness 10000) in paragraph at lines 338--345
\OT1/pcr/m/n/10 Enables _ High-[]throughput _ Microscopy _

Underfull \hbox (badness 10000) in paragraph at lines 338--345
\OT1/pcr/m/n/10 with _ Sparse _ and _ Generative _ CVPR _ 2026 _

[9]
Underfull \hbox (badness 2189) in paragraph at lines 432--437
\OT1/ptm/m/n/10 (+20) 2026.  URL [][]$\OT1/pcr/m/n/10 https : / / arxiv . org /
 abs / 2507 .


Underfull \hbox (badness 1448) in paragraph at lines 471--477
\OT1/ptm/m/n/10 (+20) Cry-o-DRGN2: Ab Ini-tio Neu-ral Re-con-struc-tion of

Underfull \hbox (badness 1189) in paragraph at lines 471--477
\OT1/ptm/m/n/10 (+20) In \OT1/ptm/m/it/10 (+20) ICCV\OT1/ptm/m/n/10 (+20) , 202
1b.  URL [][]$\OT1/pcr/m/n/10 https : / / openaccess .

Underfull \hbox (badness 10000) in paragraph at lines 471--477
\OT1/pcr/m/n/10 thecvf . com / content / ICCV2021 / html /

Underfull \hbox (badness 10000) in paragraph at lines 471--477
\OT1/pcr/m/n/10 Zhong _ CryoDRGN2 _ Ab _ Initio _ Neural _

Underfull \hbox (badness 10000) in paragraph at lines 471--477
\OT1/pcr/m/n/10 Reconstruction _ of _ 3D _ Protein _
)
[10]

[11] (./uncertainty-results.tex)
Underfull \vbox (badness 10000) has occurred while \output is active

Underfull \vbox (badness 10000) has occurred while \output is active
[12]
Underfull \hbox (badness 2856) in paragraph at lines 290--291
[][]\OT1/ptm/b/n/10 (+20) Proposition 1. []\OT1/ptm/m/it/10 (+20) Let two al-lo
wed pa-ram-e-ters in-duce


[13]
Underfull \vbox (badness 10000) has occurred while \output is active

[14 <../results/uncertainty/development/comparison-summary/pose-curvature-width
-power.png>]
Underfull \hbox (badness 7168) in paragraph at lines 346--348
\OT1/ptm/m/n/10 (+20) For a Fourier voxel col-umn, de-fine $\OML/cmm/m/it/10 T\
OT1/cmr/m/n/10 (\OML/cmm/m/it/10 q; x\OT1/cmr/m/n/10 ) =


Underfull \hbox (badness 4072) in paragraph at lines 364--365
[]\OT1/ptm/m/n/10 (+20) The repos-i-tory's liv-ing sur-vey dis-tin-guishes den-
sity

Underfull \hbox (badness 1237) in paragraph at lines 364--365
\OT1/ptm/m/n/10 (+20) un-cer-tainty, pose un-cer-tainty, con-for-ma-tional vari
-abil-

Underfull \vbox (badness 10000) has occurred while \output is active
[15]

[16]
(./revision-methods.tex
Underfull \hbox (badness 10000) in paragraph at lines 12--20
[]\OT1/ptm/m/n/10 (+20) Each first or sec-ond pose-derivative field is a

Underfull \hbox (badness 4479) in paragraph at lines 12--20
\OT1/ptm/m/n/10 (+20) Fourier sum mul-ti-plied by one of ten mono-mi-als

Underfull \hbox (badness 4940) in paragraph at lines 12--20
\OT1/cmr/m/n/10 1\OML/cmm/m/it/10 ; x; y; z; x[]; y[]; z[]; xy; xz; yz$\OT1/ptm
/m/n/10 (+20) . Sum-ming co-ef-fi-cient

[17]

[18]

Underfull \hbox (badness 1117) in paragraph at lines 209--213
[]\OT1/ptm/m/n/10 (+20) Gaussian tar-get mo-ments eval-u-ate $\OMS/cmsy/m/n/10 
h\OML/cmm/m/it/10 `; F[]\OMS/cmsy/m/n/10 i$ \OT1/ptm/m/n/10 (+20) an-a-lyt-i-ca
lly

Underfull \hbox (badness 1082) in paragraph at lines 209--213
\OT1/ptm/m/n/10 (+20) on the cube, in-clud-ing bound-ary terms. For $\OML/cmm/m
/it/10 I[] \OT1/cmr/m/n/10 =
(./tables/joint-bias.tex)
[19]
(./tables/pilot-pairing.tex) (./two-pose-methods.tex
Underfull \vbox (badness 10000) has occurred while \output is active
[20]
(./tables/two-pose-modulus.tex)
Underfull \vbox (badness 10000) has occurred while \output is active
[21])

[22] (./tables/revision-experimental.tex)
Underfull \hbox (badness 1226) in paragraph at lines 347--352
[]\OT1/ptm/m/n/10 (+20) All eigh-teen in-ter-vals con-tain their amplitude-alig
ned


[23 <./figures/pose-adaptive-ambiguity-round01.pdf>]
Underfull \hbox (badness 10000) in paragraph at lines 371--380
[]\OT1/ptm/m/n/10 (+20) For the same cal-i-bra-tion pool, $[][] [][] \OMS/cmsy/
m/n/10 ^^T

Underfull \hbox (badness 10000) in paragraph at lines 371--380
[][] [][] [][]$\OT1/ptm/m/n/10 (+20) , so di-rec-tional cal-i-bra-tion can-not
(./tables/directional-noise.tex)
Underfull \vbox (badness 10000) has occurred while \output is active

[24 <./figures/revision-experimental.pdf>] (./tables/noise-metric-design.tex)
(./enclosing-domain.tex
Underfull \vbox (badness 10000) has occurred while \output is active
[25 <./figures/directional-noise.pdf>]

Underfull \hbox (badness 10000) in paragraph at lines 47--49
[]\OT1/ptm/m/n/10 (+20) For ei-ther sym-met-ric do-main, write $\OML/cmm/m/it/1
0 K[]\OT1/cmr/m/n/10 (\OML/cmm/m/it/10 v\OT1/cmr/m/n/10 ) =

Underfull \hbox (badness 6493) in paragraph at lines 47--49
[][] \OML/cmm/m/it/10 e[] dx$\OT1/ptm/m/n/10 (+20) . The ex-act real-arithmetic
 iden-tity
)
Underfull \vbox (badness 4072) has occurred while \output is active
[26] (./tables/revision-ctf.tex)
(./cubic-pose-methods.tex
[27]

[28]
Underfull \vbox (badness 2111) has occurred while \output is active

Underfull \hbox (badness 1902) in paragraph at lines 170--178
\OT1/ptm/m/n/10 (+20) lem gives op-ti-mum 2.071569215466, au-dited pri-mal
)
[29] (./tables/fourier-variational.tex
(/usr/local/texlive/2025/texmf-dist/tex/latex/psnfss/ts1ptm.fd))
(./pilot-target-methods.tex
(./tables/pilot-selected-fourier.tex)
Underfull \vbox (badness 10000) has occurred while \output is active
[30] (./tables/pilot-fixed-family.tex)))
Underfull \vbox (badness 10000) has occurred while \output is active

[31]

Underfull \hbox (badness 4569) in paragraph at lines 455--456
 \OT1/ptm/b/n/10 (+20) Pose in-fer-ence ver-sus pose con-fi-dence. \OT1/ptm/m/n
/10 (+20) Posterior-

[32 <./figures/fourier-variational.pdf>]
Underfull \vbox (badness 10000) has occurred while \output is active

Underfull \hbox (badness 2726) in paragraph at lines 461--462
[]\OT1/ptm/m/n/10 (+20) DynaMight's held-out de-for-ma-tion dis-agree-ment and

Underfull \vbox (badness 10000) has occurred while \output is active
[33 <./figures/pilot-selected-fourier.pdf>]
Underfull \hbox (badness 1137) in paragraph at lines 469--470
 \OT1/ptm/b/n/10 (+20) In-vari-ant com-pres-sion and ther-mo-dy-namic tar-gets.


Underfull \hbox (badness 10000) in paragraph at lines 471--472
 \OT1/ptm/b/n/10 (+20) Atomic en-sem-bles and in-de-pen-dent modal-i-ties.


Underfull \hbox (badness 10000) in paragraph at lines 475--476
 \OT1/ptm/b/n/10 (+20) Si-mul-ta-ne-ous in-verse in-fer-ence. \OT1/ptm/m/n/10 (
+20) Con-strained test-

[34] (./uncertainty-reconstruction-results.tex)
Underfull \vbox (badness 10000) has occurred while \output is active
(./uncertainty-pose-results.tex) (./frozen-prediction-results.tex)
(./frozen-uncertainty-results.tex)
[35]

[36] [37 <../results/uncertainty/confirmation/continuous-moments-v2/summary/con
firmation.pdf> <../results/uncertainty/development/continuous-pose-moments/mome
nt-remainder.pdf>] [38 <../results/uncertainty/development/continuous-pose-adve
rsaries/feasible-bias.pdf> <../results/uncertainty/development/background-diagn
ostics/background.pdf>] [39 <../results/uncertainty/development/continuous-summ
ary/continuous-audit.pdf> <../results/uncertainty/development/continuous-summar
y/continuous-pose.pdf>] [40 <../results/uncertainty/development/continuous-summ
ary/assumption-stress-center.pdf>] [41 <../results/uncertainty/development/cove
rage-summary/coverage-width.png>] [42 <../results/uncertainty/development/compa
rison-summary/bootstrap-center.png>] [43 <../results/uncertainty/development/co
mparison-summary/bootstrap-contrast.png> <../results/uncertainty/development/co
mparison-summary/neural-convergence.png>] (./main.aux) )
(see the transcript file for additional information)</usr/local/texlive/2025/te
xmf-dist/fonts/type1/public/amsfonts/cm/cmex10.pfb></usr/local/texlive/2025/tex
mf-dist/fonts/type1/public/amsfonts/cm/cmmi10.pfb></usr/local/texlive/2025/texm
f-dist/fonts/type1/public/amsfonts/cm/cmmi5.pfb></usr/local/texlive/2025/texmf-
dist/fonts/type1/public/amsfonts/cm/cmmi6.pfb></usr/local/texlive/2025/texmf-di
st/fonts/type1/public/amsfonts/cm/cmmi7.pfb></usr/local/texlive/2025/texmf-dist
/fonts/type1/public/amsfonts/cm/cmmi9.pfb></usr/local/texlive/2025/texmf-dist/f
onts/type1/public/amsfonts/cm/cmr10.pfb></usr/local/texlive/2025/texmf-dist/fon
ts/type1/public/amsfonts/cm/cmr5.pfb></usr/local/texlive/2025/texmf-dist/fonts/
type1/public/amsfonts/cm/cmr6.pfb></usr/local/texlive/2025/texmf-dist/fonts/typ
e1/public/amsfonts/cm/cmr7.pfb></usr/local/texlive/2025/texmf-dist/fonts/type1/
public/amsfonts/cm/cmr9.pfb></usr/local/texlive/2025/texmf-dist/fonts/type1/pub
lic/amsfonts/cm/cmsy10.pfb></usr/local/texlive/2025/texmf-dist/fonts/type1/publ
ic/amsfonts/cm/cmsy5.pfb></usr/local/texlive/2025/texmf-dist/fonts/type1/public
/amsfonts/cm/cmsy6.pfb></usr/local/texlive/2025/texmf-dist/fonts/type1/public/a
msfonts/cm/cmsy7.pfb></usr/local/texlive/2025/texmf-dist/fonts/type1/public/ams
fonts/cm/cmsy9.pfb></usr/local/texlive/2025/texmf-dist/fonts/type1/public/amsfo
nts/symbols/msbm10.pfb></usr/local/texlive/2025/texmf-dist/fonts/type1/public/a
msfonts/symbols/msbm7.pfb></usr/local/texlive/2025/texmf-dist/fonts/type1/urw/c
ourier/ucrr8a.pfb></usr/local/texlive/2025/texmf-dist/fonts/type1/urw/times/utm
b8a.pfb></usr/local/texlive/2025/texmf-dist/fonts/type1/urw/times/utmr8a.pfb></
usr/local/texlive/2025/texmf-dist/fonts/type1/urw/times/utmri8a.pfb>
Output written on main.pdf (43 pages, 1232040 bytes).
Transcript written on main.log.
