[
  {
    "dataset": "10028",
    "features": 4,
    "minimum_relative_half_width": 0.02015584385568144,
    "maximum_relative_half_width": 0.020232040740371215,
    "minimum_reference_sign_power": 1.0,
    "maximum_relative_sum_gap": 0.001321474467695329,
    "minimum_fit_seconds": 2243.979821084009,
    "maximum_fit_seconds": 2618.630451874982,
    "converged": 4
  },
  {
    "dataset": "10049",
    "features": 4,
    "minimum_relative_half_width": 0.05325294037568255,
    "maximum_relative_half_width": 0.05388675790402507,
    "minimum_reference_sign_power": 0.015787154298346748,
    "maximum_relative_sum_gap": 0.004368645125140963,
    "minimum_fit_seconds": 2670.515673667018,
    "maximum_fit_seconds": 3613.010356832994,
    "converged": 4
  },
  {
    "dataset": "10076",
    "features": 4,
    "minimum_relative_half_width": 0.034670286170950554,
    "maximum_relative_half_width": 0.03468800078477121,
    "minimum_reference_sign_power": 0.9999999989716397,
    "maximum_relative_sum_gap": 0.001115438005398645,
    "minimum_fit_seconds": 2032.7083103330224,
    "maximum_fit_seconds": 2422.1571693329606,
    "converged": 4
  }
]
