10028 law 0 views 16384 seconds 12.52
10028 law 0 views 32768 seconds 23.33
10028 law 0 views 49152 seconds 34.43
10028 law 0 views 65536 seconds 45.61
10028 law 0 complete seconds 45.82
10028 law 1 views 16384 seconds 58.52
10028 law 1 views 32768 seconds 69.53
10028 law 1 views 49152 seconds 80.53
10028 law 1 views 65536 seconds 91.57
10028 law 1 complete seconds 91.77
10028 law 2 views 16384 seconds 104.26
10028 law 2 views 32768 seconds 115.48
10028 law 2 views 49152 seconds 126.72
10028 law 2 views 65536 seconds 137.97
10028 law 2 complete seconds 138.18
10028 law 3 views 16384 seconds 150.86
10028 law 3 views 32768 seconds 162.12
10028 law 3 views 49152 seconds 173.47
10028 law 3 views 65536 seconds 184.8
10028 law 3 complete seconds 185.0
10028 law 4 views 16384 seconds 197.68
10028 law 4 views 32768 seconds 208.94
10028 law 4 views 49152 seconds 220.2
10028 law 4 views 65536 seconds 231.4
10028 law 4 complete seconds 231.61
10028 law 5 views 16384 seconds 244.23
10028 law 5 views 32768 seconds 255.41
10028 law 5 views 49152 seconds 266.69
10028 law 5 views 65536 seconds 277.93
10028 law 5 complete seconds 278.14
10028 law 6 views 16384 seconds 290.73
10028 law 6 views 32768 seconds 301.94
10028 law 6 views 49152 seconds 313.17
10028 law 6 views 65536 seconds 324.41
10028 law 6 complete seconds 324.61
10028 law 7 views 16384 seconds 337.29
10028 law 7 views 32768 seconds 348.48
10028 law 7 views 49152 seconds 359.74
10028 law 7 views 65536 seconds 370.9
10028 law 7 complete seconds 371.11
10028 law 8 views 16384 seconds 383.69
10028 law 8 views 32768 seconds 394.87
10028 law 8 views 49152 seconds 406.1
10028 law 8 views 65536 seconds 417.3
10028 law 8 complete seconds 417.51
COMPLETE 10028 417.5115831249859
