10049 law 0 views 16384 seconds 12.14
10049 law 0 views 32768 seconds 22.85
10049 law 0 views 49152 seconds 33.81
10049 law 0 views 65536 seconds 44.87
10049 law 0 complete seconds 45.08
10049 law 1 views 16384 seconds 57.67
10049 law 1 views 32768 seconds 68.65
10049 law 1 views 49152 seconds 79.54
10049 law 1 views 65536 seconds 90.43
10049 law 1 complete seconds 90.65
10049 law 2 views 16384 seconds 103.0
10049 law 2 views 32768 seconds 114.03
10049 law 2 views 49152 seconds 125.12
10049 law 2 views 65536 seconds 136.25
10049 law 2 complete seconds 136.47
10049 law 3 views 16384 seconds 149.04
10049 law 3 views 32768 seconds 160.22
10049 law 3 views 49152 seconds 171.44
10049 law 3 views 65536 seconds 182.63
10049 law 3 complete seconds 182.84
10049 law 4 views 16384 seconds 195.45
10049 law 4 views 32768 seconds 206.58
10049 law 4 views 49152 seconds 217.71
10049 law 4 views 65536 seconds 228.81
10049 law 4 complete seconds 229.03
10049 law 5 views 16384 seconds 241.52
10049 law 5 views 32768 seconds 252.63
10049 law 5 views 49152 seconds 263.75
10049 law 5 views 65536 seconds 274.82
10049 law 5 complete seconds 275.04
10049 law 6 views 16384 seconds 287.54
10049 law 6 views 32768 seconds 298.63
10049 law 6 views 49152 seconds 309.73
10049 law 6 views 65536 seconds 320.83
10049 law 6 complete seconds 321.04
10049 law 7 views 16384 seconds 333.59
10049 law 7 views 32768 seconds 344.65
10049 law 7 views 49152 seconds 355.82
10049 law 7 views 65536 seconds 366.84
10049 law 7 complete seconds 367.06
10049 law 8 views 16384 seconds 379.53
10049 law 8 views 32768 seconds 390.57
10049 law 8 views 49152 seconds 401.68
10049 law 8 views 65536 seconds 412.81
10049 law 8 complete seconds 413.02
COMPLETE 10049 413.0249642920098
