COMMAND ["/Users/yash/Documents/New project/fourier-splats/.venv/bin/python", "/Users/yash/Documents/New project/fourier-splats/scripts/evaluate_uq_optimized_pose.py", "--fit", "results/uncertainty/development/pose-aware-optimized-shift05-bounded/10028-contrast-0.5.json"]
CANDIDATE 10028 contrast 0.5 -1.0 0 0.6337154331221462
CANDIDATE 10028 contrast 0.5 -1.0 1 0.6339765917321639
CANDIDATE 10028 contrast 0.5 -1.0 2 0.6343190615503113
CANDIDATE 10028 contrast 0.5 1.0 0 0.6318387636094007
CANDIDATE 10028 contrast 0.5 1.0 1 0.6324985768365204
CANDIDATE 10028 contrast 0.5 1.0 2 0.632958793972096
DONE 0.6343190615503113 1.2394448509338917e-204
COMMAND ["/Users/yash/Documents/New project/fourier-splats/.venv/bin/python", "/Users/yash/Documents/New project/fourier-splats/scripts/audit_uq_joint_bias.py", "--fit", "results/uncertainty/development/pose-aware-optimized-shift05-bounded/10028-contrast-0.5.json"]
DONE pose-aware-optimized-shift05-bounded 10028-contrast-0.5 0.15141061510642126 0.8430188813420685
COMMAND ["/Users/yash/Documents/New project/fourier-splats/.venv/bin/python", "/Users/yash/Documents/New project/fourier-splats/scripts/audit_uq_joint_bias.py", "--fit", "results/uncertainty/development/pose-aware-optimized-shift05-bounded/10028-contrast-0.5.json", "--sharp-cubic"]
DONE pose-aware-optimized-shift05-bounded 10028-contrast-0.5 0.14987215740795173 0.8344531088099095
COMMAND ["/Users/yash/Documents/New project/fourier-splats/.venv/bin/python", "/Users/yash/Documents/New project/fourier-splats/scripts/audit_uq_joint_bias.py", "--fit", "results/uncertainty/development/pose-aware-optimized-shift05-bounded/10028-contrast-0.5.json", "--sharp-cubic", "--pilot-pairing"]
DONE pose-aware-optimized-shift05-bounded 10028-contrast-0.5 0.13233712623762117 0.736822157696473
COMMAND ["/Users/yash/Documents/New project/fourier-splats/.venv/bin/python", "/Users/yash/Documents/New project/fourier-splats/scripts/evaluate_uq_optimized_pose.py", "--fit", "results/uncertainty/development/pose-aware-optimized-shift05-bounded/10028-contrast-1.json"]
CANDIDATE 10028 contrast 1.0 -1.0 0 0.4319055825733426
CANDIDATE 10028 contrast 1.0 -1.0 1 0.43335047600400234
CANDIDATE 10028 contrast 1.0 -1.0 2 0.4328600933587843
CANDIDATE 10028 contrast 1.0 1.0 0 0.43399209075431794
CANDIDATE 10028 contrast 1.0 1.0 1 0.4322600653872266
CANDIDATE 10028 contrast 1.0 1.0 2 0.43383054934619497
DONE 0.43399209075431794 0.0
COMMAND ["/Users/yash/Documents/New project/fourier-splats/.venv/bin/python", "/Users/yash/Documents/New project/fourier-splats/scripts/audit_uq_joint_bias.py", "--fit", "results/uncertainty/development/pose-aware-optimized-shift05-bounded/10028-contrast-1.json"]
DONE pose-aware-optimized-shift05-bounded 10028-contrast-1 0.23654060150271494 0.8355069396234718
COMMAND ["/Users/yash/Documents/New project/fourier-splats/.venv/bin/python", "/Users/yash/Documents/New project/fourier-splats/scripts/audit_uq_joint_bias.py", "--fit", "results/uncertainty/development/pose-aware-optimized-shift05-bounded/10028-contrast-1.json", "--sharp-cubic"]
DONE pose-aware-optimized-shift05-bounded 10028-contrast-1 0.22798269271559182 0.8052787583519195
COMMAND ["/Users/yash/Documents/New project/fourier-splats/.venv/bin/python", "/Users/yash/Documents/New project/fourier-splats/scripts/audit_uq_joint_bias.py", "--fit", "results/uncertainty/development/pose-aware-optimized-shift05-bounded/10028-contrast-1.json", "--sharp-cubic", "--pilot-pairing"]
DONE pose-aware-optimized-shift05-bounded 10028-contrast-1 0.1926394366898403 0.6804395743352781
COMMAND ["/Users/yash/Documents/New project/fourier-splats/.venv/bin/python", "/Users/yash/Documents/New project/fourier-splats/scripts/evaluate_uq_optimized_pose.py", "--fit", "results/uncertainty/development/pose-aware-optimized-shift05-bounded/10028-contrast-2.json"]
CANDIDATE 10028 contrast 2.0 -1.0 0 0.1973164219238014
CANDIDATE 10028 contrast 2.0 -1.0 1 0.1967785677804813
CANDIDATE 10028 contrast 2.0 -1.0 2 0.1969882057876872
CANDIDATE 10028 contrast 2.0 1.0 0 0.1981425204339271
CANDIDATE 10028 contrast 2.0 1.0 1 0.1988378145515933
CANDIDATE 10028 contrast 2.0 1.0 2 0.19393630163071446
DONE 0.1988378145515933 0.0
COMMAND ["/Users/yash/Documents/New project/fourier-splats/.venv/bin/python", "/Users/yash/Documents/New project/fourier-splats/scripts/audit_uq_joint_bias.py", "--fit", "results/uncertainty/development/pose-aware-optimized-shift05-bounded/10028-contrast-2.json"]
DONE pose-aware-optimized-shift05-bounded 10028-contrast-2 0.6527184200369386 0.9002045302588917
COMMAND ["/Users/yash/Documents/New project/fourier-splats/.venv/bin/python", "/Users/yash/Documents/New project/fourier-splats/scripts/audit_uq_joint_bias.py", "--fit", "results/uncertainty/development/pose-aware-optimized-shift05-bounded/10028-contrast-2.json", "--sharp-cubic"]
DONE pose-aware-optimized-shift05-bounded 10028-contrast-2 0.5929358561560863 0.8177546817729409
COMMAND ["/Users/yash/Documents/New project/fourier-splats/.venv/bin/python", "/Users/yash/Documents/New project/fourier-splats/scripts/audit_uq_joint_bias.py", "--fit", "results/uncertainty/development/pose-aware-optimized-shift05-bounded/10028-contrast-2.json", "--sharp-cubic", "--pilot-pairing"]
DONE pose-aware-optimized-shift05-bounded 10028-contrast-2 0.5144586346068791 0.7095218692889158
COMMAND ["/Users/yash/Documents/New project/fourier-splats/.venv/bin/python", "/Users/yash/Documents/New project/fourier-splats/scripts/summarize_uq_joint_bias.py"]
DONE 21
COMPLETE_REMAINING_BOUNDED_GRID_DIAGNOSTICS
