This is pdfTeX, Version 3.141592653-2.6-1.40.27 (TeX Live 2025) (preloaded format=pdflatex)
 restricted \write18 enabled.
entering extended mode
(./main.tex
LaTeX2e <2024-11-01> patch level 2
L3 programming layer <2025-01-18>
(./focused-main.tex
(/usr/local/texlive/2025/texmf-dist/tex/latex/base/article.cls
Document Class: article 2024/06/29 v1.4n Standard LaTeX document class
(/usr/local/texlive/2025/texmf-dist/tex/latex/base/size10.clo))
(/usr/local/texlive/2025/texmf-dist/tex/latex/microtype/microtype.sty
(/usr/local/texlive/2025/texmf-dist/tex/latex/graphics/keyval.sty)
(/usr/local/texlive/2025/texmf-dist/tex/latex/etoolbox/etoolbox.sty)
(/usr/local/texlive/2025/texmf-dist/tex/latex/microtype/microtype-pdftex.def)
(/usr/local/texlive/2025/texmf-dist/tex/latex/microtype/microtype.cfg))
(/usr/local/texlive/2025/texmf-dist/tex/latex/graphics/graphicx.sty
(/usr/local/texlive/2025/texmf-dist/tex/latex/graphics/graphics.sty
(/usr/local/texlive/2025/texmf-dist/tex/latex/graphics/trig.sty)
(/usr/local/texlive/2025/texmf-dist/tex/latex/graphics-cfg/graphics.cfg)
(/usr/local/texlive/2025/texmf-dist/tex/latex/graphics-def/pdftex.def)))
(/usr/local/texlive/2025/texmf-dist/tex/latex/booktabs/booktabs.sty)
(/usr/local/texlive/2025/texmf-dist/tex/latex/amsmath/amsmath.sty
For additional information on amsmath, use the `?' option.
(/usr/local/texlive/2025/texmf-dist/tex/latex/amsmath/amstext.sty
(/usr/local/texlive/2025/texmf-dist/tex/latex/amsmath/amsgen.sty))
(/usr/local/texlive/2025/texmf-dist/tex/latex/amsmath/amsbsy.sty)
(/usr/local/texlive/2025/texmf-dist/tex/latex/amsmath/amsopn.sty))
(/usr/local/texlive/2025/texmf-dist/tex/latex/amsfonts/amssymb.sty
(/usr/local/texlive/2025/texmf-dist/tex/latex/amsfonts/amsfonts.sty))
(/usr/local/texlive/2025/texmf-dist/tex/latex/amscls/amsthm.sty)
(/usr/local/texlive/2025/texmf-dist/tex/latex/hyperref/hyperref.sty
(/usr/local/texlive/2025/texmf-dist/tex/generic/iftex/iftex.sty)
(/usr/local/texlive/2025/texmf-dist/tex/latex/kvsetkeys/kvsetkeys.sty)
(/usr/local/texlive/2025/texmf-dist/tex/generic/kvdefinekeys/kvdefinekeys.sty)
(/usr/local/texlive/2025/texmf-dist/tex/generic/pdfescape/pdfescape.sty
(/usr/local/texlive/2025/texmf-dist/tex/generic/ltxcmds/ltxcmds.sty)
(/usr/local/texlive/2025/texmf-dist/tex/generic/pdftexcmds/pdftexcmds.sty
(/usr/local/texlive/2025/texmf-dist/tex/generic/infwarerr/infwarerr.sty)))
(/usr/local/texlive/2025/texmf-dist/tex/latex/hycolor/hycolor.sty)
(/usr/local/texlive/2025/texmf-dist/tex/latex/hyperref/nameref.sty
(/usr/local/texlive/2025/texmf-dist/tex/latex/refcount/refcount.sty)
(/usr/local/texlive/2025/texmf-dist/tex/generic/gettitlestring/gettitlestring.s
ty (/usr/local/texlive/2025/texmf-dist/tex/latex/kvoptions/kvoptions.sty)))
(/usr/local/texlive/2025/texmf-dist/tex/generic/stringenc/stringenc.sty)
(/usr/local/texlive/2025/texmf-dist/tex/latex/hyperref/pd1enc.def)
(/usr/local/texlive/2025/texmf-dist/tex/generic/intcalc/intcalc.sty)
(/usr/local/texlive/2025/texmf-dist/tex/latex/hyperref/puenc.def)
(/usr/local/texlive/2025/texmf-dist/tex/latex/url/url.sty)
(/usr/local/texlive/2025/texmf-dist/tex/generic/bitset/bitset.sty
(/usr/local/texlive/2025/texmf-dist/tex/generic/bigintcalc/bigintcalc.sty))
(/usr/local/texlive/2025/texmf-dist/tex/latex/base/atbegshi-ltx.sty))
(/usr/local/texlive/2025/texmf-dist/tex/latex/hyperref/hpdftex.def
(/usr/local/texlive/2025/texmf-dist/tex/latex/base/atveryend-ltx.sty)
(/usr/local/texlive/2025/texmf-dist/tex/latex/rerunfilecheck/rerunfilecheck.sty

(/usr/local/texlive/2025/texmf-dist/tex/generic/uniquecounter/uniquecounter.sty
))) (./icml2026.sty
(/usr/local/texlive/2025/texmf-dist/tex/latex/psnfss/times.sty) (./fancyhdr.sty
) (/usr/local/texlive/2025/texmf-dist/tex/latex/xcolor/xcolor.sty
(/usr/local/texlive/2025/texmf-dist/tex/latex/graphics-cfg/color.cfg)
(/usr/local/texlive/2025/texmf-dist/tex/latex/graphics/mathcolor.ltx))
(./algorithm.sty
Document Style `algorithm' - floating environment
(/usr/local/texlive/2025/texmf-dist/tex/latex/float/float.sty)
(/usr/local/texlive/2025/texmf-dist/tex/latex/base/ifthen.sty))
(./algorithmic.sty
Document Style `algorithmic' - environment
(/usr/local/texlive/2025/texmf-dist/tex/latex/tools/calc.sty))
(/usr/local/texlive/2025/texmf-dist/tex/latex/natbib/natbib.sty)
(/usr/local/texlive/2025/texmf-dist/tex/latex/eso-pic/eso-pic.sty)
(/usr/local/texlive/2025/texmf-dist/tex/latex/forloop/forloop.sty)
(/usr/local/texlive/2025/texmf-dist/tex/latex/caption/caption.sty
(/usr/local/texlive/2025/texmf-dist/tex/latex/caption/caption3.sty)))
(/usr/local/texlive/2025/texmf-dist/tex/latex/psnfss/ot1ptm.fd)
(/usr/local/texlive/2025/texmf-dist/tex/latex/l3backend/l3backend-pdftex.def)
(./main.aux) (/usr/local/texlive/2025/texmf-dist/tex/latex/microtype/mt-ptm.cfg
) (/usr/local/texlive/2025/texmf-dist/tex/context/base/mkii/supp-pdf.mkii
[Loading MPS to PDF converter (version 2006.09.02).]
) (/usr/local/texlive/2025/texmf-dist/tex/latex/epstopdf-pkg/epstopdf-base.sty
(/usr/local/texlive/2025/texmf-dist/tex/latex/grfext/grfext.sty)
(/usr/local/texlive/2025/texmf-dist/tex/latex/latexconfig/epstopdf-sys.cfg))
(./main.out) (./main.out)

Package hyperref Warning: Token not allowed in a PDF string (Unicode):
(hyperref)                removing `\\' on input line 19.

(/usr/local/texlive/2025/texmf-dist/tex/latex/microtype/mt-cmr.cfg)
(/usr/local/texlive/2025/texmf-dist/tex/latex/amsfonts/umsa.fd)
(/usr/local/texlive/2025/texmf-dist/tex/latex/microtype/mt-msa.cfg)
(/usr/local/texlive/2025/texmf-dist/tex/latex/amsfonts/umsb.fd)
(/usr/local/texlive/2025/texmf-dist/tex/latex/microtype/mt-msb.cfg)

Package hyperref Warning: Ignoring empty anchor on input line 20.

(/usr/local/texlive/2025/texmf-dist/tex/latex/psnfss/omlptm.fd)
(/usr/local/texlive/2025/texmf-dist/tex/latex/psnfss/ot1pcr.fd)
Underfull \hbox (badness 5832) in paragraph at lines 20--20
[][][]|  $[]$\OT1/ptm/m/n/9 (+20) Fourier Cryo Splats re-search project. Cor-re
-spon-

Underfull \hbox (badness 3590) in paragraph at lines 20--20
\OT1/ptm/m/n/9 (+20) dence to: Project repos-i-tory \OML/cmm/m/it/9 <[][]$\OT1/
pcr/m/n/9 https : / / github . com /


Underfull \hbox (badness 3078) in paragraph at lines 36--37
[]\OT1/ptm/m/n/10 (+20) Bayesian re-con-struc-tion is foun-da-tional in cryo-EM


Underfull \vbox (badness 10000) has occurred while \output is active
[1{/usr/local/texlive/2025/texmf-var/fonts/map/pdftex/updmap/pdftex.map}{/usr/l
ocal/texlive/2025/texmf-dist/fonts/enc/dvips/base/8r.enc}]

[2]

[3]
Underfull \vbox (badness 10000) has occurred while \output is active
(./tables/continuous-gaussian-v2-main.tex)
Underfull \vbox (badness 6658) has occurred while \output is active
[4] (./tables/end-to-end-widths.tex)
Underfull \vbox (badness 10000) has occurred while \output is active

Underfull \vbox (badness 10000) has occurred while \output is active
[5]
Underfull \vbox (badness 10000) has occurred while \output is active

Underfull \vbox (badness 10000) has occurred while \output is active
[6 <./figures/refitting-alignment-bias.pdf>] (./main.bbl

Underfull \hbox (badness 2189) in paragraph at lines 39--44
\OT1/ptm/m/n/10 (+20) 2025.  URL [][]$\OT1/pcr/m/n/10 https : / / arxiv . org /
 abs / 2510 .

Underfull \hbox (badness 2318) in paragraph at lines 67--71
\OT1/ptm/m/n/10 (+20) guided cryo-EM map op-ti-mi-sa-tion with LocScale-

Underfull \hbox (badness 2189) in paragraph at lines 108--113
\OT1/ptm/m/n/10 (+20) 2023.  URL [][]$\OT1/pcr/m/n/10 https : / / arxiv . org /
 abs / 2307 .

[7]
Underfull \hbox (badness 1205) in paragraph at lines 188--194
\OT1/ptm/m/n/10 (+20) ca-tion for neu-ral ra-di-ance fields.  In \OT1/ptm/m/it/
10 (+20) Pro-ceed-ings

Underfull \hbox (badness 1521) in paragraph at lines 188--194
\OT1/ptm/m/it/10 (+20) of the IEEE/CVF Con-fer-ence on Com-puter Vi-sion

Underfull \hbox (badness 2142) in paragraph at lines 188--194
\OT1/ptm/m/it/10 (+20) and Pat-tern Recog-ni-tion\OT1/ptm/m/n/10 (+20) , pp. 20
061--20070, 2024.

Underfull \hbox (badness 10000) in paragraph at lines 188--194
\OT1/ptm/m/n/10 (+20) URL [][]$\OT1/pcr/m/n/10 https : / / openaccess . thecvf 
. com /

Underfull \hbox (badness 10000) in paragraph at lines 188--194
\OT1/pcr/m/n/10 content / CVPR2024 / html / Goli _ Bayes _

Underfull \hbox (badness 10000) in paragraph at lines 188--194
\OT1/pcr/m/n/10 Rays _ Uncertainty _ Quantification _ for _

Underfull \hbox (badness 10000) in paragraph at lines 188--194
\OT1/pcr/m/n/10 Neural _ Radiance _ Fields _ CVPR _ 2024 _


[8]
Underfull \hbox (badness 1824) in paragraph at lines 337--343
[]\OT1/ptm/m/n/10 (+20) Narnhofer, D., Habring, A., Holler, M., and Pock,

Underfull \hbox (badness 2050) in paragraph at lines 337--343
\OT1/ptm/m/n/10 (+20) In-verse Prob-lems in Imag-ing.  \OT1/ptm/m/it/10 (+20) a
rXiv:2212.12499\OT1/ptm/m/n/10 (+20) ,

Underfull \hbox (badness 2189) in paragraph at lines 337--343
\OT1/ptm/m/n/10 (+20) 2024.  URL [][]$\OT1/pcr/m/n/10 https : / / arxiv . org /
 abs / 2212 .


Underfull \hbox (badness 5274) in paragraph at lines 382--388
[]\OT1/ptm/m/n/10 (+20) Patel, Y.  \OT1/ptm/m/it/10 (+20) Con-for-mally Ro-bust
 De-ci-sion Mak-ing\OT1/ptm/m/n/10 (+20) .

Underfull \hbox (badness 1122) in paragraph at lines 382--388
\OT1/ptm/m/n/10 (+20) PhD the-sis, Uni-ver-sity of Michi-gan, 2025.  URL

Underfull \hbox (badness 10000) in paragraph at lines 382--388
[][]$\OT1/pcr/m/n/10 https : / / www . ambujtewari . com / theses /

Underfull \hbox (badness 1062) in paragraph at lines 413--419
[]\OT1/ptm/m/n/10 (+20) Rangan, A. V., Tang, W.-S., Cos-sio, P., Zhang, K.,

Underfull \hbox (badness 2189) in paragraph at lines 422--426
\OT1/ptm/m/n/10 (+20) 2026.  URL [][]$\OT1/pcr/m/n/10 https : / / arxiv . org /
 abs / 2509 .

Underfull \hbox (badness 1478) in paragraph at lines 429--434
\OT1/ptm/m/n/10 (+20) and Deane, C. M.  CE-SPED: a new bench-mark

[9]
Underfull \hbox (badness 1803) in paragraph at lines 468--475
\OT1/ptm/m/it/10 (+20) Vi-sion and Pat-tern Recog-ni-tion\OT1/ptm/m/n/10 (+20) 
, pp. 34072--34083,

Underfull \hbox (badness 5274) in paragraph at lines 468--475
\OT1/ptm/m/n/10 (+20) 2026.  URL [][]$\OT1/pcr/m/n/10 https : / / openaccess . 
thecvf .

Underfull \hbox (badness 10000) in paragraph at lines 468--475
\OT1/pcr/m/n/10 com / content / CVPR2026 / html / Shabeeb _

Underfull \hbox (badness 10000) in paragraph at lines 468--475
\OT1/pcr/m/n/10 cryoSENSE _ Compressive _ Sensing _

Underfull \hbox (badness 10000) in paragraph at lines 468--475
\OT1/pcr/m/n/10 Enables _ High-[]throughput _ Microscopy _

Underfull \hbox (badness 10000) in paragraph at lines 468--475
\OT1/pcr/m/n/10 with _ Sparse _ and _ Generative _ CVPR _ 2026 _


[10]
Underfull \hbox (badness 2189) in paragraph at lines 585--590
\OT1/ptm/m/n/10 (+20) 2026.  URL [][]$\OT1/pcr/m/n/10 https : / / arxiv . org /
 abs / 2507 .
)

[11] (./focused-theory.tex
Underfull \hbox (badness 10000) in paragraph at lines 43--49
[]\OT1/ptm/m/n/10 (+20) An isonor-mal pro-cess $\OML/cmm/m/it/10 W\OT1/cmr/m/n/
10 (\OML/cmm/m/it/10 f\OT1/cmr/m/n/10 )$ \OT1/ptm/m/n/10 (+20) has co-vari-ance


Underfull \hbox (badness 1062) in paragraph at lines 43--49
\OT1/ptm/m/n/10 (+20) ex-ist. Iden-tity co-vari-ance on infinite-dimensional $\
OML/cmm/m/it/10 H$


[12]

[13]
Underfull \hbox (badness 1019) in paragraph at lines 236--243
[]\OT1/ptm/m/n/10 (+20) Their $\OT1/cmr/m/n/10 5 \OMS/cmsy/m/n/10 ^^B \OT1/cmr/
m/n/10 5$ \OT1/ptm/m/n/10 (+20) Hilbert Gram fol-lows from in-te-grals of


Underfull \hbox (badness 3354) in paragraph at lines 279--291
\OT1/ptm/m/n/10 (+20) The score here is the max-i-mum over par-ti-cles of

Underfull \vbox (badness 4832) has occurred while \output is active
[14]) (./focused-experiments.tex
(./tables/registered-dictionary-replay.tex)
Underfull \vbox (badness 10000) has occurred while \output is active
[15]
Underfull \vbox (badness 10000) has occurred while \output is active
(./tables/continuous-gaussian-v2-detail.tex)
(./tables/continuous-gaussian-class-coverage.tex)
Underfull \vbox (badness 10000) has occurred while \output is active
[16 <./figures/phase-split-control.pdf>] (./tables/folded-ridge-review3.tex)
Underfull \vbox (badness 7595) has occurred while \output is active

Underfull \vbox (badness 7595) has occurred while \output is active
[17 <./figures/continuous-gaussian-v2.pdf>] (./tables/refitting-bias-detail.tex
)
Underfull \vbox (badness 10000) has occurred while \output is active
(./tables/breakdown-radii.tex) (./frozen-prediction-results.tex)
Underfull \vbox (badness 10000) has occurred while \output is active
[18] (./tables/reconstruction-slices.tex)
Underfull \hbox (badness 10000) in paragraph at lines 225--238
[]\OT1/ptm/m/n/10 (+20) A sep-a-rately de-clared ac-qui-si-tion pi-lot

Underfull \hbox (badness 10000) in paragraph at lines 225--238
\OT1/ptm/m/n/10 (+20) down-loaded one EMPIAR-10028 movie,

Underfull \hbox (badness 10000) in paragraph at lines 225--238
\OT1/pcr/m/n/10 Micrographs[]part2/004[]movie.mrcs\OT1/ptm/m/n/10 (+20) , with

Underfull \vbox (badness 10000) has occurred while \output is active
(./tables/raw-movie-diagnostics.tex))
[19] [20 <./figures/registered-reconstruction-fsc.pdf>] [21 <./figures/reconstr
uction-slices-10028.pdf>] [22 <./figures/reconstruction-slices-10049.pdf>]
[23 <./figures/reconstruction-slices-10076.pdf>] (./focused-survey.tex

Underfull \hbox (badness 4569) in paragraph at lines 34--35
 \OT1/ptm/b/n/10 (+20) Pose in-fer-ence ver-sus pose con-fi-dence. \OT1/ptm/m/n
/10 (+20) Posterior-

Underfull \vbox (badness 7944) has occurred while \output is active
[24]
Underfull \hbox (badness 2726) in paragraph at lines 40--41
[]\OT1/ptm/m/n/10 (+20) DynaMight's held-out de-for-ma-tion dis-agree-ment and

Underfull \vbox (badness 7944) has occurred while \output is active

Underfull \hbox (badness 1137) in paragraph at lines 48--49
 \OT1/ptm/b/n/10 (+20) In-vari-ant com-pres-sion and ther-mo-dy-namic tar-gets.


Underfull \hbox (badness 10000) in paragraph at lines 50--51
 \OT1/ptm/b/n/10 (+20) Atomic en-sem-bles and in-de-pen-dent modal-i-ties.

Underfull \hbox (badness 10000) in paragraph at lines 54--55
 \OT1/ptm/b/n/10 (+20) Si-mul-ta-ne-ous in-verse in-fer-ence. \OT1/ptm/m/n/10 (
+20) Con-strained test-

[25]
Underfull \hbox (badness 1675) in paragraph at lines 63--64
 \OT1/ptm/b/n/10 (+20) Align-ment at-ten-u-a-tion and con-di-tion-ing. \OT1/ptm
/m/n/10 (+20) Clas-si-cal

Underfull \hbox (badness 4254) in paragraph at lines 63--64
\OT1/ptm/m/n/10 (+20) and other imag-ing er-rors ([][]Jensen[][], [][]2001[][])
. Cross-

Underfull \hbox (badness 10000) in paragraph at lines 66--75
 \OT1/ptm/b/n/10 (+20) Ad-di-tional Gaus-sian and anisotropy con-text.

Underfull \hbox (badness 10000) in paragraph at lines 66--75
\OT1/ptm/m/n/10 (+20) Rendering-aware NIW pos-te-ri-ors ex-plic-itly de-pend

Underfull \hbox (badness 2245) in paragraph at lines 66--75
\OT1/ptm/m/n/10 (+20) atomic-fitting preprint ar-gues for anisotropic Fourier

) (./higher-moment-development.tex
Underfull \vbox (badness 10000) has occurred while \output is active
[26] (./tables/moment-mc-development.tex)

[27]
Underfull \vbox (badness 10000) has occurred while \output is active
(./view-variance-development.tex

Package natbib Warning: Citation `janon2014sobol' on page 28 undefined on input
 line 8.


Package natbib Warning: Citation `maurer2009bernstein' on page 28 undefined on 
input line 8.


Package natbib Warning: Citation `duchi2019variance' on page 28 undefined on in
put line 8.


[28]

Package natbib Warning: Citation `rockafellar2002cvar' on page 29 undefined on 
input line 84.



Underfull \hbox (badness 1043) in paragraph at lines 101--107
\OT1/ptm/m/n/10 (+20) for 10049 are .43095/.44761 (power/combined) us-ing

Underfull \hbox (badness 1418) in paragraph at lines 108--116
\OT1/cmr/m/n/10 10[]$\OT1/ptm/m/n/10 (+20) /$\OT1/cmr/m/n/10 1\OML/cmm/m/it/10 
:\OT1/cmr/m/n/10 73 \OMS/cmsy/m/n/10 ^^B \OT1/cmr/m/n/10 10[]$\OT1/ptm/m/n/10 (
+20) , and the range terms are $\OT1/cmr/m/n/10 3\OML/cmm/m/it/10 :\OT1/cmr/m/n
/10 40 \OMS/cmsy/m/n/10 ^^B

[29]
Underfull \hbox (badness 10000) in paragraph at lines 145--155
[]\OT1/ptm/m/n/10 (+20) Partitioning each law's in-de-pen-dent views into

Underfull \hbox (badness 4479) in paragraph at lines 145--155
\OT1/ptm/m/n/10 (+20) 64 dis-joint groups of 1,024 par-ti-cles gives ac-tual

Underfull \hbox (badness 3579) in paragraph at lines 145--155
\OT1/ptm/m/n/10 (+20) repeated-group out-comes. Across 648 correct-null

Underfull \hbox (badness 1540) in paragraph at lines 145--155
\OT1/ptm/m/n/10 (+20) method/law/amplitude/score cells, the largest re-jected
))

Package natbib Warning: There were undefined citations.



[30] (./main.aux)

LaTeX Warning: Label(s) may have changed. Rerun to get cross-references right.

 ) )
(see the transcript file for additional information)</usr/local/texlive/2025/te
xmf-dist/fonts/type1/public/amsfonts/cm/cmbx10.pfb></usr/local/texlive/2025/tex
mf-dist/fonts/type1/public/amsfonts/cm/cmex10.pfb></usr/local/texlive/2025/texm
f-dist/fonts/type1/public/amsfonts/cmextra/cmex7.pfb></usr/local/texlive/2025/t
exmf-dist/fonts/type1/public/amsfonts/cm/cmmi10.pfb></usr/local/texlive/2025/te
xmf-dist/fonts/type1/public/amsfonts/cm/cmmi5.pfb></usr/local/texlive/2025/texm
f-dist/fonts/type1/public/amsfonts/cm/cmmi7.pfb></usr/local/texlive/2025/texmf-
dist/fonts/type1/public/amsfonts/cm/cmmi9.pfb></usr/local/texlive/2025/texmf-di
st/fonts/type1/public/amsfonts/cm/cmr10.pfb></usr/local/texlive/2025/texmf-dist
/fonts/type1/public/amsfonts/cm/cmr5.pfb></usr/local/texlive/2025/texmf-dist/fo
nts/type1/public/amsfonts/cm/cmr6.pfb></usr/local/texlive/2025/texmf-dist/fonts
/type1/public/amsfonts/cm/cmr7.pfb></usr/local/texlive/2025/texmf-dist/fonts/ty
pe1/public/amsfonts/cm/cmr9.pfb></usr/local/texlive/2025/texmf-dist/fonts/type1
/public/amsfonts/cm/cmsy10.pfb></usr/local/texlive/2025/texmf-dist/fonts/type1/
public/amsfonts/cm/cmsy5.pfb></usr/local/texlive/2025/texmf-dist/fonts/type1/pu
blic/amsfonts/cm/cmsy6.pfb></usr/local/texlive/2025/texmf-dist/fonts/type1/publ
ic/amsfonts/cm/cmsy7.pfb></usr/local/texlive/2025/texmf-dist/fonts/type1/public
/amsfonts/cm/cmsy9.pfb></usr/local/texlive/2025/texmf-dist/fonts/type1/public/a
msfonts/symbols/msbm10.pfb></usr/local/texlive/2025/texmf-dist/fonts/type1/publ
ic/amsfonts/symbols/msbm7.pfb></usr/local/texlive/2025/texmf-dist/fonts/type1/u
rw/courier/ucrr8a.pfb></usr/local/texlive/2025/texmf-dist/fonts/type1/urw/times
/utmb8a.pfb></usr/local/texlive/2025/texmf-dist/fonts/type1/urw/times/utmr8a.pf
b></usr/local/texlive/2025/texmf-dist/fonts/type1/urw/times/utmri8a.pfb>
Output written on main.pdf (30 pages, 973199 bytes).
Transcript written on main.log.
This is BibTeX, Version 0.99d (TeX Live 2025)
The top-level auxiliary file: main.aux
The style file: icml2026.bst
Database file #1: references.bib
Database file #2: uncertainty-references.bib
Database file #3: survey-references.bib
This is pdfTeX, Version 3.141592653-2.6-1.40.27 (TeX Live 2025) (preloaded format=pdflatex)
 restricted \write18 enabled.
entering extended mode
(./main.tex
LaTeX2e <2024-11-01> patch level 2
L3 programming layer <2025-01-18>
(./focused-main.tex
(/usr/local/texlive/2025/texmf-dist/tex/latex/base/article.cls
Document Class: article 2024/06/29 v1.4n Standard LaTeX document class
(/usr/local/texlive/2025/texmf-dist/tex/latex/base/size10.clo))
(/usr/local/texlive/2025/texmf-dist/tex/latex/microtype/microtype.sty
(/usr/local/texlive/2025/texmf-dist/tex/latex/graphics/keyval.sty)
(/usr/local/texlive/2025/texmf-dist/tex/latex/etoolbox/etoolbox.sty)
(/usr/local/texlive/2025/texmf-dist/tex/latex/microtype/microtype-pdftex.def)
(/usr/local/texlive/2025/texmf-dist/tex/latex/microtype/microtype.cfg))
(/usr/local/texlive/2025/texmf-dist/tex/latex/graphics/graphicx.sty
(/usr/local/texlive/2025/texmf-dist/tex/latex/graphics/graphics.sty
(/usr/local/texlive/2025/texmf-dist/tex/latex/graphics/trig.sty)
(/usr/local/texlive/2025/texmf-dist/tex/latex/graphics-cfg/graphics.cfg)
(/usr/local/texlive/2025/texmf-dist/tex/latex/graphics-def/pdftex.def)))
(/usr/local/texlive/2025/texmf-dist/tex/latex/booktabs/booktabs.sty)
(/usr/local/texlive/2025/texmf-dist/tex/latex/amsmath/amsmath.sty
For additional information on amsmath, use the `?' option.
(/usr/local/texlive/2025/texmf-dist/tex/latex/amsmath/amstext.sty
(/usr/local/texlive/2025/texmf-dist/tex/latex/amsmath/amsgen.sty))
(/usr/local/texlive/2025/texmf-dist/tex/latex/amsmath/amsbsy.sty)
(/usr/local/texlive/2025/texmf-dist/tex/latex/amsmath/amsopn.sty))
(/usr/local/texlive/2025/texmf-dist/tex/latex/amsfonts/amssymb.sty
(/usr/local/texlive/2025/texmf-dist/tex/latex/amsfonts/amsfonts.sty))
(/usr/local/texlive/2025/texmf-dist/tex/latex/amscls/amsthm.sty)
(/usr/local/texlive/2025/texmf-dist/tex/latex/hyperref/hyperref.sty
(/usr/local/texlive/2025/texmf-dist/tex/generic/iftex/iftex.sty)
(/usr/local/texlive/2025/texmf-dist/tex/latex/kvsetkeys/kvsetkeys.sty)
(/usr/local/texlive/2025/texmf-dist/tex/generic/kvdefinekeys/kvdefinekeys.sty)
(/usr/local/texlive/2025/texmf-dist/tex/generic/pdfescape/pdfescape.sty
(/usr/local/texlive/2025/texmf-dist/tex/generic/ltxcmds/ltxcmds.sty)
(/usr/local/texlive/2025/texmf-dist/tex/generic/pdftexcmds/pdftexcmds.sty
(/usr/local/texlive/2025/texmf-dist/tex/generic/infwarerr/infwarerr.sty)))
(/usr/local/texlive/2025/texmf-dist/tex/latex/hycolor/hycolor.sty)
(/usr/local/texlive/2025/texmf-dist/tex/latex/hyperref/nameref.sty
(/usr/local/texlive/2025/texmf-dist/tex/latex/refcount/refcount.sty)
(/usr/local/texlive/2025/texmf-dist/tex/generic/gettitlestring/gettitlestring.s
ty (/usr/local/texlive/2025/texmf-dist/tex/latex/kvoptions/kvoptions.sty)))
(/usr/local/texlive/2025/texmf-dist/tex/generic/stringenc/stringenc.sty)
(/usr/local/texlive/2025/texmf-dist/tex/latex/hyperref/pd1enc.def)
(/usr/local/texlive/2025/texmf-dist/tex/generic/intcalc/intcalc.sty)
(/usr/local/texlive/2025/texmf-dist/tex/latex/hyperref/puenc.def)
(/usr/local/texlive/2025/texmf-dist/tex/latex/url/url.sty)
(/usr/local/texlive/2025/texmf-dist/tex/generic/bitset/bitset.sty
(/usr/local/texlive/2025/texmf-dist/tex/generic/bigintcalc/bigintcalc.sty))
(/usr/local/texlive/2025/texmf-dist/tex/latex/base/atbegshi-ltx.sty))
(/usr/local/texlive/2025/texmf-dist/tex/latex/hyperref/hpdftex.def
(/usr/local/texlive/2025/texmf-dist/tex/latex/base/atveryend-ltx.sty)
(/usr/local/texlive/2025/texmf-dist/tex/latex/rerunfilecheck/rerunfilecheck.sty

(/usr/local/texlive/2025/texmf-dist/tex/generic/uniquecounter/uniquecounter.sty
))) (./icml2026.sty
(/usr/local/texlive/2025/texmf-dist/tex/latex/psnfss/times.sty) (./fancyhdr.sty
) (/usr/local/texlive/2025/texmf-dist/tex/latex/xcolor/xcolor.sty
(/usr/local/texlive/2025/texmf-dist/tex/latex/graphics-cfg/color.cfg)
(/usr/local/texlive/2025/texmf-dist/tex/latex/graphics/mathcolor.ltx))
(./algorithm.sty
Document Style `algorithm' - floating environment
(/usr/local/texlive/2025/texmf-dist/tex/latex/float/float.sty)
(/usr/local/texlive/2025/texmf-dist/tex/latex/base/ifthen.sty))
(./algorithmic.sty
Document Style `algorithmic' - environment
(/usr/local/texlive/2025/texmf-dist/tex/latex/tools/calc.sty))
(/usr/local/texlive/2025/texmf-dist/tex/latex/natbib/natbib.sty)
(/usr/local/texlive/2025/texmf-dist/tex/latex/eso-pic/eso-pic.sty)
(/usr/local/texlive/2025/texmf-dist/tex/latex/forloop/forloop.sty)
(/usr/local/texlive/2025/texmf-dist/tex/latex/caption/caption.sty
(/usr/local/texlive/2025/texmf-dist/tex/latex/caption/caption3.sty)))
(/usr/local/texlive/2025/texmf-dist/tex/latex/psnfss/ot1ptm.fd)
(/usr/local/texlive/2025/texmf-dist/tex/latex/l3backend/l3backend-pdftex.def)
(./main.aux) (/usr/local/texlive/2025/texmf-dist/tex/latex/microtype/mt-ptm.cfg
) (/usr/local/texlive/2025/texmf-dist/tex/context/base/mkii/supp-pdf.mkii
[Loading MPS to PDF converter (version 2006.09.02).]
) (/usr/local/texlive/2025/texmf-dist/tex/latex/epstopdf-pkg/epstopdf-base.sty
(/usr/local/texlive/2025/texmf-dist/tex/latex/grfext/grfext.sty)
(/usr/local/texlive/2025/texmf-dist/tex/latex/latexconfig/epstopdf-sys.cfg))
(./main.out) (./main.out)

Package hyperref Warning: Token not allowed in a PDF string (Unicode):
(hyperref)                removing `\\' on input line 19.

(/usr/local/texlive/2025/texmf-dist/tex/latex/microtype/mt-cmr.cfg)
(/usr/local/texlive/2025/texmf-dist/tex/latex/amsfonts/umsa.fd)
(/usr/local/texlive/2025/texmf-dist/tex/latex/microtype/mt-msa.cfg)
(/usr/local/texlive/2025/texmf-dist/tex/latex/amsfonts/umsb.fd)
(/usr/local/texlive/2025/texmf-dist/tex/latex/microtype/mt-msb.cfg)

Package hyperref Warning: Ignoring empty anchor on input line 20.

(/usr/local/texlive/2025/texmf-dist/tex/latex/psnfss/omlptm.fd)
(/usr/local/texlive/2025/texmf-dist/tex/latex/psnfss/ot1pcr.fd)
Underfull \hbox (badness 5832) in paragraph at lines 20--20
[][][]|  $[]$\OT1/ptm/m/n/9 (+20) Fourier Cryo Splats re-search project. Cor-re
-spon-

Underfull \hbox (badness 3590) in paragraph at lines 20--20
\OT1/ptm/m/n/9 (+20) dence to: Project repos-i-tory \OML/cmm/m/it/9 <[][]$\OT1/
pcr/m/n/9 https : / / github . com /


Underfull \hbox (badness 3078) in paragraph at lines 36--37
[]\OT1/ptm/m/n/10 (+20) Bayesian re-con-struc-tion is foun-da-tional in cryo-EM


Underfull \vbox (badness 10000) has occurred while \output is active
[1{/usr/local/texlive/2025/texmf-var/fonts/map/pdftex/updmap/pdftex.map}{/usr/l
ocal/texlive/2025/texmf-dist/fonts/enc/dvips/base/8r.enc}]

[2]

[3]
Underfull \vbox (badness 10000) has occurred while \output is active
(./tables/continuous-gaussian-v2-main.tex)
Underfull \vbox (badness 6658) has occurred while \output is active
[4] (./tables/end-to-end-widths.tex)
Underfull \vbox (badness 10000) has occurred while \output is active

Underfull \vbox (badness 10000) has occurred while \output is active
[5]
Underfull \vbox (badness 10000) has occurred while \output is active

Underfull \vbox (badness 10000) has occurred while \output is active
[6 <./figures/refitting-alignment-bias.pdf>] (./main.bbl

Underfull \hbox (badness 2189) in paragraph at lines 39--44
\OT1/ptm/m/n/10 (+20) 2025.  URL [][]$\OT1/pcr/m/n/10 https : / / arxiv . org /
 abs / 2510 .

Underfull \hbox (badness 2318) in paragraph at lines 67--71
\OT1/ptm/m/n/10 (+20) guided cryo-EM map op-ti-mi-sa-tion with LocScale-

Underfull \hbox (badness 2189) in paragraph at lines 108--113
\OT1/ptm/m/n/10 (+20) 2023.  URL [][]$\OT1/pcr/m/n/10 https : / / arxiv . org /
 abs / 2307 .

[7]
Underfull \hbox (badness 1205) in paragraph at lines 195--201
\OT1/ptm/m/n/10 (+20) ca-tion for neu-ral ra-di-ance fields.  In \OT1/ptm/m/it/
10 (+20) Pro-ceed-ings

Underfull \hbox (badness 1521) in paragraph at lines 195--201
\OT1/ptm/m/it/10 (+20) of the IEEE/CVF Con-fer-ence on Com-puter Vi-sion

Underfull \hbox (badness 2142) in paragraph at lines 195--201
\OT1/ptm/m/it/10 (+20) and Pat-tern Recog-ni-tion\OT1/ptm/m/n/10 (+20) , pp. 20
061--20070, 2024.

Underfull \hbox (badness 10000) in paragraph at lines 195--201
\OT1/ptm/m/n/10 (+20) URL [][]$\OT1/pcr/m/n/10 https : / / openaccess . thecvf 
. com /

Underfull \hbox (badness 10000) in paragraph at lines 195--201
\OT1/pcr/m/n/10 content / CVPR2024 / html / Goli _ Bayes _

Underfull \hbox (badness 10000) in paragraph at lines 195--201
\OT1/pcr/m/n/10 Rays _ Uncertainty _ Quantification _ for _

Underfull \hbox (badness 10000) in paragraph at lines 195--201
\OT1/pcr/m/n/10 Neural _ Radiance _ Fields _ CVPR _ 2024 _


[8]
Underfull \hbox (badness 2189) in paragraph at lines 343--347
\OT1/ptm/m/n/10 (+20) 2009.  URL [][]$\OT1/pcr/m/n/10 https : / / www . learnin
gtheory .


Underfull \hbox (badness 1824) in paragraph at lines 358--364
[]\OT1/ptm/m/n/10 (+20) Narnhofer, D., Habring, A., Holler, M., and Pock,

Underfull \hbox (badness 2050) in paragraph at lines 358--364
\OT1/ptm/m/n/10 (+20) In-verse Prob-lems in Imag-ing.  \OT1/ptm/m/it/10 (+20) a
rXiv:2212.12499\OT1/ptm/m/n/10 (+20) ,

Underfull \hbox (badness 2189) in paragraph at lines 358--364
\OT1/ptm/m/n/10 (+20) 2024.  URL [][]$\OT1/pcr/m/n/10 https : / / arxiv . org /
 abs / 2212 .

Underfull \hbox (badness 5274) in paragraph at lines 403--409
[]\OT1/ptm/m/n/10 (+20) Patel, Y.  \OT1/ptm/m/it/10 (+20) Con-for-mally Ro-bust
 De-ci-sion Mak-ing\OT1/ptm/m/n/10 (+20) .

Underfull \hbox (badness 1122) in paragraph at lines 403--409
\OT1/ptm/m/n/10 (+20) PhD the-sis, Uni-ver-sity of Michi-gan, 2025.  URL

Underfull \hbox (badness 10000) in paragraph at lines 403--409
[][]$\OT1/pcr/m/n/10 https : / / www . ambujtewari . com / theses /

Underfull \hbox (badness 1062) in paragraph at lines 434--440
[]\OT1/ptm/m/n/10 (+20) Rangan, A. V., Tang, W.-S., Cos-sio, P., Zhang, K.,

[9]
Underfull \hbox (badness 2189) in paragraph at lines 451--455
\OT1/ptm/m/n/10 (+20) 2026.  URL [][]$\OT1/pcr/m/n/10 https : / / arxiv . org /
 abs / 2509 .

Underfull \hbox (badness 1478) in paragraph at lines 458--463
\OT1/ptm/m/n/10 (+20) and Deane, C. M.  CE-SPED: a new bench-mark

Underfull \hbox (badness 1803) in paragraph at lines 497--504
\OT1/ptm/m/it/10 (+20) Vi-sion and Pat-tern Recog-ni-tion\OT1/ptm/m/n/10 (+20) 
, pp. 34072--34083,

Underfull \hbox (badness 5274) in paragraph at lines 497--504
\OT1/ptm/m/n/10 (+20) 2026.  URL [][]$\OT1/pcr/m/n/10 https : / / openaccess . 
thecvf .

Underfull \hbox (badness 10000) in paragraph at lines 497--504
\OT1/pcr/m/n/10 com / content / CVPR2026 / html / Shabeeb _

Underfull \hbox (badness 10000) in paragraph at lines 497--504
\OT1/pcr/m/n/10 cryoSENSE _ Compressive _ Sensing _

Underfull \hbox (badness 10000) in paragraph at lines 497--504
\OT1/pcr/m/n/10 Enables _ High-[]throughput _ Microscopy _

Underfull \hbox (badness 10000) in paragraph at lines 497--504
\OT1/pcr/m/n/10 with _ Sparse _ and _ Generative _ CVPR _ 2026 _


[10]
Underfull \hbox (badness 2189) in paragraph at lines 614--619
\OT1/ptm/m/n/10 (+20) 2026.  URL [][]$\OT1/pcr/m/n/10 https : / / arxiv . org /
 abs / 2507 .

)
[11] (./focused-theory.tex
Underfull \hbox (badness 10000) in paragraph at lines 43--49
[]\OT1/ptm/m/n/10 (+20) An isonor-mal pro-cess $\OML/cmm/m/it/10 W\OT1/cmr/m/n/
10 (\OML/cmm/m/it/10 f\OT1/cmr/m/n/10 )$ \OT1/ptm/m/n/10 (+20) has co-vari-ance


Underfull \hbox (badness 1062) in paragraph at lines 43--49
\OT1/ptm/m/n/10 (+20) ex-ist. Iden-tity co-vari-ance on infinite-dimensional $\
OML/cmm/m/it/10 H$


[12]

[13]
Underfull \hbox (badness 1019) in paragraph at lines 236--243
[]\OT1/ptm/m/n/10 (+20) Their $\OT1/cmr/m/n/10 5 \OMS/cmsy/m/n/10 ^^B \OT1/cmr/
m/n/10 5$ \OT1/ptm/m/n/10 (+20) Hilbert Gram fol-lows from in-te-grals of


Underfull \hbox (badness 3354) in paragraph at lines 279--291
\OT1/ptm/m/n/10 (+20) The score here is the max-i-mum over par-ti-cles of

Underfull \vbox (badness 4832) has occurred while \output is active
[14]) (./focused-experiments.tex
(./tables/registered-dictionary-replay.tex)
Underfull \vbox (badness 10000) has occurred while \output is active
[15]
Underfull \vbox (badness 10000) has occurred while \output is active
(./tables/continuous-gaussian-v2-detail.tex)
(./tables/continuous-gaussian-class-coverage.tex)
Underfull \vbox (badness 10000) has occurred while \output is active
[16 <./figures/phase-split-control.pdf>] (./tables/folded-ridge-review3.tex)
Underfull \vbox (badness 7595) has occurred while \output is active

Underfull \vbox (badness 7595) has occurred while \output is active
[17 <./figures/continuous-gaussian-v2.pdf>] (./tables/refitting-bias-detail.tex
)
Underfull \vbox (badness 10000) has occurred while \output is active
(./tables/breakdown-radii.tex) (./frozen-prediction-results.tex)
Underfull \vbox (badness 10000) has occurred while \output is active
[18] (./tables/reconstruction-slices.tex)
Underfull \hbox (badness 10000) in paragraph at lines 225--238
[]\OT1/ptm/m/n/10 (+20) A sep-a-rately de-clared ac-qui-si-tion pi-lot

Underfull \hbox (badness 10000) in paragraph at lines 225--238
\OT1/ptm/m/n/10 (+20) down-loaded one EMPIAR-10028 movie,

Underfull \hbox (badness 10000) in paragraph at lines 225--238
\OT1/pcr/m/n/10 Micrographs[]part2/004[]movie.mrcs\OT1/ptm/m/n/10 (+20) , with

Underfull \vbox (badness 10000) has occurred while \output is active
(./tables/raw-movie-diagnostics.tex))
[19] [20 <./figures/registered-reconstruction-fsc.pdf>] [21 <./figures/reconstr
uction-slices-10028.pdf>] [22 <./figures/reconstruction-slices-10049.pdf>]
[23 <./figures/reconstruction-slices-10076.pdf>] (./focused-survey.tex

Underfull \hbox (badness 4569) in paragraph at lines 34--35
 \OT1/ptm/b/n/10 (+20) Pose in-fer-ence ver-sus pose con-fi-dence. \OT1/ptm/m/n
/10 (+20) Posterior-

Underfull \vbox (badness 7944) has occurred while \output is active
[24]
Underfull \hbox (badness 2726) in paragraph at lines 40--41
[]\OT1/ptm/m/n/10 (+20) DynaMight's held-out de-for-ma-tion dis-agree-ment and

Underfull \vbox (badness 7944) has occurred while \output is active

Underfull \hbox (badness 1137) in paragraph at lines 48--49
 \OT1/ptm/b/n/10 (+20) In-vari-ant com-pres-sion and ther-mo-dy-namic tar-gets.


Underfull \hbox (badness 10000) in paragraph at lines 50--51
 \OT1/ptm/b/n/10 (+20) Atomic en-sem-bles and in-de-pen-dent modal-i-ties.

Underfull \hbox (badness 10000) in paragraph at lines 54--55
 \OT1/ptm/b/n/10 (+20) Si-mul-ta-ne-ous in-verse in-fer-ence. \OT1/ptm/m/n/10 (
+20) Con-strained test-

[25]
Underfull \hbox (badness 1675) in paragraph at lines 63--64
 \OT1/ptm/b/n/10 (+20) Align-ment at-ten-u-a-tion and con-di-tion-ing. \OT1/ptm
/m/n/10 (+20) Clas-si-cal

Underfull \hbox (badness 4254) in paragraph at lines 63--64
\OT1/ptm/m/n/10 (+20) and other imag-ing er-rors ([][]Jensen[][], [][]2001[][])
. Cross-

Underfull \hbox (badness 10000) in paragraph at lines 66--75
 \OT1/ptm/b/n/10 (+20) Ad-di-tional Gaus-sian and anisotropy con-text.

Underfull \hbox (badness 10000) in paragraph at lines 66--75
\OT1/ptm/m/n/10 (+20) Rendering-aware NIW pos-te-ri-ors ex-plic-itly de-pend

Underfull \hbox (badness 2245) in paragraph at lines 66--75
\OT1/ptm/m/n/10 (+20) atomic-fitting preprint ar-gues for anisotropic Fourier

) (./higher-moment-development.tex
Underfull \vbox (badness 10000) has occurred while \output is active
[26] (./tables/moment-mc-development.tex)

[27]
Underfull \vbox (badness 10000) has occurred while \output is active
(./view-variance-development.tex

Package natbib Warning: Citation `janon2014sobol' on page 28 undefined on input
 line 8.


Package natbib Warning: Citation `maurer2009bernstein' on page 28 undefined on 
input line 8.


Package natbib Warning: Citation `duchi2019variance' on page 28 undefined on in
put line 8.


[28]

Package natbib Warning: Citation `rockafellar2002cvar' on page 29 undefined on 
input line 84.



Underfull \hbox (badness 1043) in paragraph at lines 101--107
\OT1/ptm/m/n/10 (+20) for 10049 are .43095/.44761 (power/combined) us-ing

Underfull \hbox (badness 1418) in paragraph at lines 108--116
\OT1/cmr/m/n/10 10[]$\OT1/ptm/m/n/10 (+20) /$\OT1/cmr/m/n/10 1\OML/cmm/m/it/10 
:\OT1/cmr/m/n/10 73 \OMS/cmsy/m/n/10 ^^B \OT1/cmr/m/n/10 10[]$\OT1/ptm/m/n/10 (
+20) , and the range terms are $\OT1/cmr/m/n/10 3\OML/cmm/m/it/10 :\OT1/cmr/m/n
/10 40 \OMS/cmsy/m/n/10 ^^B

[29]
Underfull \hbox (badness 10000) in paragraph at lines 145--155
[]\OT1/ptm/m/n/10 (+20) Partitioning each law's in-de-pen-dent views into

Underfull \hbox (badness 4479) in paragraph at lines 145--155
\OT1/ptm/m/n/10 (+20) 64 dis-joint groups of 1,024 par-ti-cles gives ac-tual

Underfull \hbox (badness 3579) in paragraph at lines 145--155
\OT1/ptm/m/n/10 (+20) repeated-group out-comes. Across 648 correct-null

Underfull \hbox (badness 1540) in paragraph at lines 145--155
\OT1/ptm/m/n/10 (+20) method/law/amplitude/score cells, the largest re-jected
))

Package natbib Warning: There were undefined citations.



[30] (./main.aux

Package natbib Warning: Citation(s) may have changed.
(natbib)                Rerun to get citations correct.

) ) )
(see the transcript file for additional information)</usr/local/texlive/2025/te
xmf-dist/fonts/type1/public/amsfonts/cm/cmbx10.pfb></usr/local/texlive/2025/tex
mf-dist/fonts/type1/public/amsfonts/cm/cmex10.pfb></usr/local/texlive/2025/texm
f-dist/fonts/type1/public/amsfonts/cmextra/cmex7.pfb></usr/local/texlive/2025/t
exmf-dist/fonts/type1/public/amsfonts/cm/cmmi10.pfb></usr/local/texlive/2025/te
xmf-dist/fonts/type1/public/amsfonts/cm/cmmi5.pfb></usr/local/texlive/2025/texm
f-dist/fonts/type1/public/amsfonts/cm/cmmi7.pfb></usr/local/texlive/2025/texmf-
dist/fonts/type1/public/amsfonts/cm/cmmi9.pfb></usr/local/texlive/2025/texmf-di
st/fonts/type1/public/amsfonts/cm/cmr10.pfb></usr/local/texlive/2025/texmf-dist
/fonts/type1/public/amsfonts/cm/cmr5.pfb></usr/local/texlive/2025/texmf-dist/fo
nts/type1/public/amsfonts/cm/cmr6.pfb></usr/local/texlive/2025/texmf-dist/fonts
/type1/public/amsfonts/cm/cmr7.pfb></usr/local/texlive/2025/texmf-dist/fonts/ty
pe1/public/amsfonts/cm/cmr9.pfb></usr/local/texlive/2025/texmf-dist/fonts/type1
/public/amsfonts/cm/cmsy10.pfb></usr/local/texlive/2025/texmf-dist/fonts/type1/
public/amsfonts/cm/cmsy5.pfb></usr/local/texlive/2025/texmf-dist/fonts/type1/pu
blic/amsfonts/cm/cmsy6.pfb></usr/local/texlive/2025/texmf-dist/fonts/type1/publ
ic/amsfonts/cm/cmsy7.pfb></usr/local/texlive/2025/texmf-dist/fonts/type1/public
/amsfonts/cm/cmsy9.pfb></usr/local/texlive/2025/texmf-dist/fonts/type1/public/a
msfonts/symbols/msbm10.pfb></usr/local/texlive/2025/texmf-dist/fonts/type1/publ
ic/amsfonts/symbols/msbm7.pfb></usr/local/texlive/2025/texmf-dist/fonts/type1/u
rw/courier/ucrr8a.pfb></usr/local/texlive/2025/texmf-dist/fonts/type1/urw/times
/utmb8a.pfb></usr/local/texlive/2025/texmf-dist/fonts/type1/urw/times/utmr8a.pf
b></usr/local/texlive/2025/texmf-dist/fonts/type1/urw/times/utmri8a.pfb>
Output written on main.pdf (30 pages, 974141 bytes).
Transcript written on main.log.
This is pdfTeX, Version 3.141592653-2.6-1.40.27 (TeX Live 2025) (preloaded format=pdflatex)
 restricted \write18 enabled.
entering extended mode
(./main.tex
LaTeX2e <2024-11-01> patch level 2
L3 programming layer <2025-01-18>
(./focused-main.tex
(/usr/local/texlive/2025/texmf-dist/tex/latex/base/article.cls
Document Class: article 2024/06/29 v1.4n Standard LaTeX document class
(/usr/local/texlive/2025/texmf-dist/tex/latex/base/size10.clo))
(/usr/local/texlive/2025/texmf-dist/tex/latex/microtype/microtype.sty
(/usr/local/texlive/2025/texmf-dist/tex/latex/graphics/keyval.sty)
(/usr/local/texlive/2025/texmf-dist/tex/latex/etoolbox/etoolbox.sty)
(/usr/local/texlive/2025/texmf-dist/tex/latex/microtype/microtype-pdftex.def)
(/usr/local/texlive/2025/texmf-dist/tex/latex/microtype/microtype.cfg))
(/usr/local/texlive/2025/texmf-dist/tex/latex/graphics/graphicx.sty
(/usr/local/texlive/2025/texmf-dist/tex/latex/graphics/graphics.sty
(/usr/local/texlive/2025/texmf-dist/tex/latex/graphics/trig.sty)
(/usr/local/texlive/2025/texmf-dist/tex/latex/graphics-cfg/graphics.cfg)
(/usr/local/texlive/2025/texmf-dist/tex/latex/graphics-def/pdftex.def)))
(/usr/local/texlive/2025/texmf-dist/tex/latex/booktabs/booktabs.sty)
(/usr/local/texlive/2025/texmf-dist/tex/latex/amsmath/amsmath.sty
For additional information on amsmath, use the `?' option.
(/usr/local/texlive/2025/texmf-dist/tex/latex/amsmath/amstext.sty
(/usr/local/texlive/2025/texmf-dist/tex/latex/amsmath/amsgen.sty))
(/usr/local/texlive/2025/texmf-dist/tex/latex/amsmath/amsbsy.sty)
(/usr/local/texlive/2025/texmf-dist/tex/latex/amsmath/amsopn.sty))
(/usr/local/texlive/2025/texmf-dist/tex/latex/amsfonts/amssymb.sty
(/usr/local/texlive/2025/texmf-dist/tex/latex/amsfonts/amsfonts.sty))
(/usr/local/texlive/2025/texmf-dist/tex/latex/amscls/amsthm.sty)
(/usr/local/texlive/2025/texmf-dist/tex/latex/hyperref/hyperref.sty
(/usr/local/texlive/2025/texmf-dist/tex/generic/iftex/iftex.sty)
(/usr/local/texlive/2025/texmf-dist/tex/latex/kvsetkeys/kvsetkeys.sty)
(/usr/local/texlive/2025/texmf-dist/tex/generic/kvdefinekeys/kvdefinekeys.sty)
(/usr/local/texlive/2025/texmf-dist/tex/generic/pdfescape/pdfescape.sty
(/usr/local/texlive/2025/texmf-dist/tex/generic/ltxcmds/ltxcmds.sty)
(/usr/local/texlive/2025/texmf-dist/tex/generic/pdftexcmds/pdftexcmds.sty
(/usr/local/texlive/2025/texmf-dist/tex/generic/infwarerr/infwarerr.sty)))
(/usr/local/texlive/2025/texmf-dist/tex/latex/hycolor/hycolor.sty)
(/usr/local/texlive/2025/texmf-dist/tex/latex/hyperref/nameref.sty
(/usr/local/texlive/2025/texmf-dist/tex/latex/refcount/refcount.sty)
(/usr/local/texlive/2025/texmf-dist/tex/generic/gettitlestring/gettitlestring.s
ty (/usr/local/texlive/2025/texmf-dist/tex/latex/kvoptions/kvoptions.sty)))
(/usr/local/texlive/2025/texmf-dist/tex/generic/stringenc/stringenc.sty)
(/usr/local/texlive/2025/texmf-dist/tex/latex/hyperref/pd1enc.def)
(/usr/local/texlive/2025/texmf-dist/tex/generic/intcalc/intcalc.sty)
(/usr/local/texlive/2025/texmf-dist/tex/latex/hyperref/puenc.def)
(/usr/local/texlive/2025/texmf-dist/tex/latex/url/url.sty)
(/usr/local/texlive/2025/texmf-dist/tex/generic/bitset/bitset.sty
(/usr/local/texlive/2025/texmf-dist/tex/generic/bigintcalc/bigintcalc.sty))
(/usr/local/texlive/2025/texmf-dist/tex/latex/base/atbegshi-ltx.sty))
(/usr/local/texlive/2025/texmf-dist/tex/latex/hyperref/hpdftex.def
(/usr/local/texlive/2025/texmf-dist/tex/latex/base/atveryend-ltx.sty)
(/usr/local/texlive/2025/texmf-dist/tex/latex/rerunfilecheck/rerunfilecheck.sty

(/usr/local/texlive/2025/texmf-dist/tex/generic/uniquecounter/uniquecounter.sty
))) (./icml2026.sty
(/usr/local/texlive/2025/texmf-dist/tex/latex/psnfss/times.sty) (./fancyhdr.sty
) (/usr/local/texlive/2025/texmf-dist/tex/latex/xcolor/xcolor.sty
(/usr/local/texlive/2025/texmf-dist/tex/latex/graphics-cfg/color.cfg)
(/usr/local/texlive/2025/texmf-dist/tex/latex/graphics/mathcolor.ltx))
(./algorithm.sty
Document Style `algorithm' - floating environment
(/usr/local/texlive/2025/texmf-dist/tex/latex/float/float.sty)
(/usr/local/texlive/2025/texmf-dist/tex/latex/base/ifthen.sty))
(./algorithmic.sty
Document Style `algorithmic' - environment
(/usr/local/texlive/2025/texmf-dist/tex/latex/tools/calc.sty))
(/usr/local/texlive/2025/texmf-dist/tex/latex/natbib/natbib.sty)
(/usr/local/texlive/2025/texmf-dist/tex/latex/eso-pic/eso-pic.sty)
(/usr/local/texlive/2025/texmf-dist/tex/latex/forloop/forloop.sty)
(/usr/local/texlive/2025/texmf-dist/tex/latex/caption/caption.sty
(/usr/local/texlive/2025/texmf-dist/tex/latex/caption/caption3.sty)))
(/usr/local/texlive/2025/texmf-dist/tex/latex/psnfss/ot1ptm.fd)
(/usr/local/texlive/2025/texmf-dist/tex/latex/l3backend/l3backend-pdftex.def)
(./main.aux) (/usr/local/texlive/2025/texmf-dist/tex/latex/microtype/mt-ptm.cfg
) (/usr/local/texlive/2025/texmf-dist/tex/context/base/mkii/supp-pdf.mkii
[Loading MPS to PDF converter (version 2006.09.02).]
) (/usr/local/texlive/2025/texmf-dist/tex/latex/epstopdf-pkg/epstopdf-base.sty
(/usr/local/texlive/2025/texmf-dist/tex/latex/grfext/grfext.sty)
(/usr/local/texlive/2025/texmf-dist/tex/latex/latexconfig/epstopdf-sys.cfg))
(./main.out) (./main.out)

Package hyperref Warning: Token not allowed in a PDF string (Unicode):
(hyperref)                removing `\\' on input line 19.

(/usr/local/texlive/2025/texmf-dist/tex/latex/microtype/mt-cmr.cfg)
(/usr/local/texlive/2025/texmf-dist/tex/latex/amsfonts/umsa.fd)
(/usr/local/texlive/2025/texmf-dist/tex/latex/microtype/mt-msa.cfg)
(/usr/local/texlive/2025/texmf-dist/tex/latex/amsfonts/umsb.fd)
(/usr/local/texlive/2025/texmf-dist/tex/latex/microtype/mt-msb.cfg)

Package hyperref Warning: Ignoring empty anchor on input line 20.

(/usr/local/texlive/2025/texmf-dist/tex/latex/psnfss/omlptm.fd)
(/usr/local/texlive/2025/texmf-dist/tex/latex/psnfss/ot1pcr.fd)
Underfull \hbox (badness 5832) in paragraph at lines 20--20
[][][]|  $[]$\OT1/ptm/m/n/9 (+20) Fourier Cryo Splats re-search project. Cor-re
-spon-

Underfull \hbox (badness 3590) in paragraph at lines 20--20
\OT1/ptm/m/n/9 (+20) dence to: Project repos-i-tory \OML/cmm/m/it/9 <[][]$\OT1/
pcr/m/n/9 https : / / github . com /


Underfull \hbox (badness 3078) in paragraph at lines 36--37
[]\OT1/ptm/m/n/10 (+20) Bayesian re-con-struc-tion is foun-da-tional in cryo-EM


Underfull \vbox (badness 10000) has occurred while \output is active
[1{/usr/local/texlive/2025/texmf-var/fonts/map/pdftex/updmap/pdftex.map}{/usr/l
ocal/texlive/2025/texmf-dist/fonts/enc/dvips/base/8r.enc}]

[2]

[3]
Underfull \vbox (badness 10000) has occurred while \output is active
(./tables/continuous-gaussian-v2-main.tex)
Underfull \vbox (badness 6658) has occurred while \output is active
[4] (./tables/end-to-end-widths.tex)
Underfull \vbox (badness 10000) has occurred while \output is active

Underfull \vbox (badness 10000) has occurred while \output is active
[5]
Underfull \vbox (badness 10000) has occurred while \output is active

Underfull \vbox (badness 10000) has occurred while \output is active
[6 <./figures/refitting-alignment-bias.pdf>] (./main.bbl

Underfull \hbox (badness 2189) in paragraph at lines 39--44
\OT1/ptm/m/n/10 (+20) 2025.  URL [][]$\OT1/pcr/m/n/10 https : / / arxiv . org /
 abs / 2510 .

Underfull \hbox (badness 2318) in paragraph at lines 67--71
\OT1/ptm/m/n/10 (+20) guided cryo-EM map op-ti-mi-sa-tion with LocScale-

Underfull \hbox (badness 2189) in paragraph at lines 108--113
\OT1/ptm/m/n/10 (+20) 2023.  URL [][]$\OT1/pcr/m/n/10 https : / / arxiv . org /
 abs / 2307 .

[7]
Underfull \hbox (badness 1205) in paragraph at lines 195--201
\OT1/ptm/m/n/10 (+20) ca-tion for neu-ral ra-di-ance fields.  In \OT1/ptm/m/it/
10 (+20) Pro-ceed-ings

Underfull \hbox (badness 1521) in paragraph at lines 195--201
\OT1/ptm/m/it/10 (+20) of the IEEE/CVF Con-fer-ence on Com-puter Vi-sion

Underfull \hbox (badness 2142) in paragraph at lines 195--201
\OT1/ptm/m/it/10 (+20) and Pat-tern Recog-ni-tion\OT1/ptm/m/n/10 (+20) , pp. 20
061--20070, 2024.

Underfull \hbox (badness 10000) in paragraph at lines 195--201
\OT1/ptm/m/n/10 (+20) URL [][]$\OT1/pcr/m/n/10 https : / / openaccess . thecvf 
. com /

Underfull \hbox (badness 10000) in paragraph at lines 195--201
\OT1/pcr/m/n/10 content / CVPR2024 / html / Goli _ Bayes _

Underfull \hbox (badness 10000) in paragraph at lines 195--201
\OT1/pcr/m/n/10 Rays _ Uncertainty _ Quantification _ for _

Underfull \hbox (badness 10000) in paragraph at lines 195--201
\OT1/pcr/m/n/10 Neural _ Radiance _ Fields _ CVPR _ 2024 _


[8]
Underfull \hbox (badness 2189) in paragraph at lines 343--347
\OT1/ptm/m/n/10 (+20) 2009.  URL [][]$\OT1/pcr/m/n/10 https : / / www . learnin
gtheory .


Underfull \hbox (badness 1824) in paragraph at lines 358--364
[]\OT1/ptm/m/n/10 (+20) Narnhofer, D., Habring, A., Holler, M., and Pock,

Underfull \hbox (badness 2050) in paragraph at lines 358--364
\OT1/ptm/m/n/10 (+20) In-verse Prob-lems in Imag-ing.  \OT1/ptm/m/it/10 (+20) a
rXiv:2212.12499\OT1/ptm/m/n/10 (+20) ,

Underfull \hbox (badness 2189) in paragraph at lines 358--364
\OT1/ptm/m/n/10 (+20) 2024.  URL [][]$\OT1/pcr/m/n/10 https : / / arxiv . org /
 abs / 2212 .

Underfull \hbox (badness 5274) in paragraph at lines 403--409
[]\OT1/ptm/m/n/10 (+20) Patel, Y.  \OT1/ptm/m/it/10 (+20) Con-for-mally Ro-bust
 De-ci-sion Mak-ing\OT1/ptm/m/n/10 (+20) .

Underfull \hbox (badness 1122) in paragraph at lines 403--409
\OT1/ptm/m/n/10 (+20) PhD the-sis, Uni-ver-sity of Michi-gan, 2025.  URL

Underfull \hbox (badness 10000) in paragraph at lines 403--409
[][]$\OT1/pcr/m/n/10 https : / / www . ambujtewari . com / theses /

Underfull \hbox (badness 1062) in paragraph at lines 434--440
[]\OT1/ptm/m/n/10 (+20) Rangan, A. V., Tang, W.-S., Cos-sio, P., Zhang, K.,

[9]
Underfull \hbox (badness 2189) in paragraph at lines 451--455
\OT1/ptm/m/n/10 (+20) 2026.  URL [][]$\OT1/pcr/m/n/10 https : / / arxiv . org /
 abs / 2509 .

Underfull \hbox (badness 1478) in paragraph at lines 458--463
\OT1/ptm/m/n/10 (+20) and Deane, C. M.  CE-SPED: a new bench-mark

Underfull \hbox (badness 1803) in paragraph at lines 497--504
\OT1/ptm/m/it/10 (+20) Vi-sion and Pat-tern Recog-ni-tion\OT1/ptm/m/n/10 (+20) 
, pp. 34072--34083,

Underfull \hbox (badness 5274) in paragraph at lines 497--504
\OT1/ptm/m/n/10 (+20) 2026.  URL [][]$\OT1/pcr/m/n/10 https : / / openaccess . 
thecvf .

Underfull \hbox (badness 10000) in paragraph at lines 497--504
\OT1/pcr/m/n/10 com / content / CVPR2026 / html / Shabeeb _

Underfull \hbox (badness 10000) in paragraph at lines 497--504
\OT1/pcr/m/n/10 cryoSENSE _ Compressive _ Sensing _

Underfull \hbox (badness 10000) in paragraph at lines 497--504
\OT1/pcr/m/n/10 Enables _ High-[]throughput _ Microscopy _

Underfull \hbox (badness 10000) in paragraph at lines 497--504
\OT1/pcr/m/n/10 with _ Sparse _ and _ Generative _ CVPR _ 2026 _


[10]
Underfull \hbox (badness 2189) in paragraph at lines 614--619
\OT1/ptm/m/n/10 (+20) 2026.  URL [][]$\OT1/pcr/m/n/10 https : / / arxiv . org /
 abs / 2507 .

)
[11] (./focused-theory.tex
Underfull \hbox (badness 10000) in paragraph at lines 43--49
[]\OT1/ptm/m/n/10 (+20) An isonor-mal pro-cess $\OML/cmm/m/it/10 W\OT1/cmr/m/n/
10 (\OML/cmm/m/it/10 f\OT1/cmr/m/n/10 )$ \OT1/ptm/m/n/10 (+20) has co-vari-ance


Underfull \hbox (badness 1062) in paragraph at lines 43--49
\OT1/ptm/m/n/10 (+20) ex-ist. Iden-tity co-vari-ance on infinite-dimensional $\
OML/cmm/m/it/10 H$


[12]

[13]
Underfull \hbox (badness 1019) in paragraph at lines 236--243
[]\OT1/ptm/m/n/10 (+20) Their $\OT1/cmr/m/n/10 5 \OMS/cmsy/m/n/10 ^^B \OT1/cmr/
m/n/10 5$ \OT1/ptm/m/n/10 (+20) Hilbert Gram fol-lows from in-te-grals of


Underfull \hbox (badness 3354) in paragraph at lines 279--291
\OT1/ptm/m/n/10 (+20) The score here is the max-i-mum over par-ti-cles of

Underfull \vbox (badness 4832) has occurred while \output is active
[14]) (./focused-experiments.tex
(./tables/registered-dictionary-replay.tex)
Underfull \vbox (badness 10000) has occurred while \output is active
[15]
Underfull \vbox (badness 10000) has occurred while \output is active
(./tables/continuous-gaussian-v2-detail.tex)
(./tables/continuous-gaussian-class-coverage.tex)
Underfull \vbox (badness 10000) has occurred while \output is active
[16 <./figures/phase-split-control.pdf>] (./tables/folded-ridge-review3.tex)
Underfull \vbox (badness 7595) has occurred while \output is active

Underfull \vbox (badness 7595) has occurred while \output is active
[17 <./figures/continuous-gaussian-v2.pdf>] (./tables/refitting-bias-detail.tex
)
Underfull \vbox (badness 10000) has occurred while \output is active
(./tables/breakdown-radii.tex) (./frozen-prediction-results.tex)
Underfull \vbox (badness 10000) has occurred while \output is active
[18] (./tables/reconstruction-slices.tex)
Underfull \hbox (badness 10000) in paragraph at lines 225--238
[]\OT1/ptm/m/n/10 (+20) A sep-a-rately de-clared ac-qui-si-tion pi-lot

Underfull \hbox (badness 10000) in paragraph at lines 225--238
\OT1/ptm/m/n/10 (+20) down-loaded one EMPIAR-10028 movie,

Underfull \hbox (badness 10000) in paragraph at lines 225--238
\OT1/pcr/m/n/10 Micrographs[]part2/004[]movie.mrcs\OT1/ptm/m/n/10 (+20) , with

Underfull \vbox (badness 10000) has occurred while \output is active
(./tables/raw-movie-diagnostics.tex))
[19] [20 <./figures/registered-reconstruction-fsc.pdf>] [21 <./figures/reconstr
uction-slices-10028.pdf>] [22 <./figures/reconstruction-slices-10049.pdf>]
[23 <./figures/reconstruction-slices-10076.pdf>] (./focused-survey.tex

Underfull \hbox (badness 4569) in paragraph at lines 34--35
 \OT1/ptm/b/n/10 (+20) Pose in-fer-ence ver-sus pose con-fi-dence. \OT1/ptm/m/n
/10 (+20) Posterior-

Underfull \vbox (badness 7944) has occurred while \output is active
[24]
Underfull \hbox (badness 2726) in paragraph at lines 40--41
[]\OT1/ptm/m/n/10 (+20) DynaMight's held-out de-for-ma-tion dis-agree-ment and

Underfull \vbox (badness 7944) has occurred while \output is active

Underfull \hbox (badness 1137) in paragraph at lines 48--49
 \OT1/ptm/b/n/10 (+20) In-vari-ant com-pres-sion and ther-mo-dy-namic tar-gets.


Underfull \hbox (badness 10000) in paragraph at lines 50--51
 \OT1/ptm/b/n/10 (+20) Atomic en-sem-bles and in-de-pen-dent modal-i-ties.

Underfull \hbox (badness 10000) in paragraph at lines 54--55
 \OT1/ptm/b/n/10 (+20) Si-mul-ta-ne-ous in-verse in-fer-ence. \OT1/ptm/m/n/10 (
+20) Con-strained test-

[25]
Underfull \hbox (badness 1675) in paragraph at lines 63--64
 \OT1/ptm/b/n/10 (+20) Align-ment at-ten-u-a-tion and con-di-tion-ing. \OT1/ptm
/m/n/10 (+20) Clas-si-cal

Underfull \hbox (badness 4254) in paragraph at lines 63--64
\OT1/ptm/m/n/10 (+20) and other imag-ing er-rors ([][]Jensen[][], [][]2001[][])
. Cross-

Underfull \hbox (badness 10000) in paragraph at lines 66--75
 \OT1/ptm/b/n/10 (+20) Ad-di-tional Gaus-sian and anisotropy con-text.

Underfull \hbox (badness 10000) in paragraph at lines 66--75
\OT1/ptm/m/n/10 (+20) Rendering-aware NIW pos-te-ri-ors ex-plic-itly de-pend

Underfull \hbox (badness 2245) in paragraph at lines 66--75
\OT1/ptm/m/n/10 (+20) atomic-fitting preprint ar-gues for anisotropic Fourier

) (./higher-moment-development.tex
Underfull \vbox (badness 10000) has occurred while \output is active
[26] (./tables/moment-mc-development.tex)

[27]
Underfull \vbox (badness 10000) has occurred while \output is active
(./view-variance-development.tex
[28]

Underfull \hbox (badness 1043) in paragraph at lines 101--107
\OT1/ptm/m/n/10 (+20) for 10049 are .43095/.44761 (power/combined) us-ing

Underfull \hbox (badness 1418) in paragraph at lines 108--116
\OT1/cmr/m/n/10 10[]$\OT1/ptm/m/n/10 (+20) /$\OT1/cmr/m/n/10 1\OML/cmm/m/it/10 
:\OT1/cmr/m/n/10 73 \OMS/cmsy/m/n/10 ^^B \OT1/cmr/m/n/10 10[]$\OT1/ptm/m/n/10 (
+20) , and the range terms are $\OT1/cmr/m/n/10 3\OML/cmm/m/it/10 :\OT1/cmr/m/n
/10 40 \OMS/cmsy/m/n/10 ^^B

Underfull \vbox (badness 10000) has occurred while \output is active
[29]
Underfull \hbox (badness 10000) in paragraph at lines 145--155
[]\OT1/ptm/m/n/10 (+20) Partitioning each law's in-de-pen-dent views into

Underfull \hbox (badness 4479) in paragraph at lines 145--155
\OT1/ptm/m/n/10 (+20) 64 dis-joint groups of 1,024 par-ti-cles gives ac-tual

Underfull \hbox (badness 3579) in paragraph at lines 145--155
\OT1/ptm/m/n/10 (+20) repeated-group out-comes. Across 648 correct-null

Underfull \hbox (badness 1540) in paragraph at lines 145--155
\OT1/ptm/m/n/10 (+20) method/law/amplitude/score cells, the largest re-jected
))

[30] (./main.aux) ) )
(see the transcript file for additional information)</usr/local/texlive/2025/te
xmf-dist/fonts/type1/public/amsfonts/cm/cmbx10.pfb></usr/local/texlive/2025/tex
mf-dist/fonts/type1/public/amsfonts/cm/cmex10.pfb></usr/local/texlive/2025/texm
f-dist/fonts/type1/public/amsfonts/cmextra/cmex7.pfb></usr/local/texlive/2025/t
exmf-dist/fonts/type1/public/amsfonts/cm/cmmi10.pfb></usr/local/texlive/2025/te
xmf-dist/fonts/type1/public/amsfonts/cm/cmmi5.pfb></usr/local/texlive/2025/texm
f-dist/fonts/type1/public/amsfonts/cm/cmmi7.pfb></usr/local/texlive/2025/texmf-
dist/fonts/type1/public/amsfonts/cm/cmmi9.pfb></usr/local/texlive/2025/texmf-di
st/fonts/type1/public/amsfonts/cm/cmr10.pfb></usr/local/texlive/2025/texmf-dist
/fonts/type1/public/amsfonts/cm/cmr5.pfb></usr/local/texlive/2025/texmf-dist/fo
nts/type1/public/amsfonts/cm/cmr6.pfb></usr/local/texlive/2025/texmf-dist/fonts
/type1/public/amsfonts/cm/cmr7.pfb></usr/local/texlive/2025/texmf-dist/fonts/ty
pe1/public/amsfonts/cm/cmr9.pfb></usr/local/texlive/2025/texmf-dist/fonts/type1
/public/amsfonts/cm/cmsy10.pfb></usr/local/texlive/2025/texmf-dist/fonts/type1/
public/amsfonts/cm/cmsy5.pfb></usr/local/texlive/2025/texmf-dist/fonts/type1/pu
blic/amsfonts/cm/cmsy6.pfb></usr/local/texlive/2025/texmf-dist/fonts/type1/publ
ic/amsfonts/cm/cmsy7.pfb></usr/local/texlive/2025/texmf-dist/fonts/type1/public
/amsfonts/cm/cmsy9.pfb></usr/local/texlive/2025/texmf-dist/fonts/type1/public/a
msfonts/symbols/msbm10.pfb></usr/local/texlive/2025/texmf-dist/fonts/type1/publ
ic/amsfonts/symbols/msbm7.pfb></usr/local/texlive/2025/texmf-dist/fonts/type1/u
rw/courier/ucrr8a.pfb></usr/local/texlive/2025/texmf-dist/fonts/type1/urw/times
/utmb8a.pfb></usr/local/texlive/2025/texmf-dist/fonts/type1/urw/times/utmr8a.pf
b></usr/local/texlive/2025/texmf-dist/fonts/type1/urw/times/utmri8a.pfb>
Output written on main.pdf (30 pages, 974244 bytes).
Transcript written on main.log.
